<html>
<body>
<pre>
<h1>µVision Build Log</h1>
<h2>Tool Versions:</h2>
IDE-Version: •ÏVision V5.27.1.0
Copyright (C) 2019 ARM Ltd and ARM Germany GmbH. All rights reserved.
License Information: K K, K, LIC=GMZI6-D7VYF-NNCAF-64RXZ-D2AW9-0ALG2
 
Tool Versions:
Toolchain:       MDK-ARM Plus  Version: 5.36.0.0
Toolchain Path:  C:\Keil_v5\ARM\ARMCC\Bin
C Compiler:      Armcc.exe V5.06 update 7 (build 960)
Assembler:       Armasm.exe V5.06 update 7 (build 960)
Linker/Locator:  ArmLink.exe V5.06 update 7 (build 960)
Library Manager: ArmAr.exe V5.06 update 7 (build 960)
Hex Converter:   FromElf.exe V5.06 update 7 (build 960)
CPU DLL:         SARMCM3.DLL V5.36.0.0
Dialog DLL:      DARMCM1.DLL V1.19.4.0
Target DLL:      Nu_Link.dll V3.07
Dialog DLL:      TARMCM1.DLL V1.14.4.0
 
<h2>Project:</h2>
D:\NUVOTON\M480_BSP_CMSIS_V3.05.001\LwIP_HID_Server\KEIL\LwIP_HID_Server.uvproj
Project File Date:  08/17/2022

<h2>Output:</h2>
*** Using Compiler 'V5.06 update 7 (build 960)', folder: 'C:\Keil_v5\ARM\ARMCC\Bin'
Build target 'LwIP_TCP_HID_Server'
Clean started - Project: 'LwIP_HID_Server'
   deleting intermediate output files for target 'LwIP_TCP_HID_Server'
compiling system_M480.c...
assembling startup_M480.s...
compiling main.c...
compiling tcp_echoserver-netconn.c...
compiling descriptors.c...
compiling hid_kb.c...
compiling list.c...
compiling queue.c...
compiling tasks.c...
compiling timers.c...
compiling port.c...
compiling heap_2.c...
compiling GenQTest.c...
compiling PollQ.c...
compiling QueueSet.c...
compiling semtest.c...
compiling clk.c...
compiling retarget.c...
compiling sys.c...
compiling uart.c...
compiling usbd.c...
compiling def.c...
compiling dns.c...
compiling inet_chksum.c...
compiling init.c...
compiling ip.c...
compiling mem.c...
compiling memp.c...
compiling netif.c...
compiling pbuf.c...
compiling raw.c...
compiling stats.c...
compiling sys_lwip.c...
compiling tcp.c...
compiling tcp_in.c...
compiling tcp_out.c...
compiling timeouts.c...
compiling udp.c...
compiling autoip.c...
compiling dhcp.c...
compiling etharp.c...
compiling icmp.c...
compiling igmp.c...
compiling ip4.c...
compiling ip4_addr.c...
compiling ip4_frag.c...
compiling api_lib.c...
compiling api_msg.c...
compiling err.c...
compiling netbuf.c...
compiling netdb.c...
compiling netifapi.c...
compiling sockets.c...
compiling tcpip.c...
compiling ethernet.c...
compiling sys_arch.c...
compiling time_stamp.c...
compiling ethernetif.c...
compiling m480_eth.c...
linking...
Program Size: Code=66124 RO-data=1456 RW-data=848 ZI-data=61272  
".\obj\LwIP_TCP_EchoServer.axf" - 0 Error(s), 0 Warning(s).

*** Performing Cross-Module-Optimization:
compiling system_M480.c...
compiling main.c...
compiling descriptors.c...
compiling hid_kb.c...
compiling queue.c...
compiling tasks.c...
compiling timers.c...
compiling port.c...
compiling heap_2.c...
compiling GenQTest.c...
compiling PollQ.c...
compiling QueueSet.c...
compiling semtest.c...
compiling clk.c...
compiling retarget.c...
compiling sys.c...
compiling uart.c...
compiling usbd.c...
compiling def.c...
compiling inet_chksum.c...
compiling mem.c...
compiling memp.c...
compiling netif.c...
compiling pbuf.c...
compiling sys_lwip.c...
compiling tcp.c...
compiling timeouts.c...
compiling etharp.c...
compiling ip4.c...
compiling ip4_addr.c...
compiling api_lib.c...
compiling err.c...
compiling netbuf.c...
compiling sockets.c...
compiling tcpip.c...
compiling sys_arch.c...
compiling time_stamp.c...
compiling ethernetif.c...
compiling m480_eth.c...
linking...
Program Size: Code=57092 RO-data=1352 RW-data=848 ZI-data=61256  
compiling system_M480.c...
compiling main.c...
compiling descriptors.c...
compiling hid_kb.c...
compiling queue.c...
compiling tasks.c...
compiling timers.c...
compiling port.c...
compiling heap_2.c...
compiling GenQTest.c...
compiling PollQ.c...
compiling QueueSet.c...
compiling semtest.c...
compiling clk.c...
compiling retarget.c...
compiling sys.c...
compiling uart.c...
compiling usbd.c...
compiling def.c...
compiling inet_chksum.c...
compiling mem.c...
compiling memp.c...
compiling netif.c...
compiling pbuf.c...
compiling sys_lwip.c...
compiling tcp.c...
compiling timeouts.c...
compiling etharp.c...
compiling ip4.c...
compiling ip4_addr.c...
compiling api_lib.c...
compiling err.c...
compiling netbuf.c...
compiling sockets.c...
compiling tcpip.c...
compiling sys_arch.c...
compiling time_stamp.c...
compiling ethernetif.c...
compiling m480_eth.c...
linking...
Program Size: Code=57092 RO-data=1352 RW-data=848 ZI-data=61256  
FromELF: creating hex file...
After Build - User command #1: fromelf --bin ".\obj\LwIP_TCP_EchoServer.axf" --output ".\obj\LwIP_TCP_EchoServer.bin"
After Build - User command #2: fromelf --text -c ".\obj\LwIP_TCP_EchoServer.axf" --output ".\obj\LwIP_TCP_EchoServer.txt"
".\obj\LwIP_TCP_EchoServer.axf" - 0 Error(s), 0 Warning(s).
*** Completed Cross-Module-Optimization after 3 iteration(s).
Build Time Elapsed:  00:01:45
</pre>
</body>
</html>
