<!doctype html public "-//w3c//dtd html 4.0 transitional//en">
<html><head>
<title>Static Call Graph - [.\obj\LwIP_TCP_EchoServer.axf]</title></head>
<body><HR>
<H1>Static Call Graph for image .\obj\LwIP_TCP_EchoServer.axf</H1><HR>
<BR><P>#&#060CALLGRAPH&#062# ARM Linker, 5060960: Last Updated: Wed Aug 17 16:38:10 2022
<BR><P>
<H3>Maximum Stack Usage =        816 bytes + Unknown(Cycles, Untraceable Function Pointers)</H3><H3>
Call chain for Maximum Stack Depth:</H3>
ethernet_input &rArr; ip4_input &rArr; tcp_input &rArr; tcp_listen_input &rArr; tcp_alloc &rArr; tcp_kill_state &rArr; tcp_abandon &rArr; tcp_pcb_remove &rArr; tcp_output &rArr; tcp_output_segment &rArr; ip4_output_if &rArr; ip4_output_if_src &rArr; ip4_frag &rArr; pbuf_alloc &rArr; pbuf_pool_is_empty &rArr; tcpip_callback_with_block &rArr; sys_mbox_post &rArr; xQueueGenericSend &rArr; xTaskResumeAll &rArr; xTaskIncrementTick &rArr; vApplicationTickHook &rArr; vQueueSetAccessQueueSetFromISR &rArr; prvSendToQueueInSetFromISR &rArr; xQueueGenericSendFromISR &rArr; prvNotifyQueueSetContainer &rArr; prvCopyDataToQueue &rArr; xTaskPriorityDisinherit
<P>
<H3>
Mutually Recursive functions
</H3> <LI><a href="#[1]">NMI_Handler</a>&nbsp;&nbsp;&nbsp;&rArr;&nbsp;&nbsp;&nbsp;<a href="#[1]">NMI_Handler</a><BR>
 <LI><a href="#[3]">MemManage_Handler</a>&nbsp;&nbsp;&nbsp;&rArr;&nbsp;&nbsp;&nbsp;<a href="#[3]">MemManage_Handler</a><BR>
 <LI><a href="#[4]">BusFault_Handler</a>&nbsp;&nbsp;&nbsp;&rArr;&nbsp;&nbsp;&nbsp;<a href="#[4]">BusFault_Handler</a><BR>
 <LI><a href="#[5]">UsageFault_Handler</a>&nbsp;&nbsp;&nbsp;&rArr;&nbsp;&nbsp;&nbsp;<a href="#[5]">UsageFault_Handler</a><BR>
 <LI><a href="#[7]">DebugMon_Handler</a>&nbsp;&nbsp;&nbsp;&rArr;&nbsp;&nbsp;&nbsp;<a href="#[7]">DebugMon_Handler</a><BR>
 <LI><a href="#[1e0]">netconn_drain</a>&nbsp;&nbsp;&nbsp;&rArr;&nbsp;&nbsp;&nbsp;<a href="#[1e0]">netconn_drain</a><BR>
 <LI><a href="#[f]">Default_Handler</a>&nbsp;&nbsp;&nbsp;&rArr;&nbsp;&nbsp;&nbsp;<a href="#[f]">Default_Handler</a><BR>
</UL>
<P>
<H3>
Function Pointers
</H3><UL>
 <LI><a href="#[36]">ACMP01_IRQHandler</a> from startup_m480.o(.text) referenced from startup_m480.o(RESET)
 <LI><a href="#[a]">BOD_IRQHandler</a> from startup_m480.o(.text) referenced from startup_m480.o(RESET)
 <LI><a href="#[54]">BPWM0_IRQHandler</a> from startup_m480.o(.text) referenced from startup_m480.o(RESET)
 <LI><a href="#[55]">BPWM1_IRQHandler</a> from startup_m480.o(.text) referenced from startup_m480.o(RESET)
 <LI><a href="#[22]">BRAKE0_IRQHandler</a> from startup_m480.o(.text) referenced from startup_m480.o(RESET)
 <LI><a href="#[26]">BRAKE1_IRQHandler</a> from startup_m480.o(.text) referenced from startup_m480.o(RESET)
 <LI><a href="#[4]">BusFault_Handler</a> from startup_m480.o(.text) referenced from startup_m480.o(RESET)
 <LI><a href="#[41]">CAN0_IRQHandler</a> from startup_m480.o(.text) referenced from startup_m480.o(RESET)
 <LI><a href="#[42]">CAN1_IRQHandler</a> from startup_m480.o(.text) referenced from startup_m480.o(RESET)
 <LI><a href="#[69]">CAN2_IRQHandler</a> from startup_m480.o(.text) referenced from startup_m480.o(RESET)
 <LI><a href="#[57]">CCAP_IRQHandler</a> from startup_m480.o(.text) referenced from startup_m480.o(RESET)
 <LI><a href="#[e]">CKFAIL_IRQHandler</a> from startup_m480.o(.text) referenced from startup_m480.o(RESET)
 <LI><a href="#[4d]">CRYPTO_IRQHandler</a> from startup_m480.o(.text) referenced from startup_m480.o(RESET)
 <LI><a href="#[33]">DAC_IRQHandler</a> from startup_m480.o(.text) referenced from startup_m480.o(RESET)
 <LI><a href="#[7]">DebugMon_Handler</a> from startup_m480.o(.text) referenced from startup_m480.o(RESET)
 <LI><a href="#[f]">Default_Handler</a> from startup_m480.o(.text) referenced 14 times from startup_m480.o(RESET)
 <LI><a href="#[34]">EADC00_IRQHandler</a> from startup_m480.o(.text) referenced from startup_m480.o(RESET)
 <LI><a href="#[35]">EADC01_IRQHandler</a> from startup_m480.o(.text) referenced from startup_m480.o(RESET)
 <LI><a href="#[37]">EADC02_IRQHandler</a> from startup_m480.o(.text) referenced from startup_m480.o(RESET)
 <LI><a href="#[38]">EADC03_IRQHandler</a> from startup_m480.o(.text) referenced from startup_m480.o(RESET)
 <LI><a href="#[65]">EADC10_IRQHandler</a> from startup_m480.o(.text) referenced from startup_m480.o(RESET)
 <LI><a href="#[66]">EADC11_IRQHandler</a> from startup_m480.o(.text) referenced from startup_m480.o(RESET)
 <LI><a href="#[67]">EADC12_IRQHandler</a> from startup_m480.o(.text) referenced from startup_m480.o(RESET)
 <LI><a href="#[68]">EADC13_IRQHandler</a> from startup_m480.o(.text) referenced from startup_m480.o(RESET)
 <LI><a href="#[5b]">ECAP0_IRQHandler</a> from startup_m480.o(.text) referenced from startup_m480.o(RESET)
 <LI><a href="#[5c]">ECAP1_IRQHandler</a> from startup_m480.o(.text) referenced from startup_m480.o(RESET)
 <LI><a href="#[60]">EHCI_IRQHandler</a> from startup_m480.o(.text) referenced from startup_m480.o(RESET)
 <LI><a href="#[14]">EINT0_IRQHandler</a> from startup_m480.o(.text) referenced from startup_m480.o(RESET)
 <LI><a href="#[15]">EINT1_IRQHandler</a> from startup_m480.o(.text) referenced from startup_m480.o(RESET)
 <LI><a href="#[16]">EINT2_IRQHandler</a> from startup_m480.o(.text) referenced from startup_m480.o(RESET)
 <LI><a href="#[17]">EINT3_IRQHandler</a> from startup_m480.o(.text) referenced from startup_m480.o(RESET)
 <LI><a href="#[18]">EINT4_IRQHandler</a> from startup_m480.o(.text) referenced from startup_m480.o(RESET)
 <LI><a href="#[19]">EINT5_IRQHandler</a> from startup_m480.o(.text) referenced from startup_m480.o(RESET)
 <LI><a href="#[4f]">EINT6_IRQHandler</a> from startup_m480.o(.text) referenced from startup_m480.o(RESET)
 <LI><a href="#[5e]">EINT7_IRQHandler</a> from startup_m480.o(.text) referenced from startup_m480.o(RESET)
 <LI><a href="#[4a]">EMAC_RX_IRQHandler</a> from m480_eth.o(.text) referenced from startup_m480.o(RESET)
 <LI><a href="#[49]">EMAC_TX_IRQHandler</a> from m480_eth.o(.text) referenced from startup_m480.o(RESET)
 <LI><a href="#[23]">EPWM0P0_IRQHandler</a> from startup_m480.o(.text) referenced from startup_m480.o(RESET)
 <LI><a href="#[24]">EPWM0P1_IRQHandler</a> from startup_m480.o(.text) referenced from startup_m480.o(RESET)
 <LI><a href="#[25]">EPWM0P2_IRQHandler</a> from startup_m480.o(.text) referenced from startup_m480.o(RESET)
 <LI><a href="#[27]">EPWM1P0_IRQHandler</a> from startup_m480.o(.text) referenced from startup_m480.o(RESET)
 <LI><a href="#[28]">EPWM1P1_IRQHandler</a> from startup_m480.o(.text) referenced from startup_m480.o(RESET)
 <LI><a href="#[29]">EPWM1P2_IRQHandler</a> from startup_m480.o(.text) referenced from startup_m480.o(RESET)
 <LI><a href="#[1a]">GPA_IRQHandler</a> from startup_m480.o(.text) referenced from startup_m480.o(RESET)
 <LI><a href="#[1b]">GPB_IRQHandler</a> from startup_m480.o(.text) referenced from startup_m480.o(RESET)
 <LI><a href="#[1c]">GPC_IRQHandler</a> from startup_m480.o(.text) referenced from startup_m480.o(RESET)
 <LI><a href="#[1d]">GPD_IRQHandler</a> from startup_m480.o(.text) referenced from startup_m480.o(RESET)
 <LI><a href="#[1e]">GPE_IRQHandler</a> from startup_m480.o(.text) referenced from startup_m480.o(RESET)
 <LI><a href="#[1f]">GPF_IRQHandler</a> from startup_m480.o(.text) referenced from startup_m480.o(RESET)
 <LI><a href="#[4e]">GPG_IRQHandler</a> from startup_m480.o(.text) referenced from startup_m480.o(RESET)
 <LI><a href="#[5d]">GPH_IRQHandler</a> from startup_m480.o(.text) referenced from startup_m480.o(RESET)
 <LI><a href="#[70]">HID_ClassRequest</a> from hid_kb.o(.text) referenced from main.o(.text)
 <LI><a href="#[2]">HardFault_Handler</a> from retarget.o(.emb_text) referenced from startup_m480.o(RESET)
 <LI><a href="#[6b]">Hard_Fault_Handler</a> from retarget.o(.text) referenced from retarget.o(.emb_text)
 <LI><a href="#[30]">I2C0_IRQHandler</a> from startup_m480.o(.text) referenced from startup_m480.o(RESET)
 <LI><a href="#[31]">I2C1_IRQHandler</a> from startup_m480.o(.text) referenced from startup_m480.o(RESET)
 <LI><a href="#[58]">I2C2_IRQHandler</a> from startup_m480.o(.text) referenced from startup_m480.o(RESET)
 <LI><a href="#[4b]">I2S0_IRQHandler</a> from startup_m480.o(.text) referenced from startup_m480.o(RESET)
 <LI><a href="#[b]">IRC_IRQHandler</a> from startup_m480.o(.text) referenced from startup_m480.o(RESET)
 <LI><a href="#[3]">MemManage_Handler</a> from startup_m480.o(.text) referenced from startup_m480.o(RESET)
 <LI><a href="#[1]">NMI_Handler</a> from startup_m480.o(.text) referenced from startup_m480.o(RESET)
 <LI><a href="#[3f]">OHCI_IRQHandler</a> from startup_m480.o(.text) referenced from startup_m480.o(RESET)
 <LI><a href="#[4c]">OPA0_IRQHandler</a> from startup_m480.o(.text) referenced from startup_m480.o(RESET)
 <LI><a href="#[32]">PDMA_IRQHandler</a> from startup_m480.o(.text) referenced from startup_m480.o(RESET)
 <LI><a href="#[c]">PWRWU_IRQHandler</a> from startup_m480.o(.text) referenced from startup_m480.o(RESET)
 <LI><a href="#[8]">PendSV_Handler</a> from port.o(.emb_text) referenced from startup_m480.o(RESET)
 <LI><a href="#[59]">QEI0_IRQHandler</a> from startup_m480.o(.text) referenced from startup_m480.o(RESET)
 <LI><a href="#[5a]">QEI1_IRQHandler</a> from startup_m480.o(.text) referenced from startup_m480.o(RESET)
 <LI><a href="#[20]">QSPI0_IRQHandler</a> from startup_m480.o(.text) referenced from startup_m480.o(RESET)
 <LI><a href="#[3b]">QSPI1_IRQHandler</a> from startup_m480.o(.text) referenced from startup_m480.o(RESET)
 <LI><a href="#[d]">RAMPE_IRQHandler</a> from startup_m480.o(.text) referenced from startup_m480.o(RESET)
 <LI><a href="#[10]">RTC_IRQHandler</a> from startup_m480.o(.text) referenced from startup_m480.o(RESET)
 <LI><a href="#[0]">Reset_Handler</a> from startup_m480.o(.text) referenced from startup_m480.o(RESET)
 <LI><a href="#[43]">SC0_IRQHandler</a> from startup_m480.o(.text) referenced from startup_m480.o(RESET)
 <LI><a href="#[44]">SC1_IRQHandler</a> from startup_m480.o(.text) referenced from startup_m480.o(RESET)
 <LI><a href="#[45]">SC2_IRQHandler</a> from startup_m480.o(.text) referenced from startup_m480.o(RESET)
 <LI><a href="#[47]">SDH0_IRQHandler</a> from startup_m480.o(.text) referenced from startup_m480.o(RESET)
 <LI><a href="#[5f]">SDH1_IRQHandler</a> from startup_m480.o(.text) referenced from startup_m480.o(RESET)
 <LI><a href="#[21]">SPI0_IRQHandler</a> from startup_m480.o(.text) referenced from startup_m480.o(RESET)
 <LI><a href="#[3c]">SPI1_IRQHandler</a> from startup_m480.o(.text) referenced from startup_m480.o(RESET)
 <LI><a href="#[3d]">SPI2_IRQHandler</a> from startup_m480.o(.text) referenced from startup_m480.o(RESET)
 <LI><a href="#[46]">SPI3_IRQHandler</a> from startup_m480.o(.text) referenced from startup_m480.o(RESET)
 <LI><a href="#[56]">SPIM_IRQHandler</a> from startup_m480.o(.text) referenced from startup_m480.o(RESET)
 <LI><a href="#[6]">SVC_Handler</a> from port.o(.emb_text) referenced from startup_m480.o(RESET)
 <LI><a href="#[9]">SysTick_Handler</a> from port.o(.text) referenced from startup_m480.o(RESET)
 <LI><a href="#[6c]">SystemInit</a> from system_m480.o(.text) referenced from startup_m480.o(.text)
 <LI><a href="#[11]">TAMPER_IRQHandler</a> from startup_m480.o(.text) referenced from startup_m480.o(RESET)
 <LI><a href="#[2a]">TMR0_IRQHandler</a> from startup_m480.o(.text) referenced from startup_m480.o(RESET)
 <LI><a href="#[2b]">TMR1_IRQHandler</a> from startup_m480.o(.text) referenced from startup_m480.o(RESET)
 <LI><a href="#[2c]">TMR2_IRQHandler</a> from startup_m480.o(.text) referenced from startup_m480.o(RESET)
 <LI><a href="#[2d]">TMR3_IRQHandler</a> from startup_m480.o(.text) referenced from startup_m480.o(RESET)
 <LI><a href="#[62]">TRNG_IRQHandler</a> from startup_m480.o(.text) referenced from startup_m480.o(RESET)
 <LI><a href="#[2e]">UART0_IRQHandler</a> from startup_m480.o(.text) referenced from startup_m480.o(RESET)
 <LI><a href="#[2f]">UART1_IRQHandler</a> from startup_m480.o(.text) referenced from startup_m480.o(RESET)
 <LI><a href="#[39]">UART2_IRQHandler</a> from startup_m480.o(.text) referenced from startup_m480.o(RESET)
 <LI><a href="#[3a]">UART3_IRQHandler</a> from startup_m480.o(.text) referenced from startup_m480.o(RESET)
 <LI><a href="#[50]">UART4_IRQHandler</a> from startup_m480.o(.text) referenced from startup_m480.o(RESET)
 <LI><a href="#[51]">UART5_IRQHandler</a> from startup_m480.o(.text) referenced from startup_m480.o(RESET)
 <LI><a href="#[63]">UART6_IRQHandler</a> from startup_m480.o(.text) referenced from startup_m480.o(RESET)
 <LI><a href="#[64]">UART7_IRQHandler</a> from startup_m480.o(.text) referenced from startup_m480.o(RESET)
 <LI><a href="#[48]">USBD20_IRQHandler</a> from startup_m480.o(.text) referenced from startup_m480.o(RESET)
 <LI><a href="#[3e]">USBD_IRQHandler</a> from hid_kb.o(.text) referenced from startup_m480.o(RESET)
 <LI><a href="#[61]">USBOTG20_IRQHandler</a> from startup_m480.o(.text) referenced from startup_m480.o(RESET)
 <LI><a href="#[40]">USBOTG_IRQHandler</a> from startup_m480.o(.text) referenced from startup_m480.o(RESET)
 <LI><a href="#[52]">USCI0_IRQHandler</a> from startup_m480.o(.text) referenced from startup_m480.o(RESET)
 <LI><a href="#[53]">USCI1_IRQHandler</a> from startup_m480.o(.text) referenced from startup_m480.o(RESET)
 <LI><a href="#[5]">UsageFault_Handler</a> from startup_m480.o(.text) referenced from startup_m480.o(RESET)
 <LI><a href="#[12]">WDT_IRQHandler</a> from startup_m480.o(.text) referenced from startup_m480.o(RESET)
 <LI><a href="#[13]">WWDT_IRQHandler</a> from startup_m480.o(.text) referenced from startup_m480.o(RESET)
 <LI><a href="#[6d]">__main</a> from entry.o(.ARM.Collect$$$$00000000) referenced from startup_m480.o(.text)
 <LI><a href="#[93]">accept_function</a> from api_msg.o(.text) referenced from api_msg.o(.text)
 <LI><a href="#[84]">cyclic_timer</a> from timeouts.o(.text) referenced from timeouts.o(.text)
 <LI><a href="#[8f]">err_tcp</a> from api_msg.o(.text) referenced from api_msg.o(.text)
 <LI><a href="#[97]">etharp_output</a> from etharp.o(.text) referenced from ethernetif.o(.text)
 <LI><a href="#[9c]">etharp_tmr</a> from etharp.o(.text) referenced from timeouts.o(.constdata)
 <LI><a href="#[94]">ethernet_input</a> from ethernet.o(.text) referenced from tcpip.o(.text)
 <LI><a href="#[6f]">ethernetif_init</a> from ethernetif.o(.text) referenced from main.o(.text)
 <LI><a href="#[99]">fputc</a> from retarget.o(.text) referenced from printf5.o(i.__0printf$5)
 <LI><a href="#[71]">hid_usb_thread</a> from hid_kb.o(.text) referenced from main.o(.text)
 <LI><a href="#[95]">ip4_input</a> from ip4.o(.text) referenced from tcpip.o(.text)
 <LI><a href="#[9b]">ip_reass_tmr</a> from ip4_frag.o(.text) referenced from timeouts.o(.constdata)
 <LI><a href="#[85]">ipfrag_free_pbuf_custom</a> from ip4_frag.o(.text) referenced from ip4_frag.o(.text)
 <LI><a href="#[98]">low_level_output</a> from ethernetif.o(.text) referenced from ethernetif.o(.text)
 <LI><a href="#[88]">lwip_netconn_do_bind</a> from api_msg.o(.text) referenced from api_lib.o(.text)
 <LI><a href="#[8a]">lwip_netconn_do_close</a> from api_msg.o(.text) referenced from api_lib.o(.text)
 <LI><a href="#[92]">lwip_netconn_do_connected</a> from api_msg.o(.text) referenced from api_msg.o(.text)
 <LI><a href="#[87]">lwip_netconn_do_delconn</a> from api_msg.o(.text) referenced from api_lib.o(.text)
 <LI><a href="#[89]">lwip_netconn_do_listen</a> from api_msg.o(.text) referenced from api_lib.o(.text)
 <LI><a href="#[86]">lwip_netconn_do_newconn</a> from api_msg.o(.text) referenced from api_lib.o(.text)
 <LI><a href="#[8b]">lwip_netconn_do_recv</a> from api_msg.o(.text) referenced from api_lib.o(.text)
 <LI><a href="#[8c]">lwip_netconn_do_write</a> from api_msg.o(.text) referenced from api_lib.o(.text)
 <LI><a href="#[6a]">main</a> from main.o(.text) referenced from entry9a.o(.ARM.Collect$$$$0000000B)
 <LI><a href="#[81]">pbuf_free_ooseq_callback</a> from pbuf.o(.text) referenced from pbuf.o(.text)
 <LI><a href="#[8e]">poll_tcp</a> from api_msg.o(.text) referenced from api_msg.o(.text)
 <LI><a href="#[7b]">prvHighPriorityMutexTask</a> from genqtest.o(.text) referenced from genqtest.o(.text)
 <LI><a href="#[75]">prvIdleTask</a> from tasks.o(.text) referenced from tasks.o(.text)
 <LI><a href="#[79]">prvLowPriorityMutexTask</a> from genqtest.o(.text) referenced from genqtest.o(.text)
 <LI><a href="#[7a]">prvMediumPriorityMutexTask</a> from genqtest.o(.text) referenced from genqtest.o(.text)
 <LI><a href="#[7f]">prvQueueSetReceivingTask</a> from queueset.o(.text) referenced from queueset.o(.text)
 <LI><a href="#[7e]">prvQueueSetSendingTask</a> from queueset.o(.text) referenced from queueset.o(.text)
 <LI><a href="#[80]">prvSemaphoreTest</a> from semtest.o(.text) referenced from semtest.o(.text)
 <LI><a href="#[78]">prvSendFrontAndBackTest</a> from genqtest.o(.text) referenced from genqtest.o(.text)
 <LI><a href="#[77]">prvTaskExitError</a> from port.o(.text) referenced from port.o(.text)
 <LI><a href="#[76]">prvTimerTask</a> from timers.o(.text) referenced from timers.o(.text)
 <LI><a href="#[90]">recv_tcp</a> from api_msg.o(.text) referenced from api_msg.o(.text)
 <LI><a href="#[91]">recv_udp</a> from api_msg.o(.text) referenced from api_msg.o(.text)
 <LI><a href="#[8d]">sent_tcp</a> from api_msg.o(.text) referenced from api_msg.o(.text)
 <LI><a href="#[82]">tcp_accept_null</a> from tcp.o(.text) referenced from tcp.o(.text)
 <LI><a href="#[74]">tcp_echoserver_netconn_thread</a> from tcp_echoserver-netconn.o(.text) referenced from tcp_echoserver-netconn.o(.text)
 <LI><a href="#[17b]">tcp_recv_null</a> from tcp.o(.text) referenced from tcp.o(.text)
 <LI><a href="#[9a]">tcp_tmr</a> from tcp.o(.text) referenced from timeouts.o(.constdata)
 <LI><a href="#[6e]">tcpip_input</a> from tcpip.o(.text) referenced from main.o(.text)
 <LI><a href="#[83]">tcpip_tcp_timer</a> from timeouts.o(.text) referenced from timeouts.o(.text)
 <LI><a href="#[96]">tcpip_thread</a> from tcpip.o(.text) referenced from tcpip.o(.text)
 <LI><a href="#[7c]">vPolledQueueConsumer</a> from pollq.o(.text) referenced from pollq.o(.text)
 <LI><a href="#[7d]">vPolledQueueProducer</a> from pollq.o(.text) referenced from pollq.o(.text)
 <LI><a href="#[73]">vTcpTask</a> from main.o(.text) referenced from main.o(.text)
 <LI><a href="#[72]">vUsbTask</a> from main.o(.text) referenced from main.o(.text)
</UL>
<P>
<H3>
Global Symbols
</H3>
<P><STRONG><a name="[6d]"></a>__main</STRONG> (Thumb, 0 bytes, Stack size unknown bytes, entry.o(.ARM.Collect$$$$00000000))
<BR>[Address Reference Count : 1]<UL><LI> startup_m480.o(.text)
</UL>
<P><STRONG><a name="[200]"></a>_main_stk</STRONG> (Thumb, 0 bytes, Stack size unknown bytes, entry2.o(.ARM.Collect$$$$00000001))

<P><STRONG><a name="[9f]"></a>_main_scatterload</STRONG> (Thumb, 0 bytes, Stack size unknown bytes, entry5.o(.ARM.Collect$$$$00000004))
<BR><BR>[Calls]<UL><LI><a href="#[a0]">&gt;&gt;</a>&nbsp;&nbsp;&nbsp;__scatterload
</UL>

<P><STRONG><a name="[1fc]"></a>__main_after_scatterload</STRONG> (Thumb, 0 bytes, Stack size unknown bytes, entry5.o(.ARM.Collect$$$$00000004))
<BR><BR>[Called By]<UL><LI><a href="#[a0]">&gt;&gt;</a>&nbsp;&nbsp;&nbsp;__scatterload
</UL>

<P><STRONG><a name="[201]"></a>_main_clock</STRONG> (Thumb, 0 bytes, Stack size unknown bytes, entry7b.o(.ARM.Collect$$$$00000008))

<P><STRONG><a name="[202]"></a>_main_cpp_init</STRONG> (Thumb, 0 bytes, Stack size unknown bytes, entry8b.o(.ARM.Collect$$$$0000000A))

<P><STRONG><a name="[203]"></a>_main_init</STRONG> (Thumb, 0 bytes, Stack size unknown bytes, entry9a.o(.ARM.Collect$$$$0000000B))

<P><STRONG><a name="[204]"></a>__rt_lib_shutdown_fini</STRONG> (Thumb, 0 bytes, Stack size unknown bytes, entry12b.o(.ARM.Collect$$$$0000000E))

<P><STRONG><a name="[205]"></a>__rt_final_cpp</STRONG> (Thumb, 0 bytes, Stack size unknown bytes, entry10a.o(.ARM.Collect$$$$0000000F))

<P><STRONG><a name="[206]"></a>__rt_final_exit</STRONG> (Thumb, 0 bytes, Stack size unknown bytes, entry11a.o(.ARM.Collect$$$$00000011))

<P><STRONG><a name="[6]"></a>SVC_Handler</STRONG> (Thumb, 28 bytes, Stack size 0 bytes, port.o(.emb_text))
<BR>[Address Reference Count : 1]<UL><LI> startup_m480.o(RESET)
</UL>
<P><STRONG><a name="[124]"></a>__asm___6_port_c_39a90d8d__prvStartFirstTask</STRONG> (Thumb, 36 bytes, Stack size 0 bytes, port.o(.emb_text))
<BR><BR>[Called By]<UL><LI><a href="#[115]">&gt;&gt;</a>&nbsp;&nbsp;&nbsp;xPortStartScheduler
</UL>

<P><STRONG><a name="[123]"></a>__asm___6_port_c_39a90d8d__prvEnableVFP</STRONG> (Thumb, 16 bytes, Stack size 0 bytes, port.o(.emb_text))
<BR><BR>[Called By]<UL><LI><a href="#[115]">&gt;&gt;</a>&nbsp;&nbsp;&nbsp;xPortStartScheduler
</UL>

<P><STRONG><a name="[8]"></a>PendSV_Handler</STRONG> (Thumb, 88 bytes, Stack size 0 bytes, port.o(.emb_text))
<BR><BR>[Stack]<UL><LI>Max Depth = 8<LI>Call Chain = PendSV_Handler &rArr; vTaskSwitchContext
</UL>
<BR>[Calls]<UL><LI><a href="#[a1]">&gt;&gt;</a>&nbsp;&nbsp;&nbsp;vTaskSwitchContext
</UL>
<BR>[Address Reference Count : 1]<UL><LI> startup_m480.o(RESET)
</UL>
<P><STRONG><a name="[125]"></a>vPortGetIPSR</STRONG> (Thumb, 6 bytes, Stack size 0 bytes, port.o(.emb_text))
<BR><BR>[Called By]<UL><LI><a href="#[f5]">&gt;&gt;</a>&nbsp;&nbsp;&nbsp;vPortValidateInterruptPriority
</UL>

<P><STRONG><a name="[2]"></a>HardFault_Handler</STRONG> (Thumb, 24 bytes, Stack size 0 bytes, retarget.o(.emb_text))
<BR>[Address Reference Count : 1]<UL><LI> startup_m480.o(RESET)
</UL>
<P><STRONG><a name="[a2]"></a>SystemCoreClockUpdate</STRONG> (Thumb, 64 bytes, Stack size 8 bytes, system_m480.o(.text))
<BR><BR>[Stack]<UL><LI>Max Depth = 16<LI>Call Chain = SystemCoreClockUpdate &rArr; CLK_GetPLLClockFreq
</UL>
<BR>[Calls]<UL><LI><a href="#[a3]">&gt;&gt;</a>&nbsp;&nbsp;&nbsp;CLK_GetPLLClockFreq
</UL>
<BR>[Called By]<UL><LI><a href="#[b3]">&gt;&gt;</a>&nbsp;&nbsp;&nbsp;prvSetupHardware
<LI><a href="#[12e]">&gt;&gt;</a>&nbsp;&nbsp;&nbsp;CLK_SetHCLK
</UL>

<P><STRONG><a name="[6c]"></a>SystemInit</STRONG> (Thumb, 108 bytes, Stack size 0 bytes, system_m480.o(.text))
<BR>[Address Reference Count : 1]<UL><LI> startup_m480.o(.text)
</UL>
<P><STRONG><a name="[0]"></a>Reset_Handler</STRONG> (Thumb, 64 bytes, Stack size 0 bytes, startup_m480.o(.text))
<BR>[Address Reference Count : 1]<UL><LI> startup_m480.o(RESET)
</UL>
<P><STRONG><a name="[1]"></a>NMI_Handler</STRONG> (Thumb, 2 bytes, Stack size 0 bytes, startup_m480.o(.text))
<BR><BR>[Calls]<UL><LI><a href="#[1]">&gt;&gt;</a>&nbsp;&nbsp;&nbsp;NMI_Handler
</UL>
<BR>[Called By]<UL><LI><a href="#[1]">&gt;&gt;</a>&nbsp;&nbsp;&nbsp;NMI_Handler
</UL>
<BR>[Address Reference Count : 1]<UL><LI> startup_m480.o(RESET)
</UL>
<P><STRONG><a name="[3]"></a>MemManage_Handler</STRONG> (Thumb, 2 bytes, Stack size 0 bytes, startup_m480.o(.text))
<BR><BR>[Calls]<UL><LI><a href="#[3]">&gt;&gt;</a>&nbsp;&nbsp;&nbsp;MemManage_Handler
</UL>
<BR>[Called By]<UL><LI><a href="#[3]">&gt;&gt;</a>&nbsp;&nbsp;&nbsp;MemManage_Handler
</UL>
<BR>[Address Reference Count : 1]<UL><LI> startup_m480.o(RESET)
</UL>
<P><STRONG><a name="[4]"></a>BusFault_Handler</STRONG> (Thumb, 2 bytes, Stack size 0 bytes, startup_m480.o(.text))
<BR><BR>[Calls]<UL><LI><a href="#[4]">&gt;&gt;</a>&nbsp;&nbsp;&nbsp;BusFault_Handler
</UL>
<BR>[Called By]<UL><LI><a href="#[4]">&gt;&gt;</a>&nbsp;&nbsp;&nbsp;BusFault_Handler
</UL>
<BR>[Address Reference Count : 1]<UL><LI> startup_m480.o(RESET)
</UL>
<P><STRONG><a name="[5]"></a>UsageFault_Handler</STRONG> (Thumb, 2 bytes, Stack size 0 bytes, startup_m480.o(.text))
<BR><BR>[Calls]<UL><LI><a href="#[5]">&gt;&gt;</a>&nbsp;&nbsp;&nbsp;UsageFault_Handler
</UL>
<BR>[Called By]<UL><LI><a href="#[5]">&gt;&gt;</a>&nbsp;&nbsp;&nbsp;UsageFault_Handler
</UL>
<BR>[Address Reference Count : 1]<UL><LI> startup_m480.o(RESET)
</UL>
<P><STRONG><a name="[7]"></a>DebugMon_Handler</STRONG> (Thumb, 2 bytes, Stack size 0 bytes, startup_m480.o(.text))
<BR><BR>[Calls]<UL><LI><a href="#[7]">&gt;&gt;</a>&nbsp;&nbsp;&nbsp;DebugMon_Handler
</UL>
<BR>[Called By]<UL><LI><a href="#[7]">&gt;&gt;</a>&nbsp;&nbsp;&nbsp;DebugMon_Handler
</UL>
<BR>[Address Reference Count : 1]<UL><LI> startup_m480.o(RESET)
</UL>
<P><STRONG><a name="[36]"></a>ACMP01_IRQHandler</STRONG> (Thumb, 0 bytes, Stack size 0 bytes, startup_m480.o(.text))
<BR>[Address Reference Count : 1]<UL><LI> startup_m480.o(RESET)
</UL>
<P><STRONG><a name="[a]"></a>BOD_IRQHandler</STRONG> (Thumb, 0 bytes, Stack size 0 bytes, startup_m480.o(.text))
<BR>[Address Reference Count : 1]<UL><LI> startup_m480.o(RESET)
</UL>
<P><STRONG><a name="[54]"></a>BPWM0_IRQHandler</STRONG> (Thumb, 0 bytes, Stack size 0 bytes, startup_m480.o(.text))
<BR>[Address Reference Count : 1]<UL><LI> startup_m480.o(RESET)
</UL>
<P><STRONG><a name="[55]"></a>BPWM1_IRQHandler</STRONG> (Thumb, 0 bytes, Stack size 0 bytes, startup_m480.o(.text))
<BR>[Address Reference Count : 1]<UL><LI> startup_m480.o(RESET)
</UL>
<P><STRONG><a name="[22]"></a>BRAKE0_IRQHandler</STRONG> (Thumb, 0 bytes, Stack size 0 bytes, startup_m480.o(.text))
<BR>[Address Reference Count : 1]<UL><LI> startup_m480.o(RESET)
</UL>
<P><STRONG><a name="[26]"></a>BRAKE1_IRQHandler</STRONG> (Thumb, 0 bytes, Stack size 0 bytes, startup_m480.o(.text))
<BR>[Address Reference Count : 1]<UL><LI> startup_m480.o(RESET)
</UL>
<P><STRONG><a name="[41]"></a>CAN0_IRQHandler</STRONG> (Thumb, 0 bytes, Stack size 0 bytes, startup_m480.o(.text))
<BR>[Address Reference Count : 1]<UL><LI> startup_m480.o(RESET)
</UL>
<P><STRONG><a name="[42]"></a>CAN1_IRQHandler</STRONG> (Thumb, 0 bytes, Stack size 0 bytes, startup_m480.o(.text))
<BR>[Address Reference Count : 1]<UL><LI> startup_m480.o(RESET)
</UL>
<P><STRONG><a name="[69]"></a>CAN2_IRQHandler</STRONG> (Thumb, 0 bytes, Stack size 0 bytes, startup_m480.o(.text))
<BR>[Address Reference Count : 1]<UL><LI> startup_m480.o(RESET)
</UL>
<P><STRONG><a name="[57]"></a>CCAP_IRQHandler</STRONG> (Thumb, 0 bytes, Stack size 0 bytes, startup_m480.o(.text))
<BR>[Address Reference Count : 1]<UL><LI> startup_m480.o(RESET)
</UL>
<P><STRONG><a name="[e]"></a>CKFAIL_IRQHandler</STRONG> (Thumb, 0 bytes, Stack size 0 bytes, startup_m480.o(.text))
<BR>[Address Reference Count : 1]<UL><LI> startup_m480.o(RESET)
</UL>
<P><STRONG><a name="[4d]"></a>CRYPTO_IRQHandler</STRONG> (Thumb, 0 bytes, Stack size 0 bytes, startup_m480.o(.text))
<BR>[Address Reference Count : 1]<UL><LI> startup_m480.o(RESET)
</UL>
<P><STRONG><a name="[33]"></a>DAC_IRQHandler</STRONG> (Thumb, 0 bytes, Stack size 0 bytes, startup_m480.o(.text))
<BR>[Address Reference Count : 1]<UL><LI> startup_m480.o(RESET)
</UL>
<P><STRONG><a name="[34]"></a>EADC00_IRQHandler</STRONG> (Thumb, 0 bytes, Stack size 0 bytes, startup_m480.o(.text))
<BR>[Address Reference Count : 1]<UL><LI> startup_m480.o(RESET)
</UL>
<P><STRONG><a name="[35]"></a>EADC01_IRQHandler</STRONG> (Thumb, 0 bytes, Stack size 0 bytes, startup_m480.o(.text))
<BR>[Address Reference Count : 1]<UL><LI> startup_m480.o(RESET)
</UL>
<P><STRONG><a name="[37]"></a>EADC02_IRQHandler</STRONG> (Thumb, 0 bytes, Stack size 0 bytes, startup_m480.o(.text))
<BR>[Address Reference Count : 1]<UL><LI> startup_m480.o(RESET)
</UL>
<P><STRONG><a name="[38]"></a>EADC03_IRQHandler</STRONG> (Thumb, 0 bytes, Stack size 0 bytes, startup_m480.o(.text))
<BR>[Address Reference Count : 1]<UL><LI> startup_m480.o(RESET)
</UL>
<P><STRONG><a name="[65]"></a>EADC10_IRQHandler</STRONG> (Thumb, 0 bytes, Stack size 0 bytes, startup_m480.o(.text))
<BR>[Address Reference Count : 1]<UL><LI> startup_m480.o(RESET)
</UL>
<P><STRONG><a name="[66]"></a>EADC11_IRQHandler</STRONG> (Thumb, 0 bytes, Stack size 0 bytes, startup_m480.o(.text))
<BR>[Address Reference Count : 1]<UL><LI> startup_m480.o(RESET)
</UL>
<P><STRONG><a name="[67]"></a>EADC12_IRQHandler</STRONG> (Thumb, 0 bytes, Stack size 0 bytes, startup_m480.o(.text))
<BR>[Address Reference Count : 1]<UL><LI> startup_m480.o(RESET)
</UL>
<P><STRONG><a name="[68]"></a>EADC13_IRQHandler</STRONG> (Thumb, 0 bytes, Stack size 0 bytes, startup_m480.o(.text))
<BR>[Address Reference Count : 1]<UL><LI> startup_m480.o(RESET)
</UL>
<P><STRONG><a name="[5b]"></a>ECAP0_IRQHandler</STRONG> (Thumb, 0 bytes, Stack size 0 bytes, startup_m480.o(.text))
<BR>[Address Reference Count : 1]<UL><LI> startup_m480.o(RESET)
</UL>
<P><STRONG><a name="[5c]"></a>ECAP1_IRQHandler</STRONG> (Thumb, 0 bytes, Stack size 0 bytes, startup_m480.o(.text))
<BR>[Address Reference Count : 1]<UL><LI> startup_m480.o(RESET)
</UL>
<P><STRONG><a name="[60]"></a>EHCI_IRQHandler</STRONG> (Thumb, 0 bytes, Stack size 0 bytes, startup_m480.o(.text))
<BR>[Address Reference Count : 1]<UL><LI> startup_m480.o(RESET)
</UL>
<P><STRONG><a name="[14]"></a>EINT0_IRQHandler</STRONG> (Thumb, 0 bytes, Stack size 0 bytes, startup_m480.o(.text))
<BR>[Address Reference Count : 1]<UL><LI> startup_m480.o(RESET)
</UL>
<P><STRONG><a name="[15]"></a>EINT1_IRQHandler</STRONG> (Thumb, 0 bytes, Stack size 0 bytes, startup_m480.o(.text))
<BR>[Address Reference Count : 1]<UL><LI> startup_m480.o(RESET)
</UL>
<P><STRONG><a name="[16]"></a>EINT2_IRQHandler</STRONG> (Thumb, 0 bytes, Stack size 0 bytes, startup_m480.o(.text))
<BR>[Address Reference Count : 1]<UL><LI> startup_m480.o(RESET)
</UL>
<P><STRONG><a name="[17]"></a>EINT3_IRQHandler</STRONG> (Thumb, 0 bytes, Stack size 0 bytes, startup_m480.o(.text))
<BR>[Address Reference Count : 1]<UL><LI> startup_m480.o(RESET)
</UL>
<P><STRONG><a name="[18]"></a>EINT4_IRQHandler</STRONG> (Thumb, 0 bytes, Stack size 0 bytes, startup_m480.o(.text))
<BR>[Address Reference Count : 1]<UL><LI> startup_m480.o(RESET)
</UL>
<P><STRONG><a name="[19]"></a>EINT5_IRQHandler</STRONG> (Thumb, 0 bytes, Stack size 0 bytes, startup_m480.o(.text))
<BR>[Address Reference Count : 1]<UL><LI> startup_m480.o(RESET)
</UL>
<P><STRONG><a name="[4f]"></a>EINT6_IRQHandler</STRONG> (Thumb, 0 bytes, Stack size 0 bytes, startup_m480.o(.text))
<BR>[Address Reference Count : 1]<UL><LI> startup_m480.o(RESET)
</UL>
<P><STRONG><a name="[5e]"></a>EINT7_IRQHandler</STRONG> (Thumb, 0 bytes, Stack size 0 bytes, startup_m480.o(.text))
<BR>[Address Reference Count : 1]<UL><LI> startup_m480.o(RESET)
</UL>
<P><STRONG><a name="[23]"></a>EPWM0P0_IRQHandler</STRONG> (Thumb, 0 bytes, Stack size 0 bytes, startup_m480.o(.text))
<BR>[Address Reference Count : 1]<UL><LI> startup_m480.o(RESET)
</UL>
<P><STRONG><a name="[24]"></a>EPWM0P1_IRQHandler</STRONG> (Thumb, 0 bytes, Stack size 0 bytes, startup_m480.o(.text))
<BR>[Address Reference Count : 1]<UL><LI> startup_m480.o(RESET)
</UL>
<P><STRONG><a name="[25]"></a>EPWM0P2_IRQHandler</STRONG> (Thumb, 0 bytes, Stack size 0 bytes, startup_m480.o(.text))
<BR>[Address Reference Count : 1]<UL><LI> startup_m480.o(RESET)
</UL>
<P><STRONG><a name="[27]"></a>EPWM1P0_IRQHandler</STRONG> (Thumb, 0 bytes, Stack size 0 bytes, startup_m480.o(.text))
<BR>[Address Reference Count : 1]<UL><LI> startup_m480.o(RESET)
</UL>
<P><STRONG><a name="[28]"></a>EPWM1P1_IRQHandler</STRONG> (Thumb, 0 bytes, Stack size 0 bytes, startup_m480.o(.text))
<BR>[Address Reference Count : 1]<UL><LI> startup_m480.o(RESET)
</UL>
<P><STRONG><a name="[29]"></a>EPWM1P2_IRQHandler</STRONG> (Thumb, 0 bytes, Stack size 0 bytes, startup_m480.o(.text))
<BR>[Address Reference Count : 1]<UL><LI> startup_m480.o(RESET)
</UL>
<P><STRONG><a name="[1a]"></a>GPA_IRQHandler</STRONG> (Thumb, 0 bytes, Stack size 0 bytes, startup_m480.o(.text))
<BR>[Address Reference Count : 1]<UL><LI> startup_m480.o(RESET)
</UL>
<P><STRONG><a name="[1b]"></a>GPB_IRQHandler</STRONG> (Thumb, 0 bytes, Stack size 0 bytes, startup_m480.o(.text))
<BR>[Address Reference Count : 1]<UL><LI> startup_m480.o(RESET)
</UL>
<P><STRONG><a name="[1c]"></a>GPC_IRQHandler</STRONG> (Thumb, 0 bytes, Stack size 0 bytes, startup_m480.o(.text))
<BR>[Address Reference Count : 1]<UL><LI> startup_m480.o(RESET)
</UL>
<P><STRONG><a name="[1d]"></a>GPD_IRQHandler</STRONG> (Thumb, 0 bytes, Stack size 0 bytes, startup_m480.o(.text))
<BR>[Address Reference Count : 1]<UL><LI> startup_m480.o(RESET)
</UL>
<P><STRONG><a name="[1e]"></a>GPE_IRQHandler</STRONG> (Thumb, 0 bytes, Stack size 0 bytes, startup_m480.o(.text))
<BR>[Address Reference Count : 1]<UL><LI> startup_m480.o(RESET)
</UL>
<P><STRONG><a name="[1f]"></a>GPF_IRQHandler</STRONG> (Thumb, 0 bytes, Stack size 0 bytes, startup_m480.o(.text))
<BR>[Address Reference Count : 1]<UL><LI> startup_m480.o(RESET)
</UL>
<P><STRONG><a name="[4e]"></a>GPG_IRQHandler</STRONG> (Thumb, 0 bytes, Stack size 0 bytes, startup_m480.o(.text))
<BR>[Address Reference Count : 1]<UL><LI> startup_m480.o(RESET)
</UL>
<P><STRONG><a name="[5d]"></a>GPH_IRQHandler</STRONG> (Thumb, 0 bytes, Stack size 0 bytes, startup_m480.o(.text))
<BR>[Address Reference Count : 1]<UL><LI> startup_m480.o(RESET)
</UL>
<P><STRONG><a name="[30]"></a>I2C0_IRQHandler</STRONG> (Thumb, 0 bytes, Stack size 0 bytes, startup_m480.o(.text))
<BR>[Address Reference Count : 1]<UL><LI> startup_m480.o(RESET)
</UL>
<P><STRONG><a name="[31]"></a>I2C1_IRQHandler</STRONG> (Thumb, 0 bytes, Stack size 0 bytes, startup_m480.o(.text))
<BR>[Address Reference Count : 1]<UL><LI> startup_m480.o(RESET)
</UL>
<P><STRONG><a name="[58]"></a>I2C2_IRQHandler</STRONG> (Thumb, 0 bytes, Stack size 0 bytes, startup_m480.o(.text))
<BR>[Address Reference Count : 1]<UL><LI> startup_m480.o(RESET)
</UL>
<P><STRONG><a name="[4b]"></a>I2S0_IRQHandler</STRONG> (Thumb, 0 bytes, Stack size 0 bytes, startup_m480.o(.text))
<BR>[Address Reference Count : 1]<UL><LI> startup_m480.o(RESET)
</UL>
<P><STRONG><a name="[b]"></a>IRC_IRQHandler</STRONG> (Thumb, 0 bytes, Stack size 0 bytes, startup_m480.o(.text))
<BR>[Address Reference Count : 1]<UL><LI> startup_m480.o(RESET)
</UL>
<P><STRONG><a name="[3f]"></a>OHCI_IRQHandler</STRONG> (Thumb, 0 bytes, Stack size 0 bytes, startup_m480.o(.text))
<BR>[Address Reference Count : 1]<UL><LI> startup_m480.o(RESET)
</UL>
<P><STRONG><a name="[4c]"></a>OPA0_IRQHandler</STRONG> (Thumb, 0 bytes, Stack size 0 bytes, startup_m480.o(.text))
<BR>[Address Reference Count : 1]<UL><LI> startup_m480.o(RESET)
</UL>
<P><STRONG><a name="[32]"></a>PDMA_IRQHandler</STRONG> (Thumb, 0 bytes, Stack size 0 bytes, startup_m480.o(.text))
<BR>[Address Reference Count : 1]<UL><LI> startup_m480.o(RESET)
</UL>
<P><STRONG><a name="[c]"></a>PWRWU_IRQHandler</STRONG> (Thumb, 0 bytes, Stack size 0 bytes, startup_m480.o(.text))
<BR>[Address Reference Count : 1]<UL><LI> startup_m480.o(RESET)
</UL>
<P><STRONG><a name="[59]"></a>QEI0_IRQHandler</STRONG> (Thumb, 0 bytes, Stack size 0 bytes, startup_m480.o(.text))
<BR>[Address Reference Count : 1]<UL><LI> startup_m480.o(RESET)
</UL>
<P><STRONG><a name="[5a]"></a>QEI1_IRQHandler</STRONG> (Thumb, 0 bytes, Stack size 0 bytes, startup_m480.o(.text))
<BR>[Address Reference Count : 1]<UL><LI> startup_m480.o(RESET)
</UL>
<P><STRONG><a name="[20]"></a>QSPI0_IRQHandler</STRONG> (Thumb, 0 bytes, Stack size 0 bytes, startup_m480.o(.text))
<BR>[Address Reference Count : 1]<UL><LI> startup_m480.o(RESET)
</UL>
<P><STRONG><a name="[3b]"></a>QSPI1_IRQHandler</STRONG> (Thumb, 0 bytes, Stack size 0 bytes, startup_m480.o(.text))
<BR>[Address Reference Count : 1]<UL><LI> startup_m480.o(RESET)
</UL>
<P><STRONG><a name="[d]"></a>RAMPE_IRQHandler</STRONG> (Thumb, 0 bytes, Stack size 0 bytes, startup_m480.o(.text))
<BR>[Address Reference Count : 1]<UL><LI> startup_m480.o(RESET)
</UL>
<P><STRONG><a name="[10]"></a>RTC_IRQHandler</STRONG> (Thumb, 0 bytes, Stack size 0 bytes, startup_m480.o(.text))
<BR>[Address Reference Count : 1]<UL><LI> startup_m480.o(RESET)
</UL>
<P><STRONG><a name="[43]"></a>SC0_IRQHandler</STRONG> (Thumb, 0 bytes, Stack size 0 bytes, startup_m480.o(.text))
<BR>[Address Reference Count : 1]<UL><LI> startup_m480.o(RESET)
</UL>
<P><STRONG><a name="[44]"></a>SC1_IRQHandler</STRONG> (Thumb, 0 bytes, Stack size 0 bytes, startup_m480.o(.text))
<BR>[Address Reference Count : 1]<UL><LI> startup_m480.o(RESET)
</UL>
<P><STRONG><a name="[45]"></a>SC2_IRQHandler</STRONG> (Thumb, 0 bytes, Stack size 0 bytes, startup_m480.o(.text))
<BR>[Address Reference Count : 1]<UL><LI> startup_m480.o(RESET)
</UL>
<P><STRONG><a name="[47]"></a>SDH0_IRQHandler</STRONG> (Thumb, 0 bytes, Stack size 0 bytes, startup_m480.o(.text))
<BR>[Address Reference Count : 1]<UL><LI> startup_m480.o(RESET)
</UL>
<P><STRONG><a name="[5f]"></a>SDH1_IRQHandler</STRONG> (Thumb, 0 bytes, Stack size 0 bytes, startup_m480.o(.text))
<BR>[Address Reference Count : 1]<UL><LI> startup_m480.o(RESET)
</UL>
<P><STRONG><a name="[21]"></a>SPI0_IRQHandler</STRONG> (Thumb, 0 bytes, Stack size 0 bytes, startup_m480.o(.text))
<BR>[Address Reference Count : 1]<UL><LI> startup_m480.o(RESET)
</UL>
<P><STRONG><a name="[3c]"></a>SPI1_IRQHandler</STRONG> (Thumb, 0 bytes, Stack size 0 bytes, startup_m480.o(.text))
<BR>[Address Reference Count : 1]<UL><LI> startup_m480.o(RESET)
</UL>
<P><STRONG><a name="[3d]"></a>SPI2_IRQHandler</STRONG> (Thumb, 0 bytes, Stack size 0 bytes, startup_m480.o(.text))
<BR>[Address Reference Count : 1]<UL><LI> startup_m480.o(RESET)
</UL>
<P><STRONG><a name="[46]"></a>SPI3_IRQHandler</STRONG> (Thumb, 0 bytes, Stack size 0 bytes, startup_m480.o(.text))
<BR>[Address Reference Count : 1]<UL><LI> startup_m480.o(RESET)
</UL>
<P><STRONG><a name="[56]"></a>SPIM_IRQHandler</STRONG> (Thumb, 0 bytes, Stack size 0 bytes, startup_m480.o(.text))
<BR>[Address Reference Count : 1]<UL><LI> startup_m480.o(RESET)
</UL>
<P><STRONG><a name="[11]"></a>TAMPER_IRQHandler</STRONG> (Thumb, 0 bytes, Stack size 0 bytes, startup_m480.o(.text))
<BR>[Address Reference Count : 1]<UL><LI> startup_m480.o(RESET)
</UL>
<P><STRONG><a name="[2a]"></a>TMR0_IRQHandler</STRONG> (Thumb, 0 bytes, Stack size 0 bytes, startup_m480.o(.text))
<BR>[Address Reference Count : 1]<UL><LI> startup_m480.o(RESET)
</UL>
<P><STRONG><a name="[2b]"></a>TMR1_IRQHandler</STRONG> (Thumb, 0 bytes, Stack size 0 bytes, startup_m480.o(.text))
<BR>[Address Reference Count : 1]<UL><LI> startup_m480.o(RESET)
</UL>
<P><STRONG><a name="[2c]"></a>TMR2_IRQHandler</STRONG> (Thumb, 0 bytes, Stack size 0 bytes, startup_m480.o(.text))
<BR>[Address Reference Count : 1]<UL><LI> startup_m480.o(RESET)
</UL>
<P><STRONG><a name="[2d]"></a>TMR3_IRQHandler</STRONG> (Thumb, 0 bytes, Stack size 0 bytes, startup_m480.o(.text))
<BR>[Address Reference Count : 1]<UL><LI> startup_m480.o(RESET)
</UL>
<P><STRONG><a name="[62]"></a>TRNG_IRQHandler</STRONG> (Thumb, 0 bytes, Stack size 0 bytes, startup_m480.o(.text))
<BR>[Address Reference Count : 1]<UL><LI> startup_m480.o(RESET)
</UL>
<P><STRONG><a name="[2e]"></a>UART0_IRQHandler</STRONG> (Thumb, 0 bytes, Stack size 0 bytes, startup_m480.o(.text))
<BR>[Address Reference Count : 1]<UL><LI> startup_m480.o(RESET)
</UL>
<P><STRONG><a name="[2f]"></a>UART1_IRQHandler</STRONG> (Thumb, 0 bytes, Stack size 0 bytes, startup_m480.o(.text))
<BR>[Address Reference Count : 1]<UL><LI> startup_m480.o(RESET)
</UL>
<P><STRONG><a name="[39]"></a>UART2_IRQHandler</STRONG> (Thumb, 0 bytes, Stack size 0 bytes, startup_m480.o(.text))
<BR>[Address Reference Count : 1]<UL><LI> startup_m480.o(RESET)
</UL>
<P><STRONG><a name="[3a]"></a>UART3_IRQHandler</STRONG> (Thumb, 0 bytes, Stack size 0 bytes, startup_m480.o(.text))
<BR>[Address Reference Count : 1]<UL><LI> startup_m480.o(RESET)
</UL>
<P><STRONG><a name="[50]"></a>UART4_IRQHandler</STRONG> (Thumb, 0 bytes, Stack size 0 bytes, startup_m480.o(.text))
<BR>[Address Reference Count : 1]<UL><LI> startup_m480.o(RESET)
</UL>
<P><STRONG><a name="[51]"></a>UART5_IRQHandler</STRONG> (Thumb, 0 bytes, Stack size 0 bytes, startup_m480.o(.text))
<BR>[Address Reference Count : 1]<UL><LI> startup_m480.o(RESET)
</UL>
<P><STRONG><a name="[63]"></a>UART6_IRQHandler</STRONG> (Thumb, 0 bytes, Stack size 0 bytes, startup_m480.o(.text))
<BR>[Address Reference Count : 1]<UL><LI> startup_m480.o(RESET)
</UL>
<P><STRONG><a name="[64]"></a>UART7_IRQHandler</STRONG> (Thumb, 0 bytes, Stack size 0 bytes, startup_m480.o(.text))
<BR>[Address Reference Count : 1]<UL><LI> startup_m480.o(RESET)
</UL>
<P><STRONG><a name="[48]"></a>USBD20_IRQHandler</STRONG> (Thumb, 0 bytes, Stack size 0 bytes, startup_m480.o(.text))
<BR>[Address Reference Count : 1]<UL><LI> startup_m480.o(RESET)
</UL>
<P><STRONG><a name="[61]"></a>USBOTG20_IRQHandler</STRONG> (Thumb, 0 bytes, Stack size 0 bytes, startup_m480.o(.text))
<BR>[Address Reference Count : 1]<UL><LI> startup_m480.o(RESET)
</UL>
<P><STRONG><a name="[40]"></a>USBOTG_IRQHandler</STRONG> (Thumb, 0 bytes, Stack size 0 bytes, startup_m480.o(.text))
<BR>[Address Reference Count : 1]<UL><LI> startup_m480.o(RESET)
</UL>
<P><STRONG><a name="[52]"></a>USCI0_IRQHandler</STRONG> (Thumb, 0 bytes, Stack size 0 bytes, startup_m480.o(.text))
<BR>[Address Reference Count : 1]<UL><LI> startup_m480.o(RESET)
</UL>
<P><STRONG><a name="[53]"></a>USCI1_IRQHandler</STRONG> (Thumb, 0 bytes, Stack size 0 bytes, startup_m480.o(.text))
<BR>[Address Reference Count : 1]<UL><LI> startup_m480.o(RESET)
</UL>
<P><STRONG><a name="[12]"></a>WDT_IRQHandler</STRONG> (Thumb, 0 bytes, Stack size 0 bytes, startup_m480.o(.text))
<BR>[Address Reference Count : 1]<UL><LI> startup_m480.o(RESET)
</UL>
<P><STRONG><a name="[13]"></a>WWDT_IRQHandler</STRONG> (Thumb, 0 bytes, Stack size 0 bytes, startup_m480.o(.text))
<BR>[Address Reference Count : 1]<UL><LI> startup_m480.o(RESET)
</UL>
<P><STRONG><a name="[6a]"></a>main</STRONG> (Thumb, 122 bytes, Stack size 16 bytes, main.o(.text))
<BR><BR>[Stack]<UL><LI>Max Depth = 312<LI>Call Chain = main &rArr; vTaskStartScheduler &rArr; xTimerCreateTimerTask &rArr; xTaskCreate &rArr; pvPortMalloc &rArr; xTaskResumeAll &rArr; xTaskIncrementTick &rArr; vApplicationTickHook &rArr; vQueueSetAccessQueueSetFromISR &rArr; prvSendToQueueInSetFromISR &rArr; xQueueGenericSendFromISR &rArr; prvNotifyQueueSetContainer &rArr; prvCopyDataToQueue &rArr; xTaskPriorityDisinherit
</UL>
<BR>[Calls]<UL><LI><a href="#[bb]">&gt;&gt;</a>&nbsp;&nbsp;&nbsp;xTaskCreate
<LI><a href="#[ba]">&gt;&gt;</a>&nbsp;&nbsp;&nbsp;xQueueGenericCreate
<LI><a href="#[c0]">&gt;&gt;</a>&nbsp;&nbsp;&nbsp;vTaskStartScheduler
<LI><a href="#[bd]">&gt;&gt;</a>&nbsp;&nbsp;&nbsp;vStartSemaphoreTasks
<LI><a href="#[bf]">&gt;&gt;</a>&nbsp;&nbsp;&nbsp;vStartQueueSetTasks
<LI><a href="#[bc]">&gt;&gt;</a>&nbsp;&nbsp;&nbsp;vStartPolledQueueTasks
<LI><a href="#[be]">&gt;&gt;</a>&nbsp;&nbsp;&nbsp;vStartGenericQueueTasks
<LI><a href="#[b3]">&gt;&gt;</a>&nbsp;&nbsp;&nbsp;prvSetupHardware
<LI><a href="#[a4]">&gt;&gt;</a>&nbsp;&nbsp;&nbsp;__2printf
</UL>
<BR>[Address Reference Count : 1]<UL><LI> entry9a.o(.ARM.Collect$$$$0000000B)
</UL>
<P><STRONG><a name="[126]"></a>vApplicationMallocFailedHook</STRONG> (Thumb, 16 bytes, Stack size 0 bytes, main.o(.text))
<BR><BR>[Called By]<UL><LI><a href="#[e2]">&gt;&gt;</a>&nbsp;&nbsp;&nbsp;pvPortMalloc
</UL>

<P><STRONG><a name="[113]"></a>vApplicationIdleHook</STRONG> (Thumb, 2 bytes, Stack size 0 bytes, main.o(.text))
<BR><BR>[Called By]<UL><LI><a href="#[75]">&gt;&gt;</a>&nbsp;&nbsp;&nbsp;prvIdleTask
</UL>

<P><STRONG><a name="[10f]"></a>vApplicationStackOverflowHook</STRONG> (Thumb, 16 bytes, Stack size 0 bytes, main.o(.text))
<BR><BR>[Called By]<UL><LI><a href="#[a1]">&gt;&gt;</a>&nbsp;&nbsp;&nbsp;vTaskSwitchContext
</UL>

<P><STRONG><a name="[c1]"></a>vApplicationTickHook</STRONG> (Thumb, 4 bytes, Stack size 0 bytes, main.o(.text))
<BR><BR>[Stack]<UL><LI>Max Depth = 128<LI>Call Chain = vApplicationTickHook &rArr; vQueueSetAccessQueueSetFromISR &rArr; prvSendToQueueInSetFromISR &rArr; xQueueGenericSendFromISR &rArr; prvNotifyQueueSetContainer &rArr; prvCopyDataToQueue &rArr; xTaskPriorityDisinherit
</UL>
<BR>[Calls]<UL><LI><a href="#[c2]">&gt;&gt;</a>&nbsp;&nbsp;&nbsp;vQueueSetAccessQueueSetFromISR
</UL>
<BR>[Called By]<UL><LI><a href="#[108]">&gt;&gt;</a>&nbsp;&nbsp;&nbsp;xTaskIncrementTick
</UL>

<P><STRONG><a name="[c3]"></a>tcp_echoserver_serve</STRONG> (Thumb, 216 bytes, Stack size 72 bytes, tcp_echoserver-netconn.o(.text))
<BR><BR>[Stack]<UL><LI>Max Depth = 440<LI>Call Chain = tcp_echoserver_serve &rArr; netconn_recv &rArr; netconn_recv_data &rArr; netconn_close_shutdown &rArr; netconn_apimsg &rArr; tcpip_send_msg_wait_sem &rArr; sys_mutex_unlock &rArr; xQueueGenericSend &rArr; xTaskResumeAll &rArr; xTaskIncrementTick &rArr; vApplicationTickHook &rArr; vQueueSetAccessQueueSetFromISR &rArr; prvSendToQueueInSetFromISR &rArr; xQueueGenericSendFromISR &rArr; prvNotifyQueueSetContainer &rArr; prvCopyDataToQueue &rArr; xTaskPriorityDisinherit
</UL>
<BR>[Calls]<UL><LI><a href="#[cb]">&gt;&gt;</a>&nbsp;&nbsp;&nbsp;netconn_write_partly
<LI><a href="#[c5]">&gt;&gt;</a>&nbsp;&nbsp;&nbsp;netconn_recv
<LI><a href="#[c6]">&gt;&gt;</a>&nbsp;&nbsp;&nbsp;netconn_close
<LI><a href="#[c7]">&gt;&gt;</a>&nbsp;&nbsp;&nbsp;netbuf_delete
<LI><a href="#[c8]">&gt;&gt;</a>&nbsp;&nbsp;&nbsp;netbuf_data
<LI><a href="#[b1]">&gt;&gt;</a>&nbsp;&nbsp;&nbsp;xQueueGenericSend
<LI><a href="#[cc]">&gt;&gt;</a>&nbsp;&nbsp;&nbsp;atoi
<LI><a href="#[a4]">&gt;&gt;</a>&nbsp;&nbsp;&nbsp;__2printf
<LI><a href="#[c9]">&gt;&gt;</a>&nbsp;&nbsp;&nbsp;strncmp
<LI><a href="#[ca]">&gt;&gt;</a>&nbsp;&nbsp;&nbsp;strlen
<LI><a href="#[c4]">&gt;&gt;</a>&nbsp;&nbsp;&nbsp;__aeabi_memcpy4
</UL>
<BR>[Called By]<UL><LI><a href="#[74]">&gt;&gt;</a>&nbsp;&nbsp;&nbsp;tcp_echoserver_netconn_thread
</UL>

<P><STRONG><a name="[ab]"></a>tcp_echoserver_netconn_init</STRONG> (Thumb, 20 bytes, Stack size 8 bytes, tcp_echoserver-netconn.o(.text))
<BR><BR>[Stack]<UL><LI>Max Depth = 304<LI>Call Chain = tcp_echoserver_netconn_init &rArr; sys_thread_new &rArr; xTaskCreate &rArr; pvPortMalloc &rArr; xTaskResumeAll &rArr; xTaskIncrementTick &rArr; vApplicationTickHook &rArr; vQueueSetAccessQueueSetFromISR &rArr; prvSendToQueueInSetFromISR &rArr; xQueueGenericSendFromISR &rArr; prvNotifyQueueSetContainer &rArr; prvCopyDataToQueue &rArr; xTaskPriorityDisinherit
</UL>
<BR>[Calls]<UL><LI><a href="#[b2]">&gt;&gt;</a>&nbsp;&nbsp;&nbsp;sys_thread_new
</UL>
<BR>[Called By]<UL><LI><a href="#[73]">&gt;&gt;</a>&nbsp;&nbsp;&nbsp;vTcpTask
</UL>

<P><STRONG><a name="[3e]"></a>USBD_IRQHandler</STRONG> (Thumb, 236 bytes, Stack size 24 bytes, hid_kb.o(.text))
<BR><BR>[Stack]<UL><LI>Max Depth = 116<LI>Call Chain = USBD_IRQHandler &rArr; USBD_ProcessSetupPacket &rArr; USBD_StandardRequest &rArr; USBD_GetDescriptor &rArr; USBD_PrepareCtrlIn &rArr; USBD_MemCopy
</UL>
<BR>[Calls]<UL><LI><a href="#[d2]">&gt;&gt;</a>&nbsp;&nbsp;&nbsp;USBD_SwReset
<LI><a href="#[d3]">&gt;&gt;</a>&nbsp;&nbsp;&nbsp;USBD_ProcessSetupPacket
<LI><a href="#[d5]">&gt;&gt;</a>&nbsp;&nbsp;&nbsp;USBD_CtrlOut
<LI><a href="#[d4]">&gt;&gt;</a>&nbsp;&nbsp;&nbsp;USBD_CtrlIn
</UL>
<BR>[Address Reference Count : 1]<UL><LI> startup_m480.o(RESET)
</UL>
<P><STRONG><a name="[af]"></a>HID_Init</STRONG> (Thumb, 64 bytes, Stack size 0 bytes, hid_kb.o(.text))
<BR><BR>[Called By]<UL><LI><a href="#[72]">&gt;&gt;</a>&nbsp;&nbsp;&nbsp;vUsbTask
</UL>

<P><STRONG><a name="[70]"></a>HID_ClassRequest</STRONG> (Thumb, 116 bytes, Stack size 16 bytes, hid_kb.o(.text))
<BR><BR>[Stack]<UL><LI>Max Depth = 52<LI>Call Chain = HID_ClassRequest &rArr; USBD_PrepareCtrlIn &rArr; USBD_MemCopy
</UL>
<BR>[Calls]<UL><LI><a href="#[d8]">&gt;&gt;</a>&nbsp;&nbsp;&nbsp;USBD_PrepareCtrlIn
<LI><a href="#[d6]">&gt;&gt;</a>&nbsp;&nbsp;&nbsp;USBD_GetSetupPacket
<LI><a href="#[d7]">&gt;&gt;</a>&nbsp;&nbsp;&nbsp;USBD_SetStall
</UL>
<BR>[Address Reference Count : 1]<UL><LI> main.o(.text)
</UL>
<P><STRONG><a name="[d9]"></a>HID_UpdateKbData</STRONG> (Thumb, 54 bytes, Stack size 16 bytes, hid_kb.o(.text))
<BR><BR>[Stack]<UL><LI>Max Depth = 40<LI>Call Chain = HID_UpdateKbData &rArr; __2printf
</UL>
<BR>[Calls]<UL><LI><a href="#[a4]">&gt;&gt;</a>&nbsp;&nbsp;&nbsp;__2printf
</UL>
<BR>[Called By]<UL><LI><a href="#[da]">&gt;&gt;</a>&nbsp;&nbsp;&nbsp;Keyboard_fun
</UL>

<P><STRONG><a name="[da]"></a>Keyboard_fun</STRONG> (Thumb, 92 bytes, Stack size 8 bytes, hid_kb.o(.text))
<BR><BR>[Stack]<UL><LI>Max Depth = 48<LI>Call Chain = Keyboard_fun &rArr; HID_UpdateKbData &rArr; __2printf
</UL>
<BR>[Calls]<UL><LI><a href="#[d9]">&gt;&gt;</a>&nbsp;&nbsp;&nbsp;HID_UpdateKbData
</UL>
<BR>[Called By]<UL><LI><a href="#[71]">&gt;&gt;</a>&nbsp;&nbsp;&nbsp;hid_usb_thread
</UL>

<P><STRONG><a name="[71]"></a>hid_usb_thread</STRONG> (Thumb, 66 bytes, Stack size 8 bytes, hid_kb.o(.text))
<BR><BR>[Stack]<UL><LI>Max Depth = 248<LI>Call Chain = hid_usb_thread &rArr; xQueueReceive &rArr; xTaskResumeAll &rArr; xTaskIncrementTick &rArr; vApplicationTickHook &rArr; vQueueSetAccessQueueSetFromISR &rArr; prvSendToQueueInSetFromISR &rArr; xQueueGenericSendFromISR &rArr; prvNotifyQueueSetContainer &rArr; prvCopyDataToQueue &rArr; xTaskPriorityDisinherit
</UL>
<BR>[Calls]<UL><LI><a href="#[db]">&gt;&gt;</a>&nbsp;&nbsp;&nbsp;xQueueReceive
<LI><a href="#[dc]">&gt;&gt;</a>&nbsp;&nbsp;&nbsp;vTaskDelay
<LI><a href="#[da]">&gt;&gt;</a>&nbsp;&nbsp;&nbsp;Keyboard_fun
<LI><a href="#[a4]">&gt;&gt;</a>&nbsp;&nbsp;&nbsp;__2printf
</UL>
<BR>[Address Reference Count : 1]<UL><LI> main.o(.text)
</UL>
<P><STRONG><a name="[df]"></a>vListInitialise</STRONG> (Thumb, 22 bytes, Stack size 0 bytes, list.o(.text))
<BR><BR>[Called By]<UL><LI><a href="#[11e]">&gt;&gt;</a>&nbsp;&nbsp;&nbsp;prvCheckForValidListAndQueue
<LI><a href="#[105]">&gt;&gt;</a>&nbsp;&nbsp;&nbsp;prvAddNewTaskToReadyList
<LI><a href="#[dd]">&gt;&gt;</a>&nbsp;&nbsp;&nbsp;xQueueGenericReset
</UL>

<P><STRONG><a name="[117]"></a>vListInitialiseItem</STRONG> (Thumb, 6 bytes, Stack size 0 bytes, list.o(.text))
<BR><BR>[Called By]<UL><LI><a href="#[107]">&gt;&gt;</a>&nbsp;&nbsp;&nbsp;prvInitialiseNewTask
</UL>

<P><STRONG><a name="[106]"></a>vListInsertEnd</STRONG> (Thumb, 24 bytes, Stack size 0 bytes, list.o(.text))
<BR><BR>[Called By]<UL><LI><a href="#[ac]">&gt;&gt;</a>&nbsp;&nbsp;&nbsp;vTaskSuspend
<LI><a href="#[110]">&gt;&gt;</a>&nbsp;&nbsp;&nbsp;vTaskResume
<LI><a href="#[10e]">&gt;&gt;</a>&nbsp;&nbsp;&nbsp;vTaskPrioritySet
<LI><a href="#[108]">&gt;&gt;</a>&nbsp;&nbsp;&nbsp;xTaskIncrementTick
<LI><a href="#[10b]">&gt;&gt;</a>&nbsp;&nbsp;&nbsp;prvAddCurrentTaskToDelayedList
<LI><a href="#[105]">&gt;&gt;</a>&nbsp;&nbsp;&nbsp;prvAddNewTaskToReadyList
<LI><a href="#[ed]">&gt;&gt;</a>&nbsp;&nbsp;&nbsp;xTaskResumeAll
<LI><a href="#[e1]">&gt;&gt;</a>&nbsp;&nbsp;&nbsp;xTaskRemoveFromEventList
<LI><a href="#[f2]">&gt;&gt;</a>&nbsp;&nbsp;&nbsp;xTaskPriorityInherit
<LI><a href="#[e5]">&gt;&gt;</a>&nbsp;&nbsp;&nbsp;xTaskPriorityDisinherit
<LI><a href="#[f3]">&gt;&gt;</a>&nbsp;&nbsp;&nbsp;vTaskPriorityDisinheritAfterTimeout
<LI><a href="#[ff]">&gt;&gt;</a>&nbsp;&nbsp;&nbsp;vTaskPlaceOnEventListRestricted
</UL>

<P><STRONG><a name="[10c]"></a>vListInsert</STRONG> (Thumb, 48 bytes, Stack size 12 bytes, list.o(.text))
<BR><BR>[Stack]<UL><LI>Max Depth = 12<LI>Call Chain = vListInsert
</UL>
<BR>[Called By]<UL><LI><a href="#[121]">&gt;&gt;</a>&nbsp;&nbsp;&nbsp;prvSwitchTimerLists
<LI><a href="#[119]">&gt;&gt;</a>&nbsp;&nbsp;&nbsp;prvInsertTimerInActiveList
<LI><a href="#[10b]">&gt;&gt;</a>&nbsp;&nbsp;&nbsp;prvAddCurrentTaskToDelayedList
<LI><a href="#[ee]">&gt;&gt;</a>&nbsp;&nbsp;&nbsp;vTaskPlaceOnEventList
</UL>

<P><STRONG><a name="[10a]"></a>uxListRemove</STRONG> (Thumb, 38 bytes, Stack size 0 bytes, list.o(.text))
<BR><BR>[Called By]<UL><LI><a href="#[ac]">&gt;&gt;</a>&nbsp;&nbsp;&nbsp;vTaskSuspend
<LI><a href="#[121]">&gt;&gt;</a>&nbsp;&nbsp;&nbsp;prvSwitchTimerLists
<LI><a href="#[11d]">&gt;&gt;</a>&nbsp;&nbsp;&nbsp;prvProcessTimerOrBlockTask
<LI><a href="#[11b]">&gt;&gt;</a>&nbsp;&nbsp;&nbsp;prvProcessReceivedCommands
<LI><a href="#[110]">&gt;&gt;</a>&nbsp;&nbsp;&nbsp;vTaskResume
<LI><a href="#[10e]">&gt;&gt;</a>&nbsp;&nbsp;&nbsp;vTaskPrioritySet
<LI><a href="#[108]">&gt;&gt;</a>&nbsp;&nbsp;&nbsp;xTaskIncrementTick
<LI><a href="#[75]">&gt;&gt;</a>&nbsp;&nbsp;&nbsp;prvIdleTask
<LI><a href="#[10b]">&gt;&gt;</a>&nbsp;&nbsp;&nbsp;prvAddCurrentTaskToDelayedList
<LI><a href="#[ed]">&gt;&gt;</a>&nbsp;&nbsp;&nbsp;xTaskResumeAll
<LI><a href="#[e1]">&gt;&gt;</a>&nbsp;&nbsp;&nbsp;xTaskRemoveFromEventList
<LI><a href="#[f2]">&gt;&gt;</a>&nbsp;&nbsp;&nbsp;xTaskPriorityInherit
<LI><a href="#[e5]">&gt;&gt;</a>&nbsp;&nbsp;&nbsp;xTaskPriorityDisinherit
<LI><a href="#[f3]">&gt;&gt;</a>&nbsp;&nbsp;&nbsp;vTaskPriorityDisinheritAfterTimeout
</UL>

<P><STRONG><a name="[dd]"></a>xQueueGenericReset</STRONG> (Thumb, 132 bytes, Stack size 16 bytes, queue.o(.text))
<BR><BR>[Stack]<UL><LI>Max Depth = 40<LI>Call Chain = xQueueGenericReset &rArr; xTaskRemoveFromEventList
</UL>
<BR>[Calls]<UL><LI><a href="#[e1]">&gt;&gt;</a>&nbsp;&nbsp;&nbsp;xTaskRemoveFromEventList
<LI><a href="#[e0]">&gt;&gt;</a>&nbsp;&nbsp;&nbsp;vPortExitCritical
<LI><a href="#[de]">&gt;&gt;</a>&nbsp;&nbsp;&nbsp;vPortEnterCritical
<LI><a href="#[df]">&gt;&gt;</a>&nbsp;&nbsp;&nbsp;vListInitialise
</UL>
<BR>[Called By]<UL><LI><a href="#[ba]">&gt;&gt;</a>&nbsp;&nbsp;&nbsp;xQueueGenericCreate
</UL>

<P><STRONG><a name="[ba]"></a>xQueueGenericCreate</STRONG> (Thumb, 86 bytes, Stack size 24 bytes, queue.o(.text))
<BR><BR>[Stack]<UL><LI>Max Depth = 232<LI>Call Chain = xQueueGenericCreate &rArr; pvPortMalloc &rArr; xTaskResumeAll &rArr; xTaskIncrementTick &rArr; vApplicationTickHook &rArr; vQueueSetAccessQueueSetFromISR &rArr; prvSendToQueueInSetFromISR &rArr; xQueueGenericSendFromISR &rArr; prvNotifyQueueSetContainer &rArr; prvCopyDataToQueue &rArr; xTaskPriorityDisinherit
</UL>
<BR>[Calls]<UL><LI><a href="#[e2]">&gt;&gt;</a>&nbsp;&nbsp;&nbsp;pvPortMalloc
<LI><a href="#[dd]">&gt;&gt;</a>&nbsp;&nbsp;&nbsp;xQueueGenericReset
</UL>
<BR>[Called By]<UL><LI><a href="#[bd]">&gt;&gt;</a>&nbsp;&nbsp;&nbsp;vStartSemaphoreTasks
<LI><a href="#[bc]">&gt;&gt;</a>&nbsp;&nbsp;&nbsp;vStartPolledQueueTasks
<LI><a href="#[be]">&gt;&gt;</a>&nbsp;&nbsp;&nbsp;vStartGenericQueueTasks
<LI><a href="#[6a]">&gt;&gt;</a>&nbsp;&nbsp;&nbsp;main
<LI><a href="#[11e]">&gt;&gt;</a>&nbsp;&nbsp;&nbsp;prvCheckForValidListAndQueue
<LI><a href="#[100]">&gt;&gt;</a>&nbsp;&nbsp;&nbsp;xQueueCreateSet
<LI><a href="#[ef]">&gt;&gt;</a>&nbsp;&nbsp;&nbsp;xQueueCreateMutex
<LI><a href="#[12b]">&gt;&gt;</a>&nbsp;&nbsp;&nbsp;prvSetupTest
<LI><a href="#[1dd]">&gt;&gt;</a>&nbsp;&nbsp;&nbsp;sys_sem_new
<LI><a href="#[1dc]">&gt;&gt;</a>&nbsp;&nbsp;&nbsp;sys_mbox_new
</UL>

<P><STRONG><a name="[b1]"></a>xQueueGenericSend</STRONG> (Thumb, 368 bytes, Stack size 64 bytes, queue.o(.text))
<BR><BR>[Stack]<UL><LI>Max Depth = 248<LI>Call Chain = xQueueGenericSend &rArr; xTaskResumeAll &rArr; xTaskIncrementTick &rArr; vApplicationTickHook &rArr; vQueueSetAccessQueueSetFromISR &rArr; prvSendToQueueInSetFromISR &rArr; xQueueGenericSendFromISR &rArr; prvNotifyQueueSetContainer &rArr; prvCopyDataToQueue &rArr; xTaskPriorityDisinherit
</UL>
<BR>[Calls]<UL><LI><a href="#[ed]">&gt;&gt;</a>&nbsp;&nbsp;&nbsp;xTaskResumeAll
<LI><a href="#[e1]">&gt;&gt;</a>&nbsp;&nbsp;&nbsp;xTaskRemoveFromEventList
<LI><a href="#[e9]">&gt;&gt;</a>&nbsp;&nbsp;&nbsp;xTaskGetSchedulerState
<LI><a href="#[ec]">&gt;&gt;</a>&nbsp;&nbsp;&nbsp;xTaskCheckForTimeOut
<LI><a href="#[eb]">&gt;&gt;</a>&nbsp;&nbsp;&nbsp;vTaskSuspendAll
<LI><a href="#[ee]">&gt;&gt;</a>&nbsp;&nbsp;&nbsp;vTaskPlaceOnEventList
<LI><a href="#[ea]">&gt;&gt;</a>&nbsp;&nbsp;&nbsp;vTaskInternalSetTimeOutState
<LI><a href="#[e0]">&gt;&gt;</a>&nbsp;&nbsp;&nbsp;vPortExitCritical
<LI><a href="#[de]">&gt;&gt;</a>&nbsp;&nbsp;&nbsp;vPortEnterCritical
<LI><a href="#[e7]">&gt;&gt;</a>&nbsp;&nbsp;&nbsp;prvUnlockQueue
<LI><a href="#[e6]">&gt;&gt;</a>&nbsp;&nbsp;&nbsp;prvNotifyQueueSetContainer
<LI><a href="#[e3]">&gt;&gt;</a>&nbsp;&nbsp;&nbsp;prvCopyDataToQueue
</UL>
<BR>[Called By]<UL><LI><a href="#[c3]">&gt;&gt;</a>&nbsp;&nbsp;&nbsp;tcp_echoserver_serve
<LI><a href="#[74]">&gt;&gt;</a>&nbsp;&nbsp;&nbsp;tcp_echoserver_netconn_thread
<LI><a href="#[bd]">&gt;&gt;</a>&nbsp;&nbsp;&nbsp;vStartSemaphoreTasks
<LI><a href="#[72]">&gt;&gt;</a>&nbsp;&nbsp;&nbsp;vUsbTask
<LI><a href="#[11a]">&gt;&gt;</a>&nbsp;&nbsp;&nbsp;xTimerGenericCommand
<LI><a href="#[ef]">&gt;&gt;</a>&nbsp;&nbsp;&nbsp;xQueueCreateMutex
<LI><a href="#[80]">&gt;&gt;</a>&nbsp;&nbsp;&nbsp;prvSemaphoreTest
<LI><a href="#[7e]">&gt;&gt;</a>&nbsp;&nbsp;&nbsp;prvQueueSetSendingTask
<LI><a href="#[12b]">&gt;&gt;</a>&nbsp;&nbsp;&nbsp;prvSetupTest
<LI><a href="#[7d]">&gt;&gt;</a>&nbsp;&nbsp;&nbsp;vPolledQueueProducer
<LI><a href="#[78]">&gt;&gt;</a>&nbsp;&nbsp;&nbsp;prvSendFrontAndBackTest
<LI><a href="#[128]">&gt;&gt;</a>&nbsp;&nbsp;&nbsp;prvTakeTwoMutexesReturnInDifferentOrder
<LI><a href="#[127]">&gt;&gt;</a>&nbsp;&nbsp;&nbsp;prvTakeTwoMutexesReturnInSameOrder
<LI><a href="#[7b]">&gt;&gt;</a>&nbsp;&nbsp;&nbsp;prvHighPriorityMutexTask
<LI><a href="#[1dd]">&gt;&gt;</a>&nbsp;&nbsp;&nbsp;sys_sem_new
<LI><a href="#[14a]">&gt;&gt;</a>&nbsp;&nbsp;&nbsp;sys_mutex_unlock
<LI><a href="#[1e9]">&gt;&gt;</a>&nbsp;&nbsp;&nbsp;sys_mbox_post
<LI><a href="#[1d6]">&gt;&gt;</a>&nbsp;&nbsp;&nbsp;sys_sem_signal
<LI><a href="#[1d5]">&gt;&gt;</a>&nbsp;&nbsp;&nbsp;sys_mbox_trypost
</UL>

<P><STRONG><a name="[ef]"></a>xQueueCreateMutex</STRONG> (Thumb, 36 bytes, Stack size 8 bytes, queue.o(.text))
<BR><BR>[Stack]<UL><LI>Max Depth = 256<LI>Call Chain = xQueueCreateMutex &rArr; xQueueGenericSend &rArr; xTaskResumeAll &rArr; xTaskIncrementTick &rArr; vApplicationTickHook &rArr; vQueueSetAccessQueueSetFromISR &rArr; prvSendToQueueInSetFromISR &rArr; xQueueGenericSendFromISR &rArr; prvNotifyQueueSetContainer &rArr; prvCopyDataToQueue &rArr; xTaskPriorityDisinherit
</UL>
<BR>[Calls]<UL><LI><a href="#[b1]">&gt;&gt;</a>&nbsp;&nbsp;&nbsp;xQueueGenericSend
<LI><a href="#[ba]">&gt;&gt;</a>&nbsp;&nbsp;&nbsp;xQueueGenericCreate
</UL>
<BR>[Called By]<UL><LI><a href="#[be]">&gt;&gt;</a>&nbsp;&nbsp;&nbsp;vStartGenericQueueTasks
<LI><a href="#[79]">&gt;&gt;</a>&nbsp;&nbsp;&nbsp;prvLowPriorityMutexTask
<LI><a href="#[145]">&gt;&gt;</a>&nbsp;&nbsp;&nbsp;sys_mutex_new
</UL>

<P><STRONG><a name="[ae]"></a>xQueueSemaphoreTake</STRONG> (Thumb, 376 bytes, Stack size 48 bytes, queue.o(.text))
<BR><BR>[Stack]<UL><LI>Max Depth = 232<LI>Call Chain = xQueueSemaphoreTake &rArr; xTaskResumeAll &rArr; xTaskIncrementTick &rArr; vApplicationTickHook &rArr; vQueueSetAccessQueueSetFromISR &rArr; prvSendToQueueInSetFromISR &rArr; xQueueGenericSendFromISR &rArr; prvNotifyQueueSetContainer &rArr; prvCopyDataToQueue &rArr; xTaskPriorityDisinherit
</UL>
<BR>[Calls]<UL><LI><a href="#[ed]">&gt;&gt;</a>&nbsp;&nbsp;&nbsp;xTaskResumeAll
<LI><a href="#[e1]">&gt;&gt;</a>&nbsp;&nbsp;&nbsp;xTaskRemoveFromEventList
<LI><a href="#[f2]">&gt;&gt;</a>&nbsp;&nbsp;&nbsp;xTaskPriorityInherit
<LI><a href="#[e9]">&gt;&gt;</a>&nbsp;&nbsp;&nbsp;xTaskGetSchedulerState
<LI><a href="#[ec]">&gt;&gt;</a>&nbsp;&nbsp;&nbsp;xTaskCheckForTimeOut
<LI><a href="#[eb]">&gt;&gt;</a>&nbsp;&nbsp;&nbsp;vTaskSuspendAll
<LI><a href="#[f3]">&gt;&gt;</a>&nbsp;&nbsp;&nbsp;vTaskPriorityDisinheritAfterTimeout
<LI><a href="#[ee]">&gt;&gt;</a>&nbsp;&nbsp;&nbsp;vTaskPlaceOnEventList
<LI><a href="#[ea]">&gt;&gt;</a>&nbsp;&nbsp;&nbsp;vTaskInternalSetTimeOutState
<LI><a href="#[e0]">&gt;&gt;</a>&nbsp;&nbsp;&nbsp;vPortExitCritical
<LI><a href="#[de]">&gt;&gt;</a>&nbsp;&nbsp;&nbsp;vPortEnterCritical
<LI><a href="#[f0]">&gt;&gt;</a>&nbsp;&nbsp;&nbsp;pvTaskIncrementMutexHeldCount
<LI><a href="#[f1]">&gt;&gt;</a>&nbsp;&nbsp;&nbsp;prvIsQueueEmpty
<LI><a href="#[e7]">&gt;&gt;</a>&nbsp;&nbsp;&nbsp;prvUnlockQueue
</UL>
<BR>[Called By]<UL><LI><a href="#[74]">&gt;&gt;</a>&nbsp;&nbsp;&nbsp;tcp_echoserver_netconn_thread
<LI><a href="#[72]">&gt;&gt;</a>&nbsp;&nbsp;&nbsp;vUsbTask
<LI><a href="#[80]">&gt;&gt;</a>&nbsp;&nbsp;&nbsp;prvSemaphoreTest
<LI><a href="#[128]">&gt;&gt;</a>&nbsp;&nbsp;&nbsp;prvTakeTwoMutexesReturnInDifferentOrder
<LI><a href="#[127]">&gt;&gt;</a>&nbsp;&nbsp;&nbsp;prvTakeTwoMutexesReturnInSameOrder
<LI><a href="#[7b]">&gt;&gt;</a>&nbsp;&nbsp;&nbsp;prvHighPriorityMutexTask
<LI><a href="#[1dd]">&gt;&gt;</a>&nbsp;&nbsp;&nbsp;sys_sem_new
<LI><a href="#[1e2]">&gt;&gt;</a>&nbsp;&nbsp;&nbsp;sys_arch_sem_wait
<LI><a href="#[149]">&gt;&gt;</a>&nbsp;&nbsp;&nbsp;sys_mutex_lock
</UL>

<P><STRONG><a name="[f4]"></a>xQueueGenericSendFromISR</STRONG> (Thumb, 202 bytes, Stack size 32 bytes, queue.o(.text))
<BR><BR>[Stack]<UL><LI>Max Depth = 96<LI>Call Chain = xQueueGenericSendFromISR &rArr; prvNotifyQueueSetContainer &rArr; prvCopyDataToQueue &rArr; xTaskPriorityDisinherit
</UL>
<BR>[Calls]<UL><LI><a href="#[e1]">&gt;&gt;</a>&nbsp;&nbsp;&nbsp;xTaskRemoveFromEventList
<LI><a href="#[f5]">&gt;&gt;</a>&nbsp;&nbsp;&nbsp;vPortValidateInterruptPriority
<LI><a href="#[e6]">&gt;&gt;</a>&nbsp;&nbsp;&nbsp;prvNotifyQueueSetContainer
<LI><a href="#[e3]">&gt;&gt;</a>&nbsp;&nbsp;&nbsp;prvCopyDataToQueue
</UL>
<BR>[Called By]<UL><LI><a href="#[11a]">&gt;&gt;</a>&nbsp;&nbsp;&nbsp;xTimerGenericCommand
<LI><a href="#[12d]">&gt;&gt;</a>&nbsp;&nbsp;&nbsp;prvSendToQueueInSetFromISR
<LI><a href="#[1d5]">&gt;&gt;</a>&nbsp;&nbsp;&nbsp;sys_mbox_trypost
</UL>

<P><STRONG><a name="[f6]"></a>xQueueGiveFromISR</STRONG> (Thumb, 172 bytes, Stack size 24 bytes, queue.o(.text))
<BR><BR>[Stack]<UL><LI>Max Depth = 88<LI>Call Chain = xQueueGiveFromISR &rArr; prvNotifyQueueSetContainer &rArr; prvCopyDataToQueue &rArr; xTaskPriorityDisinherit
</UL>
<BR>[Calls]<UL><LI><a href="#[e1]">&gt;&gt;</a>&nbsp;&nbsp;&nbsp;xTaskRemoveFromEventList
<LI><a href="#[f5]">&gt;&gt;</a>&nbsp;&nbsp;&nbsp;vPortValidateInterruptPriority
<LI><a href="#[e6]">&gt;&gt;</a>&nbsp;&nbsp;&nbsp;prvNotifyQueueSetContainer
</UL>
<BR>[Called By]<UL><LI><a href="#[1d6]">&gt;&gt;</a>&nbsp;&nbsp;&nbsp;sys_sem_signal
</UL>

<P><STRONG><a name="[db]"></a>xQueueReceive</STRONG> (Thumb, 306 bytes, Stack size 56 bytes, queue.o(.text))
<BR><BR>[Stack]<UL><LI>Max Depth = 240<LI>Call Chain = xQueueReceive &rArr; xTaskResumeAll &rArr; xTaskIncrementTick &rArr; vApplicationTickHook &rArr; vQueueSetAccessQueueSetFromISR &rArr; prvSendToQueueInSetFromISR &rArr; xQueueGenericSendFromISR &rArr; prvNotifyQueueSetContainer &rArr; prvCopyDataToQueue &rArr; xTaskPriorityDisinherit
</UL>
<BR>[Calls]<UL><LI><a href="#[ed]">&gt;&gt;</a>&nbsp;&nbsp;&nbsp;xTaskResumeAll
<LI><a href="#[e1]">&gt;&gt;</a>&nbsp;&nbsp;&nbsp;xTaskRemoveFromEventList
<LI><a href="#[e9]">&gt;&gt;</a>&nbsp;&nbsp;&nbsp;xTaskGetSchedulerState
<LI><a href="#[ec]">&gt;&gt;</a>&nbsp;&nbsp;&nbsp;xTaskCheckForTimeOut
<LI><a href="#[eb]">&gt;&gt;</a>&nbsp;&nbsp;&nbsp;vTaskSuspendAll
<LI><a href="#[ee]">&gt;&gt;</a>&nbsp;&nbsp;&nbsp;vTaskPlaceOnEventList
<LI><a href="#[ea]">&gt;&gt;</a>&nbsp;&nbsp;&nbsp;vTaskInternalSetTimeOutState
<LI><a href="#[e0]">&gt;&gt;</a>&nbsp;&nbsp;&nbsp;vPortExitCritical
<LI><a href="#[de]">&gt;&gt;</a>&nbsp;&nbsp;&nbsp;vPortEnterCritical
<LI><a href="#[f1]">&gt;&gt;</a>&nbsp;&nbsp;&nbsp;prvIsQueueEmpty
<LI><a href="#[f7]">&gt;&gt;</a>&nbsp;&nbsp;&nbsp;prvCopyDataFromQueue
<LI><a href="#[e7]">&gt;&gt;</a>&nbsp;&nbsp;&nbsp;prvUnlockQueue
</UL>
<BR>[Called By]<UL><LI><a href="#[71]">&gt;&gt;</a>&nbsp;&nbsp;&nbsp;hid_usb_thread
<LI><a href="#[11b]">&gt;&gt;</a>&nbsp;&nbsp;&nbsp;prvProcessReceivedCommands
<LI><a href="#[103]">&gt;&gt;</a>&nbsp;&nbsp;&nbsp;xQueueSelectFromSet
<LI><a href="#[7f]">&gt;&gt;</a>&nbsp;&nbsp;&nbsp;prvQueueSetReceivingTask
<LI><a href="#[12b]">&gt;&gt;</a>&nbsp;&nbsp;&nbsp;prvSetupTest
<LI><a href="#[7c]">&gt;&gt;</a>&nbsp;&nbsp;&nbsp;vPolledQueueConsumer
<LI><a href="#[78]">&gt;&gt;</a>&nbsp;&nbsp;&nbsp;prvSendFrontAndBackTest
<LI><a href="#[1ac]">&gt;&gt;</a>&nbsp;&nbsp;&nbsp;sys_arch_mbox_fetch
<LI><a href="#[1e1]">&gt;&gt;</a>&nbsp;&nbsp;&nbsp;sys_arch_mbox_tryfetch
</UL>

<P><STRONG><a name="[f8]"></a>xQueuePeek</STRONG> (Thumb, 304 bytes, Stack size 48 bytes, queue.o(.text))
<BR><BR>[Stack]<UL><LI>Max Depth = 232<LI>Call Chain = xQueuePeek &rArr; xTaskResumeAll &rArr; xTaskIncrementTick &rArr; vApplicationTickHook &rArr; vQueueSetAccessQueueSetFromISR &rArr; prvSendToQueueInSetFromISR &rArr; xQueueGenericSendFromISR &rArr; prvNotifyQueueSetContainer &rArr; prvCopyDataToQueue &rArr; xTaskPriorityDisinherit
</UL>
<BR>[Calls]<UL><LI><a href="#[ed]">&gt;&gt;</a>&nbsp;&nbsp;&nbsp;xTaskResumeAll
<LI><a href="#[e1]">&gt;&gt;</a>&nbsp;&nbsp;&nbsp;xTaskRemoveFromEventList
<LI><a href="#[e9]">&gt;&gt;</a>&nbsp;&nbsp;&nbsp;xTaskGetSchedulerState
<LI><a href="#[ec]">&gt;&gt;</a>&nbsp;&nbsp;&nbsp;xTaskCheckForTimeOut
<LI><a href="#[eb]">&gt;&gt;</a>&nbsp;&nbsp;&nbsp;vTaskSuspendAll
<LI><a href="#[ee]">&gt;&gt;</a>&nbsp;&nbsp;&nbsp;vTaskPlaceOnEventList
<LI><a href="#[ea]">&gt;&gt;</a>&nbsp;&nbsp;&nbsp;vTaskInternalSetTimeOutState
<LI><a href="#[e0]">&gt;&gt;</a>&nbsp;&nbsp;&nbsp;vPortExitCritical
<LI><a href="#[de]">&gt;&gt;</a>&nbsp;&nbsp;&nbsp;vPortEnterCritical
<LI><a href="#[f1]">&gt;&gt;</a>&nbsp;&nbsp;&nbsp;prvIsQueueEmpty
<LI><a href="#[f7]">&gt;&gt;</a>&nbsp;&nbsp;&nbsp;prvCopyDataFromQueue
<LI><a href="#[e7]">&gt;&gt;</a>&nbsp;&nbsp;&nbsp;prvUnlockQueue
</UL>
<BR>[Called By]<UL><LI><a href="#[78]">&gt;&gt;</a>&nbsp;&nbsp;&nbsp;prvSendFrontAndBackTest
</UL>

<P><STRONG><a name="[f9]"></a>xQueueReceiveFromISR</STRONG> (Thumb, 152 bytes, Stack size 32 bytes, queue.o(.text))
<BR><BR>[Stack]<UL><LI>Max Depth = 56<LI>Call Chain = xQueueReceiveFromISR &rArr; xTaskRemoveFromEventList
</UL>
<BR>[Calls]<UL><LI><a href="#[e1]">&gt;&gt;</a>&nbsp;&nbsp;&nbsp;xTaskRemoveFromEventList
<LI><a href="#[f5]">&gt;&gt;</a>&nbsp;&nbsp;&nbsp;vPortValidateInterruptPriority
<LI><a href="#[f7]">&gt;&gt;</a>&nbsp;&nbsp;&nbsp;prvCopyDataFromQueue
</UL>
<BR>[Called By]<UL><LI><a href="#[c2]">&gt;&gt;</a>&nbsp;&nbsp;&nbsp;vQueueSetAccessQueueSetFromISR
<LI><a href="#[104]">&gt;&gt;</a>&nbsp;&nbsp;&nbsp;xQueueSelectFromSetFromISR
<LI><a href="#[1e1]">&gt;&gt;</a>&nbsp;&nbsp;&nbsp;sys_arch_mbox_tryfetch
</UL>

<P><STRONG><a name="[fa]"></a>uxQueueMessagesWaiting</STRONG> (Thumb, 36 bytes, Stack size 8 bytes, queue.o(.text))
<BR><BR>[Stack]<UL><LI>Max Depth = 8<LI>Call Chain = uxQueueMessagesWaiting
</UL>
<BR>[Calls]<UL><LI><a href="#[e0]">&gt;&gt;</a>&nbsp;&nbsp;&nbsp;vPortExitCritical
<LI><a href="#[de]">&gt;&gt;</a>&nbsp;&nbsp;&nbsp;vPortEnterCritical
</UL>
<BR>[Called By]<UL><LI><a href="#[7c]">&gt;&gt;</a>&nbsp;&nbsp;&nbsp;vPolledQueueConsumer
<LI><a href="#[78]">&gt;&gt;</a>&nbsp;&nbsp;&nbsp;prvSendFrontAndBackTest
<LI><a href="#[1d0]">&gt;&gt;</a>&nbsp;&nbsp;&nbsp;sys_mbox_free
</UL>

<P><STRONG><a name="[fc]"></a>vQueueUnregisterQueue</STRONG> (Thumb, 36 bytes, Stack size 0 bytes, queue.o(.text))
<BR><BR>[Called By]<UL><LI><a href="#[fb]">&gt;&gt;</a>&nbsp;&nbsp;&nbsp;vQueueDelete
</UL>

<P><STRONG><a name="[fb]"></a>vQueueDelete</STRONG> (Thumb, 36 bytes, Stack size 8 bytes, queue.o(.text))
<BR><BR>[Stack]<UL><LI>Max Depth = 200<LI>Call Chain = vQueueDelete &rArr; vPortFree &rArr; xTaskResumeAll &rArr; xTaskIncrementTick &rArr; vApplicationTickHook &rArr; vQueueSetAccessQueueSetFromISR &rArr; prvSendToQueueInSetFromISR &rArr; xQueueGenericSendFromISR &rArr; prvNotifyQueueSetContainer &rArr; prvCopyDataToQueue &rArr; xTaskPriorityDisinherit
</UL>
<BR>[Calls]<UL><LI><a href="#[fd]">&gt;&gt;</a>&nbsp;&nbsp;&nbsp;vPortFree
<LI><a href="#[fc]">&gt;&gt;</a>&nbsp;&nbsp;&nbsp;vQueueUnregisterQueue
</UL>
<BR>[Called By]<UL><LI><a href="#[1cf]">&gt;&gt;</a>&nbsp;&nbsp;&nbsp;sys_sem_free
<LI><a href="#[1d0]">&gt;&gt;</a>&nbsp;&nbsp;&nbsp;sys_mbox_free
</UL>

<P><STRONG><a name="[11f]"></a>vQueueAddToRegistry</STRONG> (Thumb, 32 bytes, Stack size 8 bytes, queue.o(.text))
<BR><BR>[Stack]<UL><LI>Max Depth = 8<LI>Call Chain = vQueueAddToRegistry
</UL>
<BR>[Called By]<UL><LI><a href="#[bd]">&gt;&gt;</a>&nbsp;&nbsp;&nbsp;vStartSemaphoreTasks
<LI><a href="#[bc]">&gt;&gt;</a>&nbsp;&nbsp;&nbsp;vStartPolledQueueTasks
<LI><a href="#[be]">&gt;&gt;</a>&nbsp;&nbsp;&nbsp;vStartGenericQueueTasks
<LI><a href="#[11e]">&gt;&gt;</a>&nbsp;&nbsp;&nbsp;prvCheckForValidListAndQueue
</UL>

<P><STRONG><a name="[fe]"></a>vQueueWaitForMessageRestricted</STRONG> (Thumb, 68 bytes, Stack size 16 bytes, queue.o(.text))
<BR><BR>[Stack]<UL><LI>Max Depth = 104<LI>Call Chain = vQueueWaitForMessageRestricted &rArr; prvUnlockQueue &rArr; prvNotifyQueueSetContainer &rArr; prvCopyDataToQueue &rArr; xTaskPriorityDisinherit
</UL>
<BR>[Calls]<UL><LI><a href="#[ff]">&gt;&gt;</a>&nbsp;&nbsp;&nbsp;vTaskPlaceOnEventListRestricted
<LI><a href="#[e0]">&gt;&gt;</a>&nbsp;&nbsp;&nbsp;vPortExitCritical
<LI><a href="#[de]">&gt;&gt;</a>&nbsp;&nbsp;&nbsp;vPortEnterCritical
<LI><a href="#[e7]">&gt;&gt;</a>&nbsp;&nbsp;&nbsp;prvUnlockQueue
</UL>
<BR>[Called By]<UL><LI><a href="#[11d]">&gt;&gt;</a>&nbsp;&nbsp;&nbsp;prvProcessTimerOrBlockTask
</UL>

<P><STRONG><a name="[100]"></a>xQueueCreateSet</STRONG> (Thumb, 8 bytes, Stack size 0 bytes, queue.o(.text))
<BR><BR>[Stack]<UL><LI>Max Depth = 232<LI>Call Chain = xQueueCreateSet &rArr; xQueueGenericCreate &rArr; pvPortMalloc &rArr; xTaskResumeAll &rArr; xTaskIncrementTick &rArr; vApplicationTickHook &rArr; vQueueSetAccessQueueSetFromISR &rArr; prvSendToQueueInSetFromISR &rArr; xQueueGenericSendFromISR &rArr; prvNotifyQueueSetContainer &rArr; prvCopyDataToQueue &rArr; xTaskPriorityDisinherit
</UL>
<BR>[Calls]<UL><LI><a href="#[ba]">&gt;&gt;</a>&nbsp;&nbsp;&nbsp;xQueueGenericCreate
</UL>
<BR>[Called By]<UL><LI><a href="#[12b]">&gt;&gt;</a>&nbsp;&nbsp;&nbsp;prvSetupTest
</UL>

<P><STRONG><a name="[101]"></a>xQueueAddToSet</STRONG> (Thumb, 34 bytes, Stack size 16 bytes, queue.o(.text))
<BR><BR>[Stack]<UL><LI>Max Depth = 16<LI>Call Chain = xQueueAddToSet
</UL>
<BR>[Calls]<UL><LI><a href="#[e0]">&gt;&gt;</a>&nbsp;&nbsp;&nbsp;vPortExitCritical
<LI><a href="#[de]">&gt;&gt;</a>&nbsp;&nbsp;&nbsp;vPortEnterCritical
</UL>
<BR>[Called By]<UL><LI><a href="#[12b]">&gt;&gt;</a>&nbsp;&nbsp;&nbsp;prvSetupTest
</UL>

<P><STRONG><a name="[102]"></a>xQueueRemoveFromSet</STRONG> (Thumb, 34 bytes, Stack size 8 bytes, queue.o(.text))
<BR><BR>[Stack]<UL><LI>Max Depth = 8<LI>Call Chain = xQueueRemoveFromSet
</UL>
<BR>[Calls]<UL><LI><a href="#[e0]">&gt;&gt;</a>&nbsp;&nbsp;&nbsp;vPortExitCritical
<LI><a href="#[de]">&gt;&gt;</a>&nbsp;&nbsp;&nbsp;vPortEnterCritical
</UL>
<BR>[Called By]<UL><LI><a href="#[12b]">&gt;&gt;</a>&nbsp;&nbsp;&nbsp;prvSetupTest
</UL>

<P><STRONG><a name="[103]"></a>xQueueSelectFromSet</STRONG> (Thumb, 18 bytes, Stack size 8 bytes, queue.o(.text))
<BR><BR>[Stack]<UL><LI>Max Depth = 248<LI>Call Chain = xQueueSelectFromSet &rArr; xQueueReceive &rArr; xTaskResumeAll &rArr; xTaskIncrementTick &rArr; vApplicationTickHook &rArr; vQueueSetAccessQueueSetFromISR &rArr; prvSendToQueueInSetFromISR &rArr; xQueueGenericSendFromISR &rArr; prvNotifyQueueSetContainer &rArr; prvCopyDataToQueue &rArr; xTaskPriorityDisinherit
</UL>
<BR>[Calls]<UL><LI><a href="#[db]">&gt;&gt;</a>&nbsp;&nbsp;&nbsp;xQueueReceive
</UL>
<BR>[Called By]<UL><LI><a href="#[7f]">&gt;&gt;</a>&nbsp;&nbsp;&nbsp;prvQueueSetReceivingTask
<LI><a href="#[12b]">&gt;&gt;</a>&nbsp;&nbsp;&nbsp;prvSetupTest
</UL>

<P><STRONG><a name="[104]"></a>xQueueSelectFromSetFromISR</STRONG> (Thumb, 18 bytes, Stack size 8 bytes, queue.o(.text))
<BR><BR>[Stack]<UL><LI>Max Depth = 64<LI>Call Chain = xQueueSelectFromSetFromISR &rArr; xQueueReceiveFromISR &rArr; xTaskRemoveFromEventList
</UL>
<BR>[Calls]<UL><LI><a href="#[f9]">&gt;&gt;</a>&nbsp;&nbsp;&nbsp;xQueueReceiveFromISR
</UL>
<BR>[Called By]<UL><LI><a href="#[c2]">&gt;&gt;</a>&nbsp;&nbsp;&nbsp;vQueueSetAccessQueueSetFromISR
</UL>

<P><STRONG><a name="[bb]"></a>xTaskCreate</STRONG> (Thumb, 86 bytes, Stack size 56 bytes, tasks.o(.text))
<BR><BR>[Stack]<UL><LI>Max Depth = 264<LI>Call Chain = xTaskCreate &rArr; pvPortMalloc &rArr; xTaskResumeAll &rArr; xTaskIncrementTick &rArr; vApplicationTickHook &rArr; vQueueSetAccessQueueSetFromISR &rArr; prvSendToQueueInSetFromISR &rArr; xQueueGenericSendFromISR &rArr; prvNotifyQueueSetContainer &rArr; prvCopyDataToQueue &rArr; xTaskPriorityDisinherit
</UL>
<BR>[Calls]<UL><LI><a href="#[107]">&gt;&gt;</a>&nbsp;&nbsp;&nbsp;prvInitialiseNewTask
<LI><a href="#[105]">&gt;&gt;</a>&nbsp;&nbsp;&nbsp;prvAddNewTaskToReadyList
<LI><a href="#[fd]">&gt;&gt;</a>&nbsp;&nbsp;&nbsp;vPortFree
<LI><a href="#[e2]">&gt;&gt;</a>&nbsp;&nbsp;&nbsp;pvPortMalloc
</UL>
<BR>[Called By]<UL><LI><a href="#[c0]">&gt;&gt;</a>&nbsp;&nbsp;&nbsp;vTaskStartScheduler
<LI><a href="#[bd]">&gt;&gt;</a>&nbsp;&nbsp;&nbsp;vStartSemaphoreTasks
<LI><a href="#[bf]">&gt;&gt;</a>&nbsp;&nbsp;&nbsp;vStartQueueSetTasks
<LI><a href="#[bc]">&gt;&gt;</a>&nbsp;&nbsp;&nbsp;vStartPolledQueueTasks
<LI><a href="#[be]">&gt;&gt;</a>&nbsp;&nbsp;&nbsp;vStartGenericQueueTasks
<LI><a href="#[b2]">&gt;&gt;</a>&nbsp;&nbsp;&nbsp;sys_thread_new
<LI><a href="#[6a]">&gt;&gt;</a>&nbsp;&nbsp;&nbsp;main
<LI><a href="#[114]">&gt;&gt;</a>&nbsp;&nbsp;&nbsp;xTimerCreateTimerTask
</UL>

<P><STRONG><a name="[108]"></a>xTaskIncrementTick</STRONG> (Thumb, 200 bytes, Stack size 24 bytes, tasks.o(.text))
<BR><BR>[Stack]<UL><LI>Max Depth = 152<LI>Call Chain = xTaskIncrementTick &rArr; vApplicationTickHook &rArr; vQueueSetAccessQueueSetFromISR &rArr; prvSendToQueueInSetFromISR &rArr; xQueueGenericSendFromISR &rArr; prvNotifyQueueSetContainer &rArr; prvCopyDataToQueue &rArr; xTaskPriorityDisinherit
</UL>
<BR>[Calls]<UL><LI><a href="#[c1]">&gt;&gt;</a>&nbsp;&nbsp;&nbsp;vApplicationTickHook
<LI><a href="#[109]">&gt;&gt;</a>&nbsp;&nbsp;&nbsp;prvResetNextTaskUnblockTime
<LI><a href="#[10a]">&gt;&gt;</a>&nbsp;&nbsp;&nbsp;uxListRemove
<LI><a href="#[106]">&gt;&gt;</a>&nbsp;&nbsp;&nbsp;vListInsertEnd
</UL>
<BR>[Called By]<UL><LI><a href="#[ed]">&gt;&gt;</a>&nbsp;&nbsp;&nbsp;xTaskResumeAll
<LI><a href="#[9]">&gt;&gt;</a>&nbsp;&nbsp;&nbsp;SysTick_Handler
</UL>

<P><STRONG><a name="[ed]"></a>xTaskResumeAll</STRONG> (Thumb, 184 bytes, Stack size 32 bytes, tasks.o(.text))
<BR><BR>[Stack]<UL><LI>Max Depth = 184<LI>Call Chain = xTaskResumeAll &rArr; xTaskIncrementTick &rArr; vApplicationTickHook &rArr; vQueueSetAccessQueueSetFromISR &rArr; prvSendToQueueInSetFromISR &rArr; xQueueGenericSendFromISR &rArr; prvNotifyQueueSetContainer &rArr; prvCopyDataToQueue &rArr; xTaskPriorityDisinherit
</UL>
<BR>[Calls]<UL><LI><a href="#[108]">&gt;&gt;</a>&nbsp;&nbsp;&nbsp;xTaskIncrementTick
<LI><a href="#[109]">&gt;&gt;</a>&nbsp;&nbsp;&nbsp;prvResetNextTaskUnblockTime
<LI><a href="#[e0]">&gt;&gt;</a>&nbsp;&nbsp;&nbsp;vPortExitCritical
<LI><a href="#[de]">&gt;&gt;</a>&nbsp;&nbsp;&nbsp;vPortEnterCritical
<LI><a href="#[10a]">&gt;&gt;</a>&nbsp;&nbsp;&nbsp;uxListRemove
<LI><a href="#[106]">&gt;&gt;</a>&nbsp;&nbsp;&nbsp;vListInsertEnd
</UL>
<BR>[Called By]<UL><LI><a href="#[ae]">&gt;&gt;</a>&nbsp;&nbsp;&nbsp;xQueueSemaphoreTake
<LI><a href="#[b1]">&gt;&gt;</a>&nbsp;&nbsp;&nbsp;xQueueGenericSend
<LI><a href="#[11d]">&gt;&gt;</a>&nbsp;&nbsp;&nbsp;prvProcessTimerOrBlockTask
<LI><a href="#[fd]">&gt;&gt;</a>&nbsp;&nbsp;&nbsp;vPortFree
<LI><a href="#[e2]">&gt;&gt;</a>&nbsp;&nbsp;&nbsp;pvPortMalloc
<LI><a href="#[f8]">&gt;&gt;</a>&nbsp;&nbsp;&nbsp;xQueuePeek
<LI><a href="#[db]">&gt;&gt;</a>&nbsp;&nbsp;&nbsp;xQueueReceive
<LI><a href="#[dc]">&gt;&gt;</a>&nbsp;&nbsp;&nbsp;vTaskDelay
</UL>

<P><STRONG><a name="[eb]"></a>vTaskSuspendAll</STRONG> (Thumb, 10 bytes, Stack size 0 bytes, tasks.o(.text))
<BR><BR>[Called By]<UL><LI><a href="#[ae]">&gt;&gt;</a>&nbsp;&nbsp;&nbsp;xQueueSemaphoreTake
<LI><a href="#[b1]">&gt;&gt;</a>&nbsp;&nbsp;&nbsp;xQueueGenericSend
<LI><a href="#[11d]">&gt;&gt;</a>&nbsp;&nbsp;&nbsp;prvProcessTimerOrBlockTask
<LI><a href="#[fd]">&gt;&gt;</a>&nbsp;&nbsp;&nbsp;vPortFree
<LI><a href="#[e2]">&gt;&gt;</a>&nbsp;&nbsp;&nbsp;pvPortMalloc
<LI><a href="#[f8]">&gt;&gt;</a>&nbsp;&nbsp;&nbsp;xQueuePeek
<LI><a href="#[db]">&gt;&gt;</a>&nbsp;&nbsp;&nbsp;xQueueReceive
<LI><a href="#[dc]">&gt;&gt;</a>&nbsp;&nbsp;&nbsp;vTaskDelay
</UL>

<P><STRONG><a name="[dc]"></a>vTaskDelay</STRONG> (Thumb, 66 bytes, Stack size 8 bytes, tasks.o(.text))
<BR><BR>[Stack]<UL><LI>Max Depth = 192<LI>Call Chain = vTaskDelay &rArr; xTaskResumeAll &rArr; xTaskIncrementTick &rArr; vApplicationTickHook &rArr; vQueueSetAccessQueueSetFromISR &rArr; prvSendToQueueInSetFromISR &rArr; xQueueGenericSendFromISR &rArr; prvNotifyQueueSetContainer &rArr; prvCopyDataToQueue &rArr; xTaskPriorityDisinherit
</UL>
<BR>[Calls]<UL><LI><a href="#[10b]">&gt;&gt;</a>&nbsp;&nbsp;&nbsp;prvAddCurrentTaskToDelayedList
<LI><a href="#[ed]">&gt;&gt;</a>&nbsp;&nbsp;&nbsp;xTaskResumeAll
<LI><a href="#[eb]">&gt;&gt;</a>&nbsp;&nbsp;&nbsp;vTaskSuspendAll
</UL>
<BR>[Called By]<UL><LI><a href="#[71]">&gt;&gt;</a>&nbsp;&nbsp;&nbsp;hid_usb_thread
<LI><a href="#[80]">&gt;&gt;</a>&nbsp;&nbsp;&nbsp;prvSemaphoreTest
<LI><a href="#[12c]">&gt;&gt;</a>&nbsp;&nbsp;&nbsp;prvChangeRelativePriorities
<LI><a href="#[7c]">&gt;&gt;</a>&nbsp;&nbsp;&nbsp;vPolledQueueConsumer
<LI><a href="#[7d]">&gt;&gt;</a>&nbsp;&nbsp;&nbsp;vPolledQueueProducer
</UL>

<P><STRONG><a name="[10d]"></a>uxTaskPriorityGet</STRONG> (Thumb, 24 bytes, Stack size 8 bytes, tasks.o(.text))
<BR><BR>[Stack]<UL><LI>Max Depth = 8<LI>Call Chain = uxTaskPriorityGet
</UL>
<BR>[Calls]<UL><LI><a href="#[e0]">&gt;&gt;</a>&nbsp;&nbsp;&nbsp;vPortExitCritical
<LI><a href="#[de]">&gt;&gt;</a>&nbsp;&nbsp;&nbsp;vPortEnterCritical
</UL>
<BR>[Called By]<UL><LI><a href="#[7f]">&gt;&gt;</a>&nbsp;&nbsp;&nbsp;prvQueueSetReceivingTask
<LI><a href="#[128]">&gt;&gt;</a>&nbsp;&nbsp;&nbsp;prvTakeTwoMutexesReturnInDifferentOrder
<LI><a href="#[127]">&gt;&gt;</a>&nbsp;&nbsp;&nbsp;prvTakeTwoMutexesReturnInSameOrder
</UL>

<P><STRONG><a name="[10e]"></a>vTaskPrioritySet</STRONG> (Thumb, 196 bytes, Stack size 24 bytes, tasks.o(.text))
<BR><BR>[Stack]<UL><LI>Max Depth = 24<LI>Call Chain = vTaskPrioritySet
</UL>
<BR>[Calls]<UL><LI><a href="#[e0]">&gt;&gt;</a>&nbsp;&nbsp;&nbsp;vPortExitCritical
<LI><a href="#[de]">&gt;&gt;</a>&nbsp;&nbsp;&nbsp;vPortEnterCritical
<LI><a href="#[10a]">&gt;&gt;</a>&nbsp;&nbsp;&nbsp;uxListRemove
<LI><a href="#[106]">&gt;&gt;</a>&nbsp;&nbsp;&nbsp;vListInsertEnd
</UL>
<BR>[Called By]<UL><LI><a href="#[12c]">&gt;&gt;</a>&nbsp;&nbsp;&nbsp;prvChangeRelativePriorities
<LI><a href="#[128]">&gt;&gt;</a>&nbsp;&nbsp;&nbsp;prvTakeTwoMutexesReturnInDifferentOrder
</UL>

<P><STRONG><a name="[a1]"></a>vTaskSwitchContext</STRONG> (Thumb, 126 bytes, Stack size 8 bytes, tasks.o(.text))
<BR><BR>[Stack]<UL><LI>Max Depth = 8<LI>Call Chain = vTaskSwitchContext
</UL>
<BR>[Calls]<UL><LI><a href="#[10f]">&gt;&gt;</a>&nbsp;&nbsp;&nbsp;vApplicationStackOverflowHook
</UL>
<BR>[Called By]<UL><LI><a href="#[ac]">&gt;&gt;</a>&nbsp;&nbsp;&nbsp;vTaskSuspend
<LI><a href="#[8]">&gt;&gt;</a>&nbsp;&nbsp;&nbsp;PendSV_Handler
</UL>

<P><STRONG><a name="[ac]"></a>vTaskSuspend</STRONG> (Thumb, 172 bytes, Stack size 16 bytes, tasks.o(.text))
<BR><BR>[Stack]<UL><LI>Max Depth = 24<LI>Call Chain = vTaskSuspend &rArr; vTaskSwitchContext
</UL>
<BR>[Calls]<UL><LI><a href="#[a1]">&gt;&gt;</a>&nbsp;&nbsp;&nbsp;vTaskSwitchContext
<LI><a href="#[109]">&gt;&gt;</a>&nbsp;&nbsp;&nbsp;prvResetNextTaskUnblockTime
<LI><a href="#[e0]">&gt;&gt;</a>&nbsp;&nbsp;&nbsp;vPortExitCritical
<LI><a href="#[de]">&gt;&gt;</a>&nbsp;&nbsp;&nbsp;vPortEnterCritical
<LI><a href="#[10a]">&gt;&gt;</a>&nbsp;&nbsp;&nbsp;uxListRemove
<LI><a href="#[106]">&gt;&gt;</a>&nbsp;&nbsp;&nbsp;vListInsertEnd
</UL>
<BR>[Called By]<UL><LI><a href="#[bf]">&gt;&gt;</a>&nbsp;&nbsp;&nbsp;vStartQueueSetTasks
<LI><a href="#[72]">&gt;&gt;</a>&nbsp;&nbsp;&nbsp;vUsbTask
<LI><a href="#[73]">&gt;&gt;</a>&nbsp;&nbsp;&nbsp;vTcpTask
<LI><a href="#[7a]">&gt;&gt;</a>&nbsp;&nbsp;&nbsp;prvMediumPriorityMutexTask
<LI><a href="#[7b]">&gt;&gt;</a>&nbsp;&nbsp;&nbsp;prvHighPriorityMutexTask
</UL>

<P><STRONG><a name="[110]"></a>vTaskResume</STRONG> (Thumb, 112 bytes, Stack size 16 bytes, tasks.o(.text))
<BR><BR>[Stack]<UL><LI>Max Depth = 16<LI>Call Chain = vTaskResume
</UL>
<BR>[Calls]<UL><LI><a href="#[111]">&gt;&gt;</a>&nbsp;&nbsp;&nbsp;prvTaskIsTaskSuspended
<LI><a href="#[e0]">&gt;&gt;</a>&nbsp;&nbsp;&nbsp;vPortExitCritical
<LI><a href="#[de]">&gt;&gt;</a>&nbsp;&nbsp;&nbsp;vPortEnterCritical
<LI><a href="#[10a]">&gt;&gt;</a>&nbsp;&nbsp;&nbsp;uxListRemove
<LI><a href="#[106]">&gt;&gt;</a>&nbsp;&nbsp;&nbsp;vListInsertEnd
</UL>
<BR>[Called By]<UL><LI><a href="#[12b]">&gt;&gt;</a>&nbsp;&nbsp;&nbsp;prvSetupTest
<LI><a href="#[128]">&gt;&gt;</a>&nbsp;&nbsp;&nbsp;prvTakeTwoMutexesReturnInDifferentOrder
<LI><a href="#[127]">&gt;&gt;</a>&nbsp;&nbsp;&nbsp;prvTakeTwoMutexesReturnInSameOrder
</UL>

[...]
</UL>
<BR>[Calls]<UL><LI><a href="#[15d]">&gt;&gt;</a>&nbsp;&nbsp;&nbsp;pbuf_free
<LI><a href="#[1cc]">&gt;&gt;</a>&nbsp;&nbsp;&nbsp;ip_frag_free_pbuf_custom_ref
<LI><a href="#[a4]">&gt;&gt;</a>&nbsp;&nbsp;&nbsp;__2printf
</UL>
<BR>[Address Reference Count : 1]<UL><LI> ip4_frag.o(.text)
</UL>
<P><STRONG><a name="[1d2]"></a>netconn_close_shutdown</STRONG> (Thumb, 48 bytes, Stack size 24 bytes, api_lib.o(.text))
<BR><BR>[Stack]<UL><LI>Max Depth = 296<LI>Call Chain = netconn_close_shutdown &rArr; netconn_apimsg &rArr; tcpip_send_msg_wait_sem &rArr; sys_mutex_unlock &rArr; xQueueGenericSend &rArr; xTaskResumeAll &rArr; xTaskIncrementTick &rArr; vApplicationTickHook &rArr; vQueueSetAccessQueueSetFromISR &rArr; prvSendToQueueInSetFromISR &rArr; xQueueGenericSendFromISR &rArr; prvNotifyQueueSetContainer &rArr; prvCopyDataToQueue &rArr; xTaskPriorityDisinherit
</UL>
<BR>[Calls]<UL><LI><a href="#[1ce]">&gt;&gt;</a>&nbsp;&nbsp;&nbsp;netconn_apimsg
<LI><a href="#[a4]">&gt;&gt;</a>&nbsp;&nbsp;&nbsp;__2printf
</UL>
<BR>[Called By]<UL><LI><a href="#[c6]">&gt;&gt;</a>&nbsp;&nbsp;&nbsp;netconn_close
<LI><a href="#[1d3]">&gt;&gt;</a>&nbsp;&nbsp;&nbsp;netconn_recv_data
</UL>

<P><STRONG><a name="[1d3]"></a>netconn_recv_data</STRONG> (Thumb, 254 bytes, Stack size 48 bytes, api_lib.o(.text))
<BR><BR>[Stack]<UL><LI>Max Depth = 344<LI>Call Chain = netconn_recv_data &rArr; netconn_close_shutdown &rArr; netconn_apimsg &rArr; tcpip_send_msg_wait_sem &rArr; sys_mutex_unlock &rArr; xQueueGenericSend &rArr; xTaskResumeAll &rArr; xTaskIncrementTick &rArr; vApplicationTickHook &rArr; vQueueSetAccessQueueSetFromISR &rArr; prvSendToQueueInSetFromISR &rArr; xQueueGenericSendFromISR &rArr; prvNotifyQueueSetContainer &rArr; prvCopyDataToQueue &rArr; xTaskPriorityDisinherit
</UL>
<BR>[Calls]<UL><LI><a href="#[1ac]">&gt;&gt;</a>&nbsp;&nbsp;&nbsp;sys_arch_mbox_fetch
<LI><a href="#[1ce]">&gt;&gt;</a>&nbsp;&nbsp;&nbsp;netconn_apimsg
<LI><a href="#[1d2]">&gt;&gt;</a>&nbsp;&nbsp;&nbsp;netconn_close_shutdown
<LI><a href="#[a4]">&gt;&gt;</a>&nbsp;&nbsp;&nbsp;__2printf
</UL>
<BR>[Called By]<UL><LI><a href="#[c5]">&gt;&gt;</a>&nbsp;&nbsp;&nbsp;netconn_recv
</UL>

<P><STRONG><a name="[1ce]"></a>netconn_apimsg</STRONG> (Thumb, 22 bytes, Stack size 8 bytes, api_lib.o(.text))
<BR><BR>[Stack]<UL><LI>Max Depth = 272<LI>Call Chain = netconn_apimsg &rArr; tcpip_send_msg_wait_sem &rArr; sys_mutex_unlock &rArr; xQueueGenericSend &rArr; xTaskResumeAll &rArr; xTaskIncrementTick &rArr; vApplicationTickHook &rArr; vQueueSetAccessQueueSetFromISR &rArr; prvSendToQueueInSetFromISR &rArr; xQueueGenericSendFromISR &rArr; prvNotifyQueueSetContainer &rArr; prvCopyDataToQueue &rArr; xTaskPriorityDisinherit
</UL>
<BR>[Calls]<UL><LI><a href="#[1d4]">&gt;&gt;</a>&nbsp;&nbsp;&nbsp;tcpip_send_msg_wait_sem
</UL>
<BR>[Called By]<UL><LI><a href="#[cb]">&gt;&gt;</a>&nbsp;&nbsp;&nbsp;netconn_write_partly
<LI><a href="#[cd]">&gt;&gt;</a>&nbsp;&nbsp;&nbsp;netconn_new_with_proto_and_callback
<LI><a href="#[cf]">&gt;&gt;</a>&nbsp;&nbsp;&nbsp;netconn_listen_with_backlog
<LI><a href="#[d1]">&gt;&gt;</a>&nbsp;&nbsp;&nbsp;netconn_delete
<LI><a href="#[ce]">&gt;&gt;</a>&nbsp;&nbsp;&nbsp;netconn_bind
<LI><a href="#[1d3]">&gt;&gt;</a>&nbsp;&nbsp;&nbsp;netconn_recv_data
<LI><a href="#[1d2]">&gt;&gt;</a>&nbsp;&nbsp;&nbsp;netconn_close_shutdown
</UL>

<P><STRONG><a name="[91]"></a>recv_udp</STRONG> (Thumb, 154 bytes, Stack size 24 bytes, api_msg.o(.text))
<BR><BR>[Stack]<UL><LI>Max Depth = 320<LI>Call Chain = recv_udp &rArr; netbuf_delete &rArr; pbuf_free &rArr; mem_free &rArr; sys_mutex_unlock &rArr; xQueueGenericSend &rArr; xTaskResumeAll &rArr; xTaskIncrementTick &rArr; vApplicationTickHook &rArr; vQueueSetAccessQueueSetFromISR &rArr; prvSendToQueueInSetFromISR &rArr; xQueueGenericSendFromISR &rArr; prvNotifyQueueSetContainer &rArr; prvCopyDataToQueue &rArr; xTaskPriorityDisinherit
</UL>
<BR>[Calls]<UL><LI><a href="#[c7]">&gt;&gt;</a>&nbsp;&nbsp;&nbsp;netbuf_delete
<LI><a href="#[15d]">&gt;&gt;</a>&nbsp;&nbsp;&nbsp;pbuf_free
<LI><a href="#[14f]">&gt;&gt;</a>&nbsp;&nbsp;&nbsp;memp_malloc
<LI><a href="#[1d5]">&gt;&gt;</a>&nbsp;&nbsp;&nbsp;sys_mbox_trypost
<LI><a href="#[a4]">&gt;&gt;</a>&nbsp;&nbsp;&nbsp;__2printf
</UL>
<BR>[Address Reference Count : 1]<UL><LI> api_msg.o(.text)
</UL>
<P><STRONG><a name="[90]"></a>recv_tcp</STRONG> (Thumb, 156 bytes, Stack size 24 bytes, api_msg.o(.text))
<BR><BR>[Stack]<UL><LI>Max Depth = 616<LI>Call Chain = recv_tcp &rArr; tcp_recved &rArr; tcp_output &rArr; tcp_output_segment &rArr; ip4_output_if &rArr; ip4_output_if_src &rArr; ip4_frag &rArr; pbuf_alloc &rArr; pbuf_pool_is_empty &rArr; tcpip_callback_with_block &rArr; sys_mbox_post &rArr; xQueueGenericSend &rArr; xTaskResumeAll &rArr; xTaskIncrementTick &rArr; vApplicationTickHook &rArr; vQueueSetAccessQueueSetFromISR &rArr; prvSendToQueueInSetFromISR &rArr; xQueueGenericSendFromISR &rArr; prvNotifyQueueSetContainer &rArr; prvCopyDataToQueue &rArr; xTaskPriorityDisinherit
</UL>
<BR>[Calls]<UL><LI><a href="#[17a]">&gt;&gt;</a>&nbsp;&nbsp;&nbsp;tcp_recved
<LI><a href="#[15d]">&gt;&gt;</a>&nbsp;&nbsp;&nbsp;pbuf_free
<LI><a href="#[148]">&gt;&gt;</a>&nbsp;&nbsp;&nbsp;sys_arch_unprotect
<LI><a href="#[147]">&gt;&gt;</a>&nbsp;&nbsp;&nbsp;sys_arch_protect
<LI><a href="#[1d5]">&gt;&gt;</a>&nbsp;&nbsp;&nbsp;sys_mbox_trypost
<LI><a href="#[a4]">&gt;&gt;</a>&nbsp;&nbsp;&nbsp;__2printf
</UL>
<BR>[Address Reference Count : 1]<UL><LI> api_msg.o(.text)
</UL>
<P><STRONG><a name="[8f]"></a>err_tcp</STRONG> (Thumb, 266 bytes, Stack size 24 bytes, api_msg.o(.text))
<BR><BR>[Stack]<UL><LI>Max Depth = 288<LI>Call Chain = err_tcp &rArr; sys_mbox_trypost &rArr; xQueueGenericSend &rArr; xTaskResumeAll &rArr; xTaskIncrementTick &rArr; vApplicationTickHook &rArr; vQueueSetAccessQueueSetFromISR &rArr; prvSendToQueueInSetFromISR &rArr; xQueueGenericSendFromISR &rArr; prvNotifyQueueSetContainer &rArr; prvCopyDataToQueue &rArr; xTaskPriorityDisinherit
</UL>
<BR>[Calls]<UL><LI><a href="#[148]">&gt;&gt;</a>&nbsp;&nbsp;&nbsp;sys_arch_unprotect
<LI><a href="#[147]">&gt;&gt;</a>&nbsp;&nbsp;&nbsp;sys_arch_protect
<LI><a href="#[1d6]">&gt;&gt;</a>&nbsp;&nbsp;&nbsp;sys_sem_signal
<LI><a href="#[1d5]">&gt;&gt;</a>&nbsp;&nbsp;&nbsp;sys_mbox_trypost
<LI><a href="#[a4]">&gt;&gt;</a>&nbsp;&nbsp;&nbsp;__2printf
</UL>
<BR>[Address Reference Count : 1]<UL><LI> api_msg.o(.text)
</UL>
<P><STRONG><a name="[1d7]"></a>lwip_netconn_do_writemore</STRONG> (Thumb, 978 bytes, Stack size 48 bytes, api_msg.o(.text))
<BR><BR>[Stack]<UL><LI>Max Depth = 624<LI>Call Chain = lwip_netconn_do_writemore &rArr; tcp_output &rArr; tcp_output_segment &rArr; ip4_output_if &rArr; ip4_output_if_src &rArr; ip4_frag &rArr; pbuf_alloc &rArr; pbuf_pool_is_empty &rArr; tcpip_callback_with_block &rArr; sys_mbox_post &rArr; xQueueGenericSend &rArr; xTaskResumeAll &rArr; xTaskIncrementTick &rArr; vApplicationTickHook &rArr; vQueueSetAccessQueueSetFromISR &rArr; prvSendToQueueInSetFromISR &rArr; xQueueGenericSendFromISR &rArr; prvNotifyQueueSetContainer &rArr; prvCopyDataToQueue &rArr; xTaskPriorityDisinherit
</UL>
<BR>[Calls]<UL><LI><a href="#[1a6]">&gt;&gt;</a>&nbsp;&nbsp;&nbsp;tcp_write
<LI><a href="#[170]">&gt;&gt;</a>&nbsp;&nbsp;&nbsp;tcp_output
<LI><a href="#[148]">&gt;&gt;</a>&nbsp;&nbsp;&nbsp;sys_arch_unprotect
<LI><a href="#[147]">&gt;&gt;</a>&nbsp;&nbsp;&nbsp;sys_arch_protect
<LI><a href="#[1d6]">&gt;&gt;</a>&nbsp;&nbsp;&nbsp;sys_sem_signal
<LI><a href="#[a4]">&gt;&gt;</a>&nbsp;&nbsp;&nbsp;__2printf
</UL>
<BR>[Called By]<UL><LI><a href="#[8e]">&gt;&gt;</a>&nbsp;&nbsp;&nbsp;poll_tcp
<LI><a href="#[8d]">&gt;&gt;</a>&nbsp;&nbsp;&nbsp;sent_tcp
<LI><a href="#[8c]">&gt;&gt;</a>&nbsp;&nbsp;&nbsp;lwip_netconn_do_write
</UL>

<P><STRONG><a name="[8d]"></a>sent_tcp</STRONG> (Thumb, 106 bytes, Stack size 16 bytes, api_msg.o(.text))
<BR><BR>[Stack]<UL><LI>Max Depth = 688<LI>Call Chain = sent_tcp &rArr; lwip_netconn_do_close_internal &rArr; tcp_abort &rArr; tcp_abandon &rArr; tcp_pcb_remove &rArr; tcp_output &rArr; tcp_output_segment &rArr; ip4_output_if &rArr; ip4_output_if_src &rArr; ip4_frag &rArr; pbuf_alloc &rArr; pbuf_pool_is_empty &rArr; tcpip_callback_with_block &rArr; sys_mbox_post &rArr; xQueueGenericSend &rArr; xTaskResumeAll &rArr; xTaskIncrementTick &rArr; vApplicationTickHook &rArr; vQueueSetAccessQueueSetFromISR &rArr; prvSendToQueueInSetFromISR &rArr; xQueueGenericSendFromISR &rArr; prvNotifyQueueSetContainer &rArr; prvCopyDataToQueue &rArr; xTaskPriorityDisinherit
</UL>
<BR>[Calls]<UL><LI><a href="#[1d8]">&gt;&gt;</a>&nbsp;&nbsp;&nbsp;lwip_netconn_do_close_internal
<LI><a href="#[1d7]">&gt;&gt;</a>&nbsp;&nbsp;&nbsp;lwip_netconn_do_writemore
<LI><a href="#[a4]">&gt;&gt;</a>&nbsp;&nbsp;&nbsp;__2printf
</UL>
<BR>[Address Reference Count : 1]<UL><LI> api_msg.o(.text)
</UL>
<P><STRONG><a name="[1d8]"></a>lwip_netconn_do_close_internal</STRONG> (Thumb, 484 bytes, Stack size 32 bytes, api_msg.o(.text))
<BR><BR>[Stack]<UL><LI>Max Depth = 672<LI>Call Chain = lwip_netconn_do_close_internal &rArr; tcp_abort &rArr; tcp_abandon &rArr; tcp_pcb_remove &rArr; tcp_output &rArr; tcp_output_segment &rArr; ip4_output_if &rArr; ip4_output_if_src &rArr; ip4_frag &rArr; pbuf_alloc &rArr; pbuf_pool_is_empty &rArr; tcpip_callback_with_block &rArr; sys_mbox_post &rArr; xQueueGenericSend &rArr; xTaskResumeAll &rArr; xTaskIncrementTick &rArr; vApplicationTickHook &rArr; vQueueSetAccessQueueSetFromISR &rArr; prvSendToQueueInSetFromISR &rArr; xQueueGenericSendFromISR &rArr; prvNotifyQueueSetContainer &rArr; prvCopyDataToQueue &rArr; xTaskPriorityDisinherit
</UL>
<BR>[Calls]<UL><LI><a href="#[191]">&gt;&gt;</a>&nbsp;&nbsp;&nbsp;tcp_poll
<LI><a href="#[1da]">&gt;&gt;</a>&nbsp;&nbsp;&nbsp;tcp_accept
<LI><a href="#[190]">&gt;&gt;</a>&nbsp;&nbsp;&nbsp;tcp_err
<LI><a href="#[18f]">&gt;&gt;</a>&nbsp;&nbsp;&nbsp;tcp_sent
<LI><a href="#[18e]">&gt;&gt;</a>&nbsp;&nbsp;&nbsp;tcp_recv
<LI><a href="#[1d9]">&gt;&gt;</a>&nbsp;&nbsp;&nbsp;tcp_arg
<LI><a href="#[180]">&gt;&gt;</a>&nbsp;&nbsp;&nbsp;tcp_abort
<LI><a href="#[17e]">&gt;&gt;</a>&nbsp;&nbsp;&nbsp;tcp_shutdown
<LI><a href="#[178]">&gt;&gt;</a>&nbsp;&nbsp;&nbsp;tcp_close
<LI><a href="#[148]">&gt;&gt;</a>&nbsp;&nbsp;&nbsp;sys_arch_unprotect
<LI><a href="#[147]">&gt;&gt;</a>&nbsp;&nbsp;&nbsp;sys_arch_protect
<LI><a href="#[1d6]">&gt;&gt;</a>&nbsp;&nbsp;&nbsp;sys_sem_signal
<LI><a href="#[a4]">&gt;&gt;</a>&nbsp;&nbsp;&nbsp;__2printf
</UL>
<BR>[Called By]<UL><LI><a href="#[8e]">&gt;&gt;</a>&nbsp;&nbsp;&nbsp;poll_tcp
<LI><a href="#[8d]">&gt;&gt;</a>&nbsp;&nbsp;&nbsp;sent_tcp
<LI><a href="#[87]">&gt;&gt;</a>&nbsp;&nbsp;&nbsp;lwip_netconn_do_delconn
<LI><a href="#[8a]">&gt;&gt;</a>&nbsp;&nbsp;&nbsp;lwip_netconn_do_close
</UL>

<P><STRONG><a name="[8e]"></a>poll_tcp</STRONG> (Thumb, 118 bytes, Stack size 8 bytes, api_msg.o(.text))
<BR><BR>[Stack]<UL><LI>Max Depth = 680<LI>Call Chain = poll_tcp &rArr; lwip_netconn_do_close_internal &rArr; tcp_abort &rArr; tcp_abandon &rArr; tcp_pcb_remove &rArr; tcp_output &rArr; tcp_output_segment &rArr; ip4_output_if &rArr; ip4_output_if_src &rArr; ip4_frag &rArr; pbuf_alloc &rArr; pbuf_pool_is_empty &rArr; tcpip_callback_with_block &rArr; sys_mbox_post &rArr; xQueueGenericSend &rArr; xTaskResumeAll &rArr; xTaskIncrementTick &rArr; vApplicationTickHook &rArr; vQueueSetAccessQueueSetFromISR &rArr; prvSendToQueueInSetFromISR &rArr; xQueueGenericSendFromISR &rArr; prvNotifyQueueSetContainer &rArr; prvCopyDataToQueue &rArr; xTaskPriorityDisinherit
</UL>
<BR>[Calls]<UL><LI><a href="#[1d8]">&gt;&gt;</a>&nbsp;&nbsp;&nbsp;lwip_netconn_do_close_internal
<LI><a href="#[1d7]">&gt;&gt;</a>&nbsp;&nbsp;&nbsp;lwip_netconn_do_writemore
<LI><a href="#[a4]">&gt;&gt;</a>&nbsp;&nbsp;&nbsp;__2printf
</UL>
<BR>[Address Reference Count : 1]<UL><LI> api_msg.o(.text)
</UL>
<P><STRONG><a name="[1db]"></a>setup_tcp</STRONG> (Thumb, 50 bytes, Stack size 8 bytes, api_msg.o(.text))
<BR><BR>[Stack]<UL><LI>Max Depth = 48<LI>Call Chain = setup_tcp &rArr; tcp_poll &rArr; __2printf
</UL>
<BR>[Calls]<UL><LI><a href="#[191]">&gt;&gt;</a>&nbsp;&nbsp;&nbsp;tcp_poll
<LI><a href="#[190]">&gt;&gt;</a>&nbsp;&nbsp;&nbsp;tcp_err
<LI><a href="#[18f]">&gt;&gt;</a>&nbsp;&nbsp;&nbsp;tcp_sent
<LI><a href="#[18e]">&gt;&gt;</a>&nbsp;&nbsp;&nbsp;tcp_recv
<LI><a href="#[1d9]">&gt;&gt;</a>&nbsp;&nbsp;&nbsp;tcp_arg
</UL>
<BR>[Called By]<UL><LI><a href="#[92]">&gt;&gt;</a>&nbsp;&nbsp;&nbsp;lwip_netconn_do_connected
<LI><a href="#[1de]">&gt;&gt;</a>&nbsp;&nbsp;&nbsp;pcb_new
<LI><a href="#[93]">&gt;&gt;</a>&nbsp;&nbsp;&nbsp;accept_function
<LI><a href="#[1e3]">&gt;&gt;</a>&nbsp;&nbsp;&nbsp;lwip_netconn_do_connect
</UL>

<P><STRONG><a name="[93]"></a>accept_function</STRONG> (Thumb, 568 bytes, Stack size 32 bytes, api_msg.o(.text))
<BR><BR>[Stack]<UL><LI>Max Depth = 320<LI>Call Chain = accept_function &rArr; netconn_alloc &rArr; sys_sem_new &rArr; xQueueGenericSend &rArr; xTaskResumeAll &rArr; xTaskIncrementTick &rArr; vApplicationTickHook &rArr; vQueueSetAccessQueueSetFromISR &rArr; prvSendToQueueInSetFromISR &rArr; xQueueGenericSendFromISR &rArr; prvNotifyQueueSetContainer &rArr; prvCopyDataToQueue &rArr; xTaskPriorityDisinherit
</UL>
<BR>[Calls]<UL><LI><a href="#[191]">&gt;&gt;</a>&nbsp;&nbsp;&nbsp;tcp_poll
<LI><a href="#[190]">&gt;&gt;</a>&nbsp;&nbsp;&nbsp;tcp_err
<LI><a href="#[18f]">&gt;&gt;</a>&nbsp;&nbsp;&nbsp;tcp_sent
<LI><a href="#[18e]">&gt;&gt;</a>&nbsp;&nbsp;&nbsp;tcp_recv
<LI><a href="#[1d9]">&gt;&gt;</a>&nbsp;&nbsp;&nbsp;tcp_arg
<LI><a href="#[1d5]">&gt;&gt;</a>&nbsp;&nbsp;&nbsp;sys_mbox_trypost
<LI><a href="#[1db]">&gt;&gt;</a>&nbsp;&nbsp;&nbsp;setup_tcp
<LI><a href="#[1d0]">&gt;&gt;</a>&nbsp;&nbsp;&nbsp;sys_mbox_free
<LI><a href="#[1d1]">&gt;&gt;</a>&nbsp;&nbsp;&nbsp;netconn_free
<LI><a href="#[1cd]">&gt;&gt;</a>&nbsp;&nbsp;&nbsp;netconn_alloc
</UL>
<BR>[Address Reference Count : 1]<UL><LI> api_msg.o(.text)
</UL>
<P><STRONG><a name="[1de]"></a>pcb_new</STRONG> (Thumb, 122 bytes, Stack size 16 bytes, api_msg.o(.text))
<BR><BR>[Stack]<UL><LI>Max Depth = 696<LI>Call Chain = pcb_new &rArr; tcp_new_ip_type &rArr; tcp_alloc &rArr; tcp_kill_state &rArr; tcp_abandon &rArr; tcp_pcb_remove &rArr; tcp_output &rArr; tcp_output_segment &rArr; ip4_output_if &rArr; ip4_output_if_src &rArr; ip4_frag &rArr; pbuf_alloc &rArr; pbuf_pool_is_empty &rArr; tcpip_callback_with_block &rArr; sys_mbox_post &rArr; xQueueGenericSend &rArr; xTaskResumeAll &rArr; xTaskIncrementTick &rArr; vApplicationTickHook &rArr; vQueueSetAccessQueueSetFromISR &rArr; prvSendToQueueInSetFromISR &rArr; xQueueGenericSendFromISR &rArr; prvNotifyQueueSetContainer &rArr; prvCopyDataToQueue &rArr; xTaskPriorityDisinherit
</UL>
<BR>[Calls]<UL><LI><a href="#[1b9]">&gt;&gt;</a>&nbsp;&nbsp;&nbsp;udp_new_ip_type
<LI><a href="#[1df]">&gt;&gt;</a>&nbsp;&nbsp;&nbsp;udp_recv
<LI><a href="#[18d]">&gt;&gt;</a>&nbsp;&nbsp;&nbsp;tcp_new_ip_type
<LI><a href="#[1db]">&gt;&gt;</a>&nbsp;&nbsp;&nbsp;setup_tcp
<LI><a href="#[a4]">&gt;&gt;</a>&nbsp;&nbsp;&nbsp;__2printf
</UL>
<BR>[Called By]<UL><LI><a href="#[86]">&gt;&gt;</a>&nbsp;&nbsp;&nbsp;lwip_netconn_do_newconn
</UL>

<P><STRONG><a name="[1e0]"></a>netconn_drain</STRONG> (Thumb, 144 bytes, Stack size 32 bytes, api_msg.o(.text))
<BR><BR>[Stack]<UL><LI>Max Depth = 672 + In Cycle
<LI>Call Chain = netconn_drain &rArr;  netconn_drain (Cycle)
</UL>
<BR>[Calls]<UL><LI><a href="#[c7]">&gt;&gt;</a>&nbsp;&nbsp;&nbsp;netbuf_delete
<LI><a href="#[180]">&gt;&gt;</a>&nbsp;&nbsp;&nbsp;tcp_abort
<LI><a href="#[17a]">&gt;&gt;</a>&nbsp;&nbsp;&nbsp;tcp_recved
<LI><a href="#[15d]">&gt;&gt;</a>&nbsp;&nbsp;&nbsp;pbuf_free
<LI><a href="#[1e1]">&gt;&gt;</a>&nbsp;&nbsp;&nbsp;sys_arch_mbox_tryfetch
<LI><a href="#[1e0]">&gt;&gt;</a>&nbsp;&nbsp;&nbsp;netconn_drain
<LI><a href="#[1d0]">&gt;&gt;</a>&nbsp;&nbsp;&nbsp;sys_mbox_free
<LI><a href="#[1d1]">&gt;&gt;</a>&nbsp;&nbsp;&nbsp;netconn_free
</UL>
<BR>[Called By]<UL><LI><a href="#[1e0]">&gt;&gt;</a>&nbsp;&nbsp;&nbsp;netconn_drain
<LI><a href="#[87]">&gt;&gt;</a>&nbsp;&nbsp;&nbsp;lwip_netconn_do_delconn
<LI><a href="#[8a]">&gt;&gt;</a>&nbsp;&nbsp;&nbsp;lwip_netconn_do_close
</UL>

<P><STRONG><a name="[92]"></a>lwip_netconn_do_connected</STRONG> (Thumb, 426 bytes, Stack size 24 bytes, api_msg.o(.text))
<BR><BR>[Stack]<UL><LI>Max Depth = 280<LI>Call Chain = lwip_netconn_do_connected &rArr; sys_sem_signal &rArr; xQueueGenericSend &rArr; xTaskResumeAll &rArr; xTaskIncrementTick &rArr; vApplicationTickHook &rArr; vQueueSetAccessQueueSetFromISR &rArr; prvSendToQueueInSetFromISR &rArr; xQueueGenericSendFromISR &rArr; prvNotifyQueueSetContainer &rArr; prvCopyDataToQueue &rArr; xTaskPriorityDisinherit
</UL>
<BR>[Calls]<UL><LI><a href="#[148]">&gt;&gt;</a>&nbsp;&nbsp;&nbsp;sys_arch_unprotect
<LI><a href="#[147]">&gt;&gt;</a>&nbsp;&nbsp;&nbsp;sys_arch_protect
<LI><a href="#[1d6]">&gt;&gt;</a>&nbsp;&nbsp;&nbsp;sys_sem_signal
<LI><a href="#[1db]">&gt;&gt;</a>&nbsp;&nbsp;&nbsp;setup_tcp
<LI><a href="#[a4]">&gt;&gt;</a>&nbsp;&nbsp;&nbsp;__2printf
</UL>
<BR>[Address Reference Count : 1]<UL><LI> api_msg.o(.text)
</UL>
<P><STRONG><a name="[96]"></a>tcpip_thread</STRONG> (Thumb, 122 bytes, Stack size 8 bytes, tcpip.o(.text))
<BR><BR>[Stack]<UL><LI>Max Depth = 304<LI>Call Chain = tcpip_thread &rArr; sys_timeouts_mbox_fetch &rArr; sys_arch_mbox_fetch &rArr; xQueueReceive &rArr; xTaskResumeAll &rArr; xTaskIncrementTick &rArr; vApplicationTickHook &rArr; vQueueSetAccessQueueSetFromISR &rArr; prvSendToQueueInSetFromISR &rArr; xQueueGenericSendFromISR &rArr; prvNotifyQueueSetContainer &rArr; prvCopyDataToQueue &rArr; xTaskPriorityDisinherit
</UL>
<BR>[Calls]<UL><LI><a href="#[1ab]">&gt;&gt;</a>&nbsp;&nbsp;&nbsp;sys_timeouts_mbox_fetch
<LI><a href="#[151]">&gt;&gt;</a>&nbsp;&nbsp;&nbsp;memp_free
<LI><a href="#[14a]">&gt;&gt;</a>&nbsp;&nbsp;&nbsp;sys_mutex_unlock
<LI><a href="#[149]">&gt;&gt;</a>&nbsp;&nbsp;&nbsp;sys_mutex_lock
<LI><a href="#[a4]">&gt;&gt;</a>&nbsp;&nbsp;&nbsp;__2printf
</UL>
<BR>[Address Reference Count : 1]<UL><LI> tcpip.o(.text)
</UL>
<P><STRONG><a name="[98]"></a>low_level_output</STRONG> (Thumb, 52 bytes, Stack size 16 bytes, ethernetif.o(.text))
<BR><BR>[Stack]<UL><LI>Max Depth = 16<LI>Call Chain = low_level_output
</UL>
<BR>[Calls]<UL><LI><a href="#[1ec]">&gt;&gt;</a>&nbsp;&nbsp;&nbsp;ETH_trigger_tx
<LI><a href="#[1eb]">&gt;&gt;</a>&nbsp;&nbsp;&nbsp;ETH_get_tx_buf
<LI><a href="#[e4]">&gt;&gt;</a>&nbsp;&nbsp;&nbsp;__aeabi_memcpy
</UL>
<BR>[Address Reference Count : 1]<UL><LI> ethernetif.o(.text)
</UL>
<P><STRONG><a name="[1ef]"></a>reset_phy</STRONG> (Thumb, 234 bytes, Stack size 24 bytes, m480_eth.o(.text))
<BR><BR>[Stack]<UL><LI>Max Depth = 48<LI>Call Chain = reset_phy &rArr; __2printf
</UL>
<BR>[Calls]<UL><LI><a href="#[1f1]">&gt;&gt;</a>&nbsp;&nbsp;&nbsp;mdio_read
<LI><a href="#[1f0]">&gt;&gt;</a>&nbsp;&nbsp;&nbsp;mdio_write
<LI><a href="#[a4]">&gt;&gt;</a>&nbsp;&nbsp;&nbsp;__2printf
</UL>
<BR>[Called By]<UL><LI><a href="#[1ee]">&gt;&gt;</a>&nbsp;&nbsp;&nbsp;ETH_init
</UL>

<P><STRONG><a name="[1f0]"></a>mdio_write</STRONG> (Thumb, 28 bytes, Stack size 0 bytes, m480_eth.o(.text))
<BR><BR>[Called By]<UL><LI><a href="#[1ef]">&gt;&gt;</a>&nbsp;&nbsp;&nbsp;reset_phy
</UL>

<P><STRONG><a name="[1f1]"></a>mdio_read</STRONG> (Thumb, 30 bytes, Stack size 0 bytes, m480_eth.o(.text))
<BR><BR>[Called By]<UL><LI><a href="#[1ef]">&gt;&gt;</a>&nbsp;&nbsp;&nbsp;reset_phy
</UL>

<P><STRONG><a name="[1f2]"></a>init_tx_desc</STRONG> (Thumb, 70 bytes, Stack size 16 bytes, m480_eth.o(.text))
<BR><BR>[Stack]<UL><LI>Max Depth = 16<LI>Call Chain = init_tx_desc
</UL>
<BR>[Called By]<UL><LI><a href="#[1ee]">&gt;&gt;</a>&nbsp;&nbsp;&nbsp;ETH_init
</UL>

<P><STRONG><a name="[1ff]"></a>_printf_core</STRONG> (Thumb, 660 bytes, Stack size 104 bytes, printf5.o(i._printf_core), UNUSED)
<BR><BR>[Calls]<UL><LI><a href="#[1f7]">&gt;&gt;</a>&nbsp;&nbsp;&nbsp;__aeabi_uldivmod
</UL>
<BR>[Called By]<UL><LI><a href="#[1fe]">&gt;&gt;</a>&nbsp;&nbsp;&nbsp;__0printf$5
</UL>
<P>
<H3>
Undefined Global Symbols
</H3><HR></body></html>
