Component: ARM Compiler 5.06 update 7 (build 960) Tool: armlink [4d3601]

==============================================================================

Section Cross References

    system_m480.o(.text) refers to clk.o(.text) for CLK_GetPLLClockFreq
    system_m480.o(.text) refers to system_m480.o(.data) for .data
    startup_m480.o(RESET) refers to startup_m480.o(STACK) for __initial_sp
    startup_m480.o(RESET) refers to startup_m480.o(.text) for Reset_Handler
    startup_m480.o(RESET) refers to retarget.o(.emb_text) for HardFault_Handler
    startup_m480.o(RESET) refers to port.o(.emb_text) for SVC_Handler
    startup_m480.o(RESET) refers to port.o(.text) for SysTick_Handler
    startup_m480.o(RESET) refers to hid_kb.o(.text) for USBD_IRQHandler
    startup_m480.o(RESET) refers to m480_eth.o(.text) for EMAC_TX_IRQHandler
    startup_m480.o(.text) refers to system_m480.o(.text) for SystemInit
    startup_m480.o(.text) refers to entry.o(.ARM.Collect$$$$00000000) for __main
    main.o(.text) refers to printf5.o(i.__0printf$5) for __2printf
    main.o(.text) refers to tcpip.o(.text) for tcpip_init
    main.o(.text) refers to netif.o(.text) for netif_add
    main.o(.text) refers to tcp_echoserver-netconn.o(.text) for tcp_echoserver_netconn_init
    main.o(.text) refers to tasks.o(.text) for vTaskSuspend
    main.o(.text) refers to usbd.o(.text) for USBD_Open
    main.o(.text) refers to queue.o(.text) for xQueueSemaphoreTake
    main.o(.text) refers to hid_kb.o(.text) for HID_Init
    main.o(.text) refers to sys_arch.o(.text) for sys_thread_new
    main.o(.text) refers to clk.o(.text) for CLK_EnableXtalRC
    main.o(.text) refers to system_m480.o(.text) for SystemCoreClockUpdate
    main.o(.text) refers to uart.o(.text) for UART_Open
    main.o(.text) refers to pollq.o(.text) for vStartPolledQueueTasks
    main.o(.text) refers to semtest.o(.text) for vStartSemaphoreTasks
    main.o(.text) refers to genqtest.o(.text) for vStartGenericQueueTasks
    main.o(.text) refers to queueset.o(.text) for vStartQueueSetTasks
    main.o(.text) refers to ethernetif.o(.text) for ethernetif_init
    main.o(.text) refers to main.o(.bss) for .bss
    main.o(.text) refers to descriptors.o(.constdata) for gsInfo
    main.o(.text) refers to main.o(.data) for .data
    tcp_echoserver-netconn.o(.text) refers to memcpya.o(.text) for __aeabi_memcpy4
    tcp_echoserver-netconn.o(.text) refers to printf5.o(i.__0printf$5) for __2printf
    tcp_echoserver-netconn.o(.text) refers to api_lib.o(.text) for netconn_recv
    tcp_echoserver-netconn.o(.text) refers to netbuf.o(.text) for netbuf_delete
    tcp_echoserver-netconn.o(.text) refers to strncmp.o(.text) for strncmp
    tcp_echoserver-netconn.o(.text) refers to strlen.o(.text) for strlen
    tcp_echoserver-netconn.o(.text) refers to atoi.o(.text) for atoi
    tcp_echoserver-netconn.o(.text) refers to queue.o(.text) for xQueueGenericSend
    tcp_echoserver-netconn.o(.text) refers to sys_arch.o(.text) for sys_thread_new
    tcp_echoserver-netconn.o(.text) refers to main.o(.data) for usb_q_handle
    descriptors.o(.constdata) refers to descriptors.o(.data) for gu8DeviceDescriptor
    descriptors.o(.constdata) refers to descriptors.o(.data) for gu8ConfigDescriptor
    descriptors.o(.constdata) refers to descriptors.o(.data) for gpu8UsbString
    descriptors.o(.constdata) refers to descriptors.o(.data) for gu8UsbHidReport
    descriptors.o(.constdata) refers to descriptors.o(.data) for gu8BOSDescriptor
    descriptors.o(.constdata) refers to descriptors.o(.data) for gu32UsbHidReportLen
    descriptors.o(.constdata) refers to descriptors.o(.data) for gu32ConfigHidDescIdx
    descriptors.o(.data) refers to descriptors.o(.data) for gu8StringLang
    descriptors.o(.data) refers to descriptors.o(.data) for gu8VendorStringDesc
    descriptors.o(.data) refers to descriptors.o(.data) for gu8ProductStringDesc
    descriptors.o(.data) refers to descriptors.o(.data) for HID_KeyboardReportDescriptor
    hid_kb.o(.text) refers to main.o(.data) for g_u8EP2Ready
    hid_kb.o(.text) refers to usbd.o(.text) for USBD_SwReset
    hid_kb.o(.text) refers to printf5.o(i.__0printf$5) for __2printf
    hid_kb.o(.text) refers to queue.o(.text) for xQueueReceive
    hid_kb.o(.text) refers to tasks.o(.text) for vTaskDelay
    hid_kb.o(.text) refers to main.o(.data) for g_u8EP2Ready
    hid_kb.o(.text) refers to main.o(.data) for u32TrimInit
    queue.o(.text) refers to port.o(.text) for vPortEnterCritical
    queue.o(.text) refers to list.o(.text) for vListInitialise
    queue.o(.text) refers to tasks.o(.text) for xTaskRemoveFromEventList
    queue.o(.text) refers to heap_2.o(.text) for pvPortMalloc
    queue.o(.text) refers to memcpya.o(.text) for __aeabi_memcpy
    queue.o(.text) refers to queue.o(.bss) for .bss
    queue.o(.text) refers to tasks.o(.text) for xTaskGetCurrentTaskHandle
    queue.o(.text) refers to queue.o(.text) for xQueueGenericSend
[...]
    ulLastLoopCounter2                       0x200001b0   Data           4  genqtest.o(.data)
    xHighPriorityMutexTask                   0x200001b4   Data           4  genqtest.o(.data)
    xMediumPriorityMutexTask                 0x200001b8   Data           4  genqtest.o(.data)
    .data                                    0x200001bc   Section       12  pollq.o(.data)
    xPollingConsumerCount                    0x200001bc   Data           4  pollq.o(.data)
    xPollingProducerCount                    0x200001c0   Data           4  pollq.o(.data)
    xPolledQueue                             0x200001c4   Data           4  pollq.o(.data)
    .data                                    0x200001c8   Section       64  queueset.o(.data)
    ePriorities                              0x200001c8   Data           1  queueset.o(.data)
    ulCycleCounter                           0x200001cc   Data           4  queueset.o(.data)
    xQueueSetTasksStatus                     0x200001d0   Data           4  queueset.o(.data)
    xSetupComplete                           0x200001d4   Data           4  queueset.o(.data)
    ulISRTxValue                             0x200001d8   Data           4  queueset.o(.data)
    uxNextRand                               0x200001dc   Data           4  queueset.o(.data)
    ulLastCycleCounter                       0x200001e0   Data           4  queueset.o(.data)
    ulLastISRTxValue                         0x200001e4   Data           4  queueset.o(.data)
    ulLoops                                  0x200001e8   Data           4  queueset.o(.data)
    ulCallCount                              0x200001ec   Data           4  queueset.o(.data)
    ulExpectedReceivedFromTask               0x200001f0   Data           4  queueset.o(.data)
    ulExpectedReceivedFromISR                0x200001f4   Data           4  queueset.o(.data)
    xQueueToWriteTo                          0x200001f8   Data           4  queueset.o(.data)
    xQueueSet                                0x200001fc   Data           4  queueset.o(.data)
    .data                                    0x20000208   Section       18  semtest.o(.data)
    sNextCheckVariable                       0x20000208   Data           2  semtest.o(.data)
    sCheckVariables                          0x2000020a   Data           8  semtest.o(.data)
    sLastCheckVariables                      0x20000212   Data           8  semtest.o(.data)
    .data                                    0x2000021c   Section        4  retarget.o(.data)
    .data                                    0x20000220   Section       76  usbd.o(.data)
    g_usbd_CtrlInZeroFlag                    0x20000221   Data           1  usbd.o(.data)
    g_usbd_CtrlInPointer                     0x20000224   Data           4  usbd.o(.data)
    g_usbd_CtrlOutPointer                    0x20000228   Data           4  usbd.o(.data)
    g_usbd_CtrlInSize                        0x2000022c   Data           4  usbd.o(.data)
    g_usbd_CtrlOutSize                       0x20000230   Data           4  usbd.o(.data)
    g_usbd_CtrlOutSizeLimit                  0x20000234   Data           4  usbd.o(.data)
    g_usbd_UsbAddr                           0x20000238   Data           4  usbd.o(.data)
    g_usbd_UsbConfig                         0x2000023c   Data           4  usbd.o(.data)
    g_usbd_CtrlMaxPktSize                    0x20000240   Data           4  usbd.o(.data)
    g_usbd_UsbAltInterface                   0x20000244   Data           4  usbd.o(.data)
    g_usbd_CtrlOutToggle                     0x20000248   Data           4  usbd.o(.data)
    .data                                    0x2000026c   Section       16  mem.o(.data)
    ram                                      0x2000026c   Data           4  mem.o(.data)
    ram_end                                  0x20000270   Data           4  mem.o(.data)
    lfree                                    0x20000274   Data           4  mem.o(.data)
    mem_mutex                                0x20000278   Data           4  mem.o(.data)
    .data                                    0x2000027c   Section        4  memp.o(.data)
    memp_tab_UDP_PCB                         0x2000027c   Data           4  memp.o(.data)
    .data                                    0x20000280   Section        4  memp.o(.data)
    memp_tab_TCP_PCB                         0x20000280   Data           4  memp.o(.data)
    .data                                    0x20000284   Section        4  memp.o(.data)
    memp_tab_TCP_PCB_LISTEN                  0x20000284   Data           4  memp.o(.data)
    .data                                    0x20000288   Section        4  memp.o(.data)
    memp_tab_TCP_SEG                         0x20000288   Data           4  memp.o(.data)
    .data                                    0x2000028c   Section        4  memp.o(.data)
    memp_tab_REASSDATA                       0x2000028c   Data           4  memp.o(.data)
    .data                                    0x20000290   Section        4  memp.o(.data)
    memp_tab_FRAG_PBUF                       0x20000290   Data           4  memp.o(.data)
    .data                                    0x20000294   Section        4  memp.o(.data)
    memp_tab_NETBUF                          0x20000294   Data           4  memp.o(.data)
    .data                                    0x20000298   Section        4  memp.o(.data)
    memp_tab_NETCONN                         0x20000298   Data           4  memp.o(.data)
    .data                                    0x2000029c   Section        4  memp.o(.data)
    memp_tab_TCPIP_MSG_API                   0x2000029c   Data           4  memp.o(.data)
    .data                                    0x200002a0   Section        4  memp.o(.data)
    memp_tab_TCPIP_MSG_INPKT                 0x200002a0   Data           4  memp.o(.data)
    .data                                    0x200002a4   Section        4  memp.o(.data)
    memp_tab_SYS_TIMEOUT                     0x200002a4   Data           4  memp.o(.data)
    .data                                    0x200002a8   Section        4  memp.o(.data)
    memp_tab_PBUF                            0x200002a8   Data           4  memp.o(.data)
    .data                                    0x200002ac   Section        4  memp.o(.data)
    memp_tab_PBUF_POOL                       0x200002ac   Data           4  memp.o(.data)
    .data                                    0x200002b0   Section       12  netif.o(.data)
    netif_num                                0x200002b0   Data           1  netif.o(.data)
    .data                                    0x200002bc   Section        1  pbuf.o(.data)
    .data                                    0x200002c0   Section       32  tcp.o(.data)
    tcp_timer                                0x200002c1   Data           1  tcp.o(.data)
    tcp_timer_ctr                            0x200002c2   Data           1  tcp.o(.data)
    tcp_port                                 0x200002c4   Data           2  tcp.o(.data)
    iss                                      0x200002c8   Data           4  tcp.o(.data)
    .data                                    0x200002e0   Section       36  tcp_in.o(.data)
    flags                                    0x200002e0   Data           1  tcp_in.o(.data)
    recv_flags                               0x200002e1   Data           1  tcp_in.o(.data)
    tcphdr_optlen                            0x200002e2   Data           2  tcp_in.o(.data)
    tcphdr_opt1len                           0x200002e4   Data           2  tcp_in.o(.data)
    tcp_optidx                               0x200002e6   Data           2  tcp_in.o(.data)
    recv_acked                               0x200002e8   Data           2  tcp_in.o(.data)
    tcplen                                   0x200002ea   Data           2  tcp_in.o(.data)
    tcphdr                                   0x200002ec   Data           4  tcp_in.o(.data)
    tcphdr_opt2                              0x200002f0   Data           4  tcp_in.o(.data)
    seqno                                    0x200002f4   Data           4  tcp_in.o(.data)
    ackno                                    0x200002f8   Data           4  tcp_in.o(.data)
    recv_data                                0x200002fc   Data           4  tcp_in.o(.data)
    .data                                    0x20000304   Section       12  timeouts.o(.data)
    next_timeout                             0x20000304   Data           4  timeouts.o(.data)
    timeouts_last_time                       0x20000308   Data           4  timeouts.o(.data)
    tcpip_tcp_timer_active                   0x2000030c   Data           4  timeouts.o(.data)
    .data                                    0x20000310   Section        8  udp.o(.data)
    udp_port                                 0x20000310   Data           2  udp.o(.data)
    .data                                    0x20000318   Section        1  etharp.o(.data)
    etharp_cached_entry                      0x20000318   Data           1  etharp.o(.data)
    .data                                    0x2000031a   Section        2  ip4.o(.data)
    ip_id                                    0x2000031a   Data           2  ip4.o(.data)
    .data                                    0x2000031c   Section        8  ip4_frag.o(.data)
    ip_reass_pbufcount                       0x2000031c   Data           2  ip4_frag.o(.data)
    reassdatagrams                           0x20000320   Data           4  ip4_frag.o(.data)
    .data                                    0x20000324   Section        1  api_msg.o(.data)
    .data                                    0x20000328   Section       16  tcpip.o(.data)
    tcpip_init_done                          0x20000328   Data           4  tcpip.o(.data)
    tcpip_init_done_arg                      0x2000032c   Data           4  tcpip.o(.data)
    mbox                                     0x20000330   Data           4  tcpip.o(.data)
    .data                                    0x20000338   Section        4  sys_arch.o(.data)
    .data                                    0x2000033c   Section        4  ethernetif.o(.data)
    .data                                    0x20000340   Section       12  m480_eth.o(.data)
    .data                                    0x2000034c   Section        4  errno.o(.data)
    _errno                                   0x2000034c   Data           4  errno.o(.data)
    .bss                                     0x20000350   Section       48  main.o(.bss)
    .bss                                     0x20000380   Section       64  queue.o(.bss)
    .bss                                     0x200003c0   Section      200  tasks.o(.bss)
    pxReadyTasksLists                        0x200003c0   Data         100  tasks.o(.bss)
    xDelayedTaskList1                        0x20000424   Data          20  tasks.o(.bss)
    xDelayedTaskList2                        0x20000438   Data          20  tasks.o(.bss)
    xPendingReadyList                        0x2000044c   Data          20  tasks.o(.bss)
    xTasksWaitingTermination                 0x20000460   Data          20  tasks.o(.bss)
    xSuspendedTaskList                       0x20000474   Data          20  tasks.o(.bss)
    .bss                                     0x20000488   Section       40  timers.o(.bss)
    xActiveTimerList1                        0x20000488   Data          20  timers.o(.bss)
    xActiveTimerList2                        0x2000049c   Data          20  timers.o(.bss)
    .bss                                     0x200004b0   Section    16384  heap_2.o(.bss)
    ucHeap                                   0x200004b0   Data       16384  heap_2.o(.bss)
    .bss                                     0x200044b0   Section       36  queueset.o(.bss)
    xQueues                                  0x200044b0   Data          12  queueset.o(.bss)
    ulQueueUsedCounter                       0x200044bc   Data          12  queueset.o(.bss)
    ulLastQueueUsedCounter                   0x200044c8   Data          12  queueset.o(.bss)
    .bss                                     0x200044d4   Section       24  ip.o(.bss)
    .bss                                     0x200044ec   Section    10019  mem.o(.bss)
    .bss                                     0x20006c0f   Section      131  memp.o(.bss)
    .bss                                     0x20006c92   Section      763  memp.o(.bss)
    .bss                                     0x20006f8d   Section      227  memp.o(.bss)
    .bss                                     0x20007070   Section      259  memp.o(.bss)
    .bss                                     0x20007173   Section      163  memp.o(.bss)
    .bss                                     0x20007216   Section      363  memp.o(.bss)
    .bss                                     0x20007381   Section       35  memp.o(.bss)
    .bss                                     0x200073a4   Section      179  memp.o(.bss)
    .bss                                     0x20007457   Section      131  memp.o(.bss)
    .bss                                     0x200074da   Section      131  memp.o(.bss)
    .bss                                     0x2000755d   Section       51  memp.o(.bss)
    .bss                                     0x20007590   Section      259  memp.o(.bss)
    .bss                                     0x20007693   Section    17155  memp.o(.bss)
    .bss                                     0x2000b998   Section       16  tcp_in.o(.bss)
    inseg                                    0x2000b998   Data          16  tcp_in.o(.bss)
    .bss                                     0x2000b9a8   Section      240  etharp.o(.bss)
    arp_table                                0x2000b9a8   Data         240  etharp.o(.bss)
    .bss                                     0x2000ba98   Section    12288  m480_eth.o(.bss)
    STACK                                    0x2000ea98   Section     2048  startup_m480.o(STACK)

    Global Symbols

    Symbol Name                              Value     Ov Type        Size  Object(Section)

    BuildAttributes$$THM_ISAv4$E$P$D$K$B$S$7EM$VFPi3$EXTD16$VFPS$VFMA$PE$A:L22UL41UL21$X:L11$S22US41US21$IEEE1$IW$USESV6$~STKCKD$USESV7$~SHL$OSPACE$ROPI$EBA8$MICROLIB$REQ8$PRES8$EABIv2 0x00000000   Number         0  anon$$obj.o ABSOLUTE
    __ARM_use_no_argv                        0x00000000   Number         0  main.o ABSOLUTE
    __Vectors                                0x00000000   Data           4  startup_m480.o(RESET)
    _printf_a                                0x00000000   Number         0  stubs.o ABSOLUTE
    _printf_c                                0x00000000   Number         0  stubs.o ABSOLUTE
    _printf_charcount                        0x00000000   Number         0  stubs.o ABSOLUTE
    _printf_d                                0x00000000   Number         0  stubs.o ABSOLUTE
    _printf_e                                0x00000000   Number         0  stubs.o ABSOLUTE
    _printf_f                                0x00000000   Number         0  stubs.o ABSOLUTE
    _printf_flags                            0x00000000   Number         0  stubs.o ABSOLUTE
    _printf_fp_dec                           0x00000000   Number         0  stubs.o ABSOLUTE
    _printf_fp_hex                           0x00000000   Number         0  stubs.o ABSOLUTE
    _printf_g                                0x00000000   Number         0  stubs.o ABSOLUTE
    _printf_i                                0x00000000   Number         0  stubs.o ABSOLUTE
    _printf_int_dec                          0x00000000   Number         0  stubs.o ABSOLUTE
    _printf_l                                0x00000000   Number         0  stubs.o ABSOLUTE
    _printf_lc                               0x00000000   Number         0  stubs.o ABSOLUTE
    _printf_ll                               0x00000000   Number         0  stubs.o ABSOLUTE
    _printf_lld                              0x00000000   Number         0  stubs.o ABSOLUTE
    _printf_lli                              0x00000000   Number         0  stubs.o ABSOLUTE
    _printf_llo                              0x00000000   Number         0  stubs.o ABSOLUTE
    _printf_llu                              0x00000000   Number         0  stubs.o ABSOLUTE
    _printf_llx                              0x00000000   Number         0  stubs.o ABSOLUTE
    _printf_longlong_dec                     0x00000000   Number         0  stubs.o ABSOLUTE
    _printf_longlong_hex                     0x00000000   Number         0  stubs.o ABSOLUTE
    _printf_longlong_oct                     0x00000000   Number         0  stubs.o ABSOLUTE
    _printf_ls                               0x00000000   Number         0  stubs.o ABSOLUTE
    _printf_mbtowc                           0x00000000   Number         0  stubs.o ABSOLUTE
    _printf_n                                0x00000000   Number         0  stubs.o ABSOLUTE
    _printf_o                                0x00000000   Number         0  stubs.o ABSOLUTE
    _printf_p                                0x00000000   Number         0  stubs.o ABSOLUTE
    _printf_percent                          0x00000000   Number         0  stubs.o ABSOLUTE
    _printf_pre_padding                      0x00000000   Number         0  stubs.o ABSOLUTE
    _printf_return_value                     0x00000000   Number         0  stubs.o ABSOLUTE
    _printf_s                                0x00000000   Number         0  stubs.o ABSOLUTE
    _printf_sizespec                         0x00000000   Number         0  stubs.o ABSOLUTE
    _printf_str                              0x00000000   Number         0  stubs.o ABSOLUTE
    _printf_truncate_signed                  0x00000000   Number         0  stubs.o ABSOLUTE
    _printf_truncate_unsigned                0x00000000   Number         0  stubs.o ABSOLUTE
    _printf_u                                0x00000000   Number         0  stubs.o ABSOLUTE
    _printf_wc                               0x00000000   Number         0  stubs.o ABSOLUTE
    _printf_wctomb                           0x00000000   Number         0  stubs.o ABSOLUTE
    _printf_widthprec                        0x00000000   Number         0  stubs.o ABSOLUTE
    _printf_x                                0x00000000   Number         0  stubs.o ABSOLUTE
    __arm_fini_                               - Undefined Weak Reference
    __cpp_initialize__aeabi_                  - Undefined Weak Reference
    __cxa_finalize                            - Undefined Weak Reference
    _clock_init                               - Undefined Weak Reference
    _microlib_exit                            - Undefined Weak Reference
    __Vectors_End                            0x000001f4   Data           0  startup_m480.o(RESET)
    __Vectors_Size                           0x000001f4   Number         0  startup_m480.o ABSOLUTE
    __main                                   0x000001f5   Thumb Code     0  entry.o(.ARM.Collect$$$$00000000)
    _main_stk                                0x000001f5   Thumb Code     0  entry2.o(.ARM.Collect$$$$00000001)
    _main_scatterload                        0x000001f9   Thumb Code     0  entry5.o(.ARM.Collect$$$$00000004)
    __main_after_scatterload                 0x000001fd   Thumb Code     0  entry5.o(.ARM.Collect$$$$00000004)
    _main_clock                              0x000001fd   Thumb Code     0  entry7b.o(.ARM.Collect$$$$00000008)
    _main_cpp_init                           0x000001fd   Thumb Code     0  entry8b.o(.ARM.Collect$$$$0000000A)
    _main_init                               0x000001fd   Thumb Code     0  entry9a.o(.ARM.Collect$$$$0000000B)
    __rt_lib_shutdown_fini                   0x00000205   Thumb Code     0  entry12b.o(.ARM.Collect$$$$0000000E)
    __rt_final_cpp                           0x00000209   Thumb Code     0  entry10a.o(.ARM.Collect$$$$0000000F)
    __rt_final_exit                          0x00000209   Thumb Code     0  entry11a.o(.ARM.Collect$$$$00000011)
    SVC_Handler                              0x0000020d   Thumb Code    28  port.o(.emb_text)
    __asm___6_port_c_39a90d8d__prvStartFirstTask 0x0000022d   Thumb Code    36  port.o(.emb_text)
    __asm___6_port_c_39a90d8d__prvEnableVFP  0x00000255   Thumb Code    16  port.o(.emb_text)
    PendSV_Handler                           0x00000269   Thumb Code    88  port.o(.emb_text)
    vPortGetIPSR                             0x000002c5   Thumb Code     6  port.o(.emb_text)
    HardFault_Handler                        0x000002cd   Thumb Code    24  retarget.o(.emb_text)
    SystemCoreClockUpdate                    0x000002e9   Thumb Code    64  system_m480.o(.text)
    SystemInit                               0x00000329   Thumb Code   108  system_m480.o(.text)
    Reset_Handler                            0x000003a9   Thumb Code    64  startup_m480.o(.text)
    NMI_Handler                              0x000003e9   Thumb Code     2  startup_m480.o(.text)
    MemManage_Handler                        0x000003ed   Thumb Code     2  startup_m480.o(.text)
    BusFault_Handler                         0x000003ef   Thumb Code     2  startup_m480.o(.text)
    UsageFault_Handler                       0x000003f1   Thumb Code     2  startup_m480.o(.text)
    DebugMon_Handler                         0x000003f5   Thumb Code     2  startup_m480.o(.text)
    ACMP01_IRQHandler                        0x000003fb   Thumb Code     0  startup_m480.o(.text)
    BOD_IRQHandler                           0x000003fb   Thumb Code     0  startup_m480.o(.text)
    BPWM0_IRQHandler                         0x000003fb   Thumb Code     0  startup_m480.o(.text)
    BPWM1_IRQHandler                         0x000003fb   Thumb Code     0  startup_m480.o(.text)
    BRAKE0_IRQHandler                        0x000003fb   Thumb Code     0  startup_m480.o(.text)
    BRAKE1_IRQHandler                        0x000003fb   Thumb Code     0  startup_m480.o(.text)
    CAN0_IRQHandler                          0x000003fb   Thumb Code     0  startup_m480.o(.text)
    CAN1_IRQHandler                          0x000003fb   Thumb Code     0  startup_m480.o(.text)
    CAN2_IRQHandler                          0x000003fb   Thumb Code     0  startup_m480.o(.text)
    CCAP_IRQHandler                          0x000003fb   Thumb Code     0  startup_m480.o(.text)
    CKFAIL_IRQHandler                        0x000003fb   Thumb Code     0  startup_m480.o(.text)
    CRYPTO_IRQHandler                        0x000003fb   Thumb Code     0  startup_m480.o(.text)
    DAC_IRQHandler                           0x000003fb   Thumb Code     0  startup_m480.o(.text)
    EADC00_IRQHandler                        0x000003fb   Thumb Code     0  startup_m480.o(.text)
    EADC01_IRQHandler                        0x000003fb   Thumb Code     0  startup_m480.o(.text)
    EADC02_IRQHandler                        0x000003fb   Thumb Code     0  startup_m480.o(.text)
    EADC03_IRQHandler                        0x000003fb   Thumb Code     0  startup_m480.o(.text)
    EADC10_IRQHandler                        0x000003fb   Thumb Code     0  startup_m480.o(.text)
    EADC11_IRQHandler                        0x000003fb   Thumb Code     0  startup_m480.o(.text)
    EADC12_IRQHandler                        0x000003fb   Thumb Code     0  startup_m480.o(.text)
    EADC13_IRQHandler                        0x000003fb   Thumb Code     0  startup_m480.o(.text)
    ECAP0_IRQHandler                         0x000003fb   Thumb Code     0  startup_m480.o(.text)
    ECAP1_IRQHandler                         0x000003fb   Thumb Code     0  startup_m480.o(.text)
    EHCI_IRQHandler                          0x000003fb   Thumb Code     0  startup_m480.o(.text)
    EINT0_IRQHandler                         0x000003fb   Thumb Code     0  startup_m480.o(.text)
    EINT1_IRQHandler                         0x000003fb   Thumb Code     0  startup_m480.o(.text)
    EINT2_IRQHandler                         0x000003fb   Thumb Code     0  startup_m480.o(.text)
    EINT3_IRQHandler                         0x000003fb   Thumb Code     0  startup_m480.o(.text)
    EINT4_IRQHandler                         0x000003fb   Thumb Code     0  startup_m480.o(.text)
    EINT5_IRQHandler                         0x000003fb   Thumb Code     0  startup_m480.o(.text)
    EINT6_IRQHandler                         0x000003fb   Thumb Code     0  startup_m480.o(.text)
    EINT7_IRQHandler                         0x000003fb   Thumb Code     0  startup_m480.o(.text)
    EPWM0P0_IRQHandler                       0x000003fb   Thumb Code     0  startup_m480.o(.text)
    EPWM0P1_IRQHandler                       0x000003fb   Thumb Code     0  startup_m480.o(.text)
    EPWM0P2_IRQHandler                       0x000003fb   Thumb Code     0  startup_m480.o(.text)
    EPWM1P0_IRQHandler                       0x000003fb   Thumb Code     0  startup_m480.o(.text)
    EPWM1P1_IRQHandler                       0x000003fb   Thumb Code     0  startup_m480.o(.text)
    EPWM1P2_IRQHandler                       0x000003fb   Thumb Code     0  startup_m480.o(.text)
    GPA_IRQHandler                           0x000003fb   Thumb Code     0  startup_m480.o(.text)
    GPB_IRQHandler                           0x000003fb   Thumb Code     0  startup_m480.o(.text)
    GPC_IRQHandler                           0x000003fb   Thumb Code     0  startup_m480.o(.text)
    GPD_IRQHandler                           0x000003fb   Thumb Code     0  startup_m480.o(.text)
    GPE_IRQHandler                           0x000003fb   Thumb Code     0  startup_m480.o(.text)
    GPF_IRQHandler                           0x000003fb   Thumb Code     0  startup_m480.o(.text)
    GPG_IRQHandler                           0x000003fb   Thumb Code     0  startup_m480.o(.text)
    GPH_IRQHandler                           0x000003fb   Thumb Code     0  startup_m480.o(.text)
    I2C0_IRQHandler                          0x000003fb   Thumb Code     0  startup_m480.o(.text)
    I2C1_IRQHandler                          0x000003fb   Thumb Code     0  startup_m480.o(.text)
    I2C2_IRQHandler                          0x000003fb   Thumb Code     0  startup_m480.o(.text)
    I2S0_IRQHandler                          0x000003fb   Thumb Code     0  startup_m480.o(.text)
    IRC_IRQHandler                           0x000003fb   Thumb Code     0  startup_m480.o(.text)
    OHCI_IRQHandler                          0x000003fb   Thumb Code     0  startup_m480.o(.text)
    OPA0_IRQHandler                          0x000003fb   Thumb Code     0  startup_m480.o(.text)
    PDMA_IRQHandler                          0x000003fb   Thumb Code     0  startup_m480.o(.text)
    PWRWU_IRQHandler                         0x000003fb   Thumb Code     0  startup_m480.o(.text)
    QEI0_IRQHandler                          0x000003fb   Thumb Code     0  startup_m480.o(.text)
    QEI1_IRQHandler                          0x000003fb   Thumb Code     0  startup_m480.o(.text)
    QSPI0_IRQHandler                         0x000003fb   Thumb Code     0  startup_m480.o(.text)
    QSPI1_IRQHandler                         0x000003fb   Thumb Code     0  startup_m480.o(.text)
    RAMPE_IRQHandler                         0x000003fb   Thumb Code     0  startup_m480.o(.text)
    RTC_IRQHandler                           0x000003fb   Thumb Code     0  startup_m480.o(.text)
    SC0_IRQHandler                           0x000003fb   Thumb Code     0  startup_m480.o(.text)
    SC1_IRQHandler                           0x000003fb   Thumb Code     0  startup_m480.o(.text)
    SC2_IRQHandler                           0x000003fb   Thumb Code     0  startup_m480.o(.text)
    SDH0_IRQHandler                          0x000003fb   Thumb Code     0  startup_m480.o(.text)
    SDH1_IRQHandler                          0x000003fb   Thumb Code     0  startup_m480.o(.text)
    SPI0_IRQHandler                          0x000003fb   Thumb Code     0  startup_m480.o(.text)
    SPI1_IRQHandler                          0x000003fb   Thumb Code     0  startup_m480.o(.text)
    SPI2_IRQHandler                          0x000003fb   Thumb Code     0  startup_m480.o(.text)
    SPI3_IRQHandler                          0x000003fb   Thumb Code     0  startup_m480.o(.text)
    SPIM_IRQHandler                          0x000003fb   Thumb Code     0  startup_m480.o(.text)
    TAMPER_IRQHandler                        0x000003fb   Thumb Code     0  startup_m480.o(.text)
    TMR0_IRQHandler                          0x000003fb   Thumb Code     0  startup_m480.o(.text)
    TMR1_IRQHandler                          0x000003fb   Thumb Code     0  startup_m480.o(.text)
    TMR2_IRQHandler                          0x000003fb   Thumb Code     0  startup_m480.o(.text)
    TMR3_IRQHandler                          0x000003fb   Thumb Code     0  startup_m480.o(.text)
    TRNG_IRQHandler                          0x000003fb   Thumb Code     0  startup_m480.o(.text)
    UART0_IRQHandler                         0x000003fb   Thumb Code     0  startup_m480.o(.text)
    UART1_IRQHandler                         0x000003fb   Thumb Code     0  startup_m480.o(.text)
    UART2_IRQHandler                         0x000003fb   Thumb Code     0  startup_m480.o(.text)
    UART3_IRQHandler                         0x000003fb   Thumb Code     0  startup_m480.o(.text)
    UART4_IRQHandler                         0x000003fb   Thumb Code     0  startup_m480.o(.text)
    UART5_IRQHandler                         0x000003fb   Thumb Code     0  startup_m480.o(.text)
    UART6_IRQHandler                         0x000003fb   Thumb Code     0  startup_m480.o(.text)
    UART7_IRQHandler                         0x000003fb   Thumb Code     0  startup_m480.o(.text)
    USBD20_IRQHandler                        0x000003fb   Thumb Code     0  startup_m480.o(.text)
    USBOTG20_IRQHandler                      0x000003fb   Thumb Code     0  startup_m480.o(.text)
    USBOTG_IRQHandler                        0x000003fb   Thumb Code     0  startup_m480.o(.text)
    USCI0_IRQHandler                         0x000003fb   Thumb Code     0  startup_m480.o(.text)
    USCI1_IRQHandler                         0x000003fb   Thumb Code     0  startup_m480.o(.text)
    WDT_IRQHandler                           0x000003fb   Thumb Code     0  startup_m480.o(.text)
    WWDT_IRQHandler                          0x000003fb   Thumb Code     0  startup_m480.o(.text)
    main                                     0x0000063b   Thumb Code   122  main.o(.text)
    vApplicationMallocFailedHook             0x000006b5   Thumb Code    16  main.o(.text)
    vApplicationIdleHook                     0x000006c5   Thumb Code     2  main.o(.text)
    vApplicationStackOverflowHook            0x000006c7   Thumb Code    16  main.o(.text)
    vApplicationTickHook                     0x000006d7   Thumb Code     4  main.o(.text)
    tcp_echoserver_serve                     0x00000855   Thumb Code   216  tcp_echoserver-netconn.o(.text)
    tcp_echoserver_netconn_init              0x000009c5   Thumb Code    20  tcp_echoserver-netconn.o(.text)
    USBD_IRQHandler                          0x00000b81   Thumb Code   236  hid_kb.o(.text)
    HID_Init                                 0x00000c6d   Thumb Code    64  hid_kb.o(.text)
    HID_ClassRequest                         0x00000cad   Thumb Code   116  hid_kb.o(.text)
    HID_UpdateKbData                         0x00000d21   Thumb Code    54  hid_kb.o(.text)
    Keyboard_fun                             0x00000d57   Thumb Code    92  hid_kb.o(.text)
    hid_usb_thread                           0x00000db3   Thumb Code    66  hid_kb.o(.text)
    vListInitialise                          0x00000e69   Thumb Code    22  list.o(.text)
    vListInitialiseItem                      0x00000e7f   Thumb Code     6  list.o(.text)
    vListInsertEnd                           0x00000e85   Thumb Code    24  list.o(.text)
    vListInsert                              0x00000e9d   Thumb Code    48  list.o(.text)
    uxListRemove                             0x00000ecd   Thumb Code    38  list.o(.text)
    xQueueGenericReset                       0x00000ef5   Thumb Code   132  queue.o(.text)
    xQueueGenericCreate                      0x00000f79   Thumb Code    86  queue.o(.text)
    xQueueGenericSend                        0x0000111d   Thumb Code   368  queue.o(.text)
    xQueueCreateMutex                        0x0000128d   Thumb Code    36  queue.o(.text)
    xQueueSemaphoreTake                      0x000012b1   Thumb Code   376  queue.o(.text)
    xQueueGenericSendFromISR                 0x00001429   Thumb Code   202  queue.o(.text)
    xQueueGiveFromISR                        0x000014f3   Thumb Code   172  queue.o(.text)
    xQueueReceive                            0x000015c5   Thumb Code   306  queue.o(.text)
    xQueuePeek                               0x000016f7   Thumb Code   304  queue.o(.text)
    xQueueReceiveFromISR                     0x00001827   Thumb Code   152  queue.o(.text)
    uxQueueMessagesWaiting                   0x000018bf   Thumb Code    36  queue.o(.text)
    vQueueUnregisterQueue                    0x000018e3   Thumb Code    36  queue.o(.text)
    vQueueDelete                             0x00001907   Thumb Code    36  queue.o(.text)
    vQueueAddToRegistry                      0x0000192b   Thumb Code    32  queue.o(.text)
    vQueueWaitForMessageRestricted           0x0000194b   Thumb Code    68  queue.o(.text)
    xQueueCreateSet                          0x0000198f   Thumb Code     8  queue.o(.text)
    xQueueAddToSet                           0x00001997   Thumb Code    34  queue.o(.text)
    xQueueRemoveFromSet                      0x000019b9   Thumb Code    34  queue.o(.text)
    xQueueSelectFromSet                      0x000019db   Thumb Code    18  queue.o(.text)
    xQueueSelectFromSetFromISR               0x000019ed   Thumb Code    18  queue.o(.text)
    xTaskCreate                              0x00001ae5   Thumb Code    86  tasks.o(.text)
    xTaskIncrementTick                       0x00001b3b   Thumb Code   200  tasks.o(.text)
    xTaskResumeAll                           0x00001c03   Thumb Code   184  tasks.o(.text)
    vTaskSuspendAll                          0x00001d21   Thumb Code    10  tasks.o(.text)
    vTaskDelay                               0x00001d2b   Thumb Code    66  tasks.o(.text)
    uxTaskPriorityGet                        0x00001d6d   Thumb Code    24  tasks.o(.text)
    vTaskPrioritySet                         0x00001d85   Thumb Code   196  tasks.o(.text)
    vTaskSwitchContext                       0x00001e49   Thumb Code   126  tasks.o(.text)
    vTaskSuspend                             0x00001ec7   Thumb Code   172  tasks.o(.text)
    vTaskResume                              0x00001fa5   Thumb Code   112  tasks.o(.text)
    vTaskStartScheduler                      0x00002069   Thumb Code    94  tasks.o(.text)
    xTaskGetTickCount                        0x000020c7   Thumb Code     6  tasks.o(.text)
    vTaskPlaceOnEventList                    0x000020cd   Thumb Code    42  tasks.o(.text)
    vTaskPlaceOnEventListRestricted          0x000020f7   Thumb Code    50  tasks.o(.text)
    xTaskRemoveFromEventList                 0x00002129   Thumb Code   106  tasks.o(.text)
    vTaskInternalSetTimeOutState             0x00002193   Thumb Code    12  tasks.o(.text)
    xTaskCheckForTimeOut                     0x0000219f   Thumb Code   110  tasks.o(.text)
    vTaskMissedYield                         0x0000220d   Thumb Code    32  tasks.o(.text)
    xTaskGetSchedulerState                   0x0000222d   Thumb Code    22  tasks.o(.text)
    xTaskPriorityInherit                     0x00002243   Thumb Code   140  tasks.o(.text)
    xTaskPriorityDisinherit                  0x000022cf   Thumb Code   144  tasks.o(.text)
    vTaskPriorityDisinheritAfterTimeout      0x0000235f   Thumb Code   162  tasks.o(.text)
    pvTaskIncrementMutexHeldCount            0x00002401   Thumb Code    18  tasks.o(.text)
    xTimerGenericCommand                     0x00002519   Thumb Code    88  timers.o(.text)
    xTimerCreateTimerTask                    0x00002683   Thumb Code    56  timers.o(.text)
    pxPortInitialiseStack                    0x00002835   Thumb Code    40  port.o(.text)
    vPortSetupTimerInterrupt                 0x0000285d   Thumb Code    32  port.o(.text)
    xPortStartScheduler                      0x0000287d   Thumb Code   224  port.o(.text)
    vPortEnterCritical                       0x0000295d   Thumb Code    56  port.o(.text)
    vPortExitCritical                        0x00002995   Thumb Code    34  port.o(.text)
    SysTick_Handler                          0x000029b7   Thumb Code    40  port.o(.text)
    vPortValidateInterruptPriority           0x000029df   Thumb Code    76  port.o(.text)
    pvPortMalloc                             0x00002a49   Thumb Code   178  heap_2.o(.text)
    vPortFree                                0x00002afb   Thumb Code    56  heap_2.o(.text)
    vStartGenericQueueTasks                  0x00002f1b   Thumb Code   142  genqtest.o(.text)
    vStartPolledQueueTasks                   0x00003087   Thumb Code    68  pollq.o(.text)
    vStartQueueSetTasks                      0x00003329   Thumb Code    62  queueset.o(.text)
    vQueueSetAccessQueueSetFromISR           0x00003367   Thumb Code    62  queueset.o(.text)
    vStartSemaphoreTasks                     0x00003501   Thumb Code   196  semtest.o(.text)
    CLK_SetModuleClock                       0x00003611   Thumb Code   140  clk.o(.text)
    CLK_EnableModuleClock                    0x0000369d   Thumb Code    26  clk.o(.text)
    CLK_WaitClockReady                       0x000036b7   Thumb Code    38  clk.o(.text)
    CLK_SetHCLK                              0x000036dd   Thumb Code    98  clk.o(.text)
    CLK_GetPLLClockFreq                      0x0000373f   Thumb Code    66  clk.o(.text)
    CLK_DisablePLL                           0x00003781   Thumb Code    18  clk.o(.text)
    CLK_EnablePLL                            0x00003793   Thumb Code   298  clk.o(.text)
    CLK_SetCoreClock                         0x000038bd   Thumb Code   128  clk.o(.text)
    CLK_EnableXtalRC                         0x0000393d   Thumb Code    16  clk.o(.text)
    Hard_Fault_Handler                       0x00003985   Thumb Code    16  retarget.o(.text)
    fputc                                    0x00003995   Thumb Code    12  retarget.o(.text)
    UART_Open                                0x00003a81   Thumb Code   246  uart.o(.text)
    USBD_Open                                0x00003b99   Thumb Code    36  usbd.o(.text)
    USBD_Start                               0x00003bbd   Thumb Code    34  usbd.o(.text)
    USBD_GetSetupPacket                      0x00003bdf   Thumb Code    10  usbd.o(.text)
    USBD_PrepareCtrlOut                      0x00003be9   Thumb Code    18  usbd.o(.text)
    USBD_PrepareCtrlIn                       0x00003bfb   Thumb Code   100  usbd.o(.text)
    USBD_GetDescriptor                       0x00003c5f   Thumb Code   220  usbd.o(.text)
    USBD_StandardRequest                     0x00003d3b   Thumb Code   512  usbd.o(.text)
    USBD_ProcessSetupPacket                  0x00003f3b   Thumb Code   116  usbd.o(.text)
    USBD_CtrlIn                              0x00003faf   Thumb Code   120  usbd.o(.text)
    USBD_CtrlOut                             0x00004027   Thumb Code    82  usbd.o(.text)
    USBD_SwReset                             0x00004079   Thumb Code    52  usbd.o(.text)
    lwip_htons                               0x000040d9   Thumb Code     4  def.o(.text)
    lwip_htonl                               0x000040dd   Thumb Code     4  def.o(.text)
    lwip_standard_chksum                     0x000040e1   Thumb Code    86  inet_chksum.o(.text)
    inet_chksum_pseudo                       0x00004137   Thumb Code    40  inet_chksum.o(.text)
    ip_chksum_pseudo                         0x0000415f   Thumb Code    12  inet_chksum.o(.text)
    inet_chksum                              0x0000416b   Thumb Code    12  inet_chksum.o(.text)
    inet_chksum_pbuf                         0x00004177   Thumb Code    72  inet_chksum.o(.text)
    lwip_init                                0x0000422b   Thumb Code    34  init.o(.text)
    mem_init                                 0x000042f1   Thumb Code    70  mem.o(.text)
    mem_free                                 0x00004337   Thumb Code   138  mem.o(.text)
    mem_trim                                 0x000043c1   Thumb Code   268  mem.o(.text)
    mem_malloc                               0x000044cd   Thumb Code   708  mem.o(.text)
    memp_init_pool                           0x00004819   Thumb Code    42  memp.o(.text)
    memp_init                                0x00004843   Thumb Code    24  memp.o(.text)
    memp_malloc                              0x00004897   Thumb Code    36  memp.o(.text)
    memp_free                                0x000048e9   Thumb Code    32  memp.o(.text)
    netif_init                               0x000049dd   Thumb Code     2  netif.o(.text)
    netif_set_ipaddr                         0x000049df   Thumb Code    60  netif.o(.text)
    netif_set_gw                             0x00004a1b   Thumb Code     8  netif.o(.text)
    netif_set_netmask                        0x00004a23   Thumb Code     8  netif.o(.text)
    netif_set_addr                           0x00004a2b   Thumb Code    68  netif.o(.text)
    netif_add                                0x00004a6f   Thumb Code   100  netif.o(.text)
    netif_set_default                        0x00004ad3   Thumb Code     6  netif.o(.text)
    netif_set_up                             0x00004ad9   Thumb Code    28  netif.o(.text)
    pbuf_free                                0x00004be1   Thumb Code   186  pbuf.o(.text)
    pbuf_alloc                               0x00004c9b   Thumb Code   478  pbuf.o(.text)
    pbuf_alloced_custom                      0x00004e79   Thumb Code    98  pbuf.o(.text)
    pbuf_realloc                             0x00004edb   Thumb Code   840  pbuf.o(.text)
    pbuf_header                              0x000052bf   Thumb Code     4  pbuf.o(.text)
    pbuf_header_force                        0x000052c3   Thumb Code     4  pbuf.o(.text)
    pbuf_clen                                0x000052c7   Thumb Code    18  pbuf.o(.text)
    pbuf_ref                                 0x000052d9   Thumb Code    50  pbuf.o(.text)
    pbuf_cat                                 0x0000530b   Thumb Code   108  pbuf.o(.text)
    pbuf_chain                               0x00005377   Thumb Code    16  pbuf.o(.text)
    pbuf_copy                                0x00005387   Thumb Code   260  pbuf.o(.text)
    pbuf_copy_partial                        0x0000548b   Thumb Code   130  pbuf.o(.text)
    tcp_init                                 0x000056c9   Thumb Code     2  tcp.o(.text)
    tcp_seg_free                             0x000056cb   Thumb Code    28  tcp.o(.text)
    tcp_segs_free                            0x000056e7   Thumb Code    18  tcp.o(.text)
    tcp_pcb_purge                            0x000056f9   Thumb Code    66  tcp.o(.text)
    tcp_slowtmr                              0x0000573b   Thumb Code   788  tcp.o(.text)
    tcp_pcb_remove                           0x00005aaf   Thumb Code   616  tcp.o(.text)
    tcp_close                                0x00005e23   Thumb Code    18  tcp.o(.text)
    tcp_update_rcv_ann_wnd                   0x00005e35   Thumb Code    80  tcp.o(.text)
    tcp_recved                               0x00005e85   Thumb Code   114  tcp.o(.text)
    tcp_recv_null                            0x00005ef7   Thumb Code    34  tcp.o(.text)
    tcp_process_refused_data                 0x00005f19   Thumb Code   108  tcp.o(.text)
    tcp_fasttmr                              0x00005f85   Thumb Code   102  tcp.o(.text)
    tcp_tmr                                  0x00005feb   Thumb Code    28  tcp.o(.text)
    tcp_shutdown                             0x00006007   Thumb Code    76  tcp.o(.text)
    tcp_abandon                              0x00006053   Thumb Code   508  tcp.o(.text)
    tcp_abort                                0x0000624f   Thumb Code     4  tcp.o(.text)
    tcp_bind                                 0x000062a7   Thumb Code   178  tcp.o(.text)
    tcp_listen_with_backlog_and_err          0x00006367   Thumb Code   208  tcp.o(.text)
    tcp_eff_send_mss_impl                    0x00006437   Thumb Code    34  tcp.o(.text)
    tcp_next_iss                             0x00006459   Thumb Code    14  tcp.o(.text)
    tcp_connect                              0x00006467   Thumb Code   346  tcp.o(.text)
    tcp_seg_copy                             0x000065c1   Thumb Code   176  tcp.o(.text)
    tcp_alloc                                0x000066c1   Thumb Code   242  tcp.o(.text)
    tcp_new_ip_type                          0x000067b3   Thumb Code     4  tcp.o(.text)
    tcp_arg                                  0x000067b7   Thumb Code     8  tcp.o(.text)
    tcp_recv                                 0x000067bf   Thumb Code    38  tcp.o(.text)
    tcp_sent                                 0x000067e5   Thumb Code    36  tcp.o(.text)
    tcp_err                                  0x00006809   Thumb Code    38  tcp.o(.text)
    tcp_accept                               0x0000682f   Thumb Code    14  tcp.o(.text)
    tcp_poll                                 0x0000683d   Thumb Code    40  tcp.o(.text)
    tcp_netif_ip_addr_changed                0x00006865   Thumb Code    72  tcp.o(.text)
    tcp_input                                0x00007ac7   Thumb Code  1466  tcp_in.o(.text)
    tcp_trigger_input_pcb_close              0x00008081   Thumb Code    12  tcp_in.o(.text)
    tcp_enqueue_flags                        0x00008243   Thumb Code   258  tcp_out.o(.text)
    tcp_send_fin                             0x00008345   Thumb Code    68  tcp_out.o(.text)
    tcp_write                                0x0000845d   Thumb Code  2080  tcp_out.o(.text)
    tcp_send_empty_ack                       0x00008c7d   Thumb Code   126  tcp_out.o(.text)
    tcp_output                               0x00008db3   Thumb Code   558  tcp_out.o(.text)
    tcp_rst                                  0x00008fe1   Thumb Code   174  tcp_out.o(.text)
    tcp_rexmit_rto                           0x0000908f   Thumb Code    48  tcp_out.o(.text)
    tcp_rexmit                               0x000090bf   Thumb Code    86  tcp_out.o(.text)
    tcp_rexmit_fast                          0x00009115   Thumb Code   162  tcp_out.o(.text)
    tcp_keepalive                            0x000091b7   Thumb Code   104  tcp_out.o(.text)
    tcp_zero_window_probe                    0x0000921f   Thumb Code   208  tcp_out.o(.text)
    sys_timeout                              0x000092f1   Thumb Code   156  timeouts.o(.text)
    tcp_timer_needed                         0x000093b3   Thumb Code    34  timeouts.o(.text)
    sys_timeouts_init                        0x000093e9   Thumb Code    36  timeouts.o(.text)
    sys_timeouts_mbox_fetch                  0x0000940d   Thumb Code    74  timeouts.o(.text)
    udp_init                                 0x00009555   Thumb Code     2  udp.o(.text)
    udp_input                                0x00009557   Thumb Code   324  udp.o(.text)
    udp_bind                                 0x0000969b   Thumb Code   182  udp.o(.text)
    udp_sendto_if_src                        0x00009751   Thumb Code   216  udp.o(.text)
    udp_sendto_if                            0x00009829   Thumb Code    54  udp.o(.text)
    udp_sendto                               0x0000985f   Thumb Code    50  udp.o(.text)
    udp_send                                 0x00009891   Thumb Code    14  udp.o(.text)
    udp_connect                              0x0000989f   Thumb Code    76  udp.o(.text)
    udp_disconnect                           0x000098eb   Thumb Code    16  udp.o(.text)
    udp_recv                                 0x000098fb   Thumb Code     6  udp.o(.text)
    udp_remove                               0x00009901   Thumb Code    42  udp.o(.text)
    udp_new                                  0x0000992b   Thumb Code   186  udp.o(.text)
    udp_new_ip_type                          0x000099e5   Thumb Code     2  udp.o(.text)
    udp_netif_ip_addr_changed                0x000099e7   Thumb Code    48  udp.o(.text)
    etharp_request                           0x00009b05   Thumb Code     6  etharp.o(.text)
    etharp_tmr                               0x00009b0b   Thumb Code    90  etharp.o(.text)
    etharp_input                             0x00009d41   Thumb Code   508  etharp.o(.text)
    etharp_query                             0x00009fbb   Thumb Code   314  etharp.o(.text)
    etharp_output                            0x0000a0f5   Thumb Code   286  etharp.o(.text)
    icmp_input                               0x0000a2d1   Thumb Code   316  icmp.o(.text)
    icmp_dest_unreach                        0x0000a499   Thumb Code     6  icmp.o(.text)
    icmp_time_exceeded                       0x0000a49f   Thumb Code     6  icmp.o(.text)
    ip4_route                                0x0000a595   Thumb Code    82  ip4.o(.text)
    ip4_input                                0x0000a5e7   Thumb Code   422  ip4.o(.text)
    ip4_output_if_src                        0x0000a78d   Thumb Code   258  ip4.o(.text)
    ip4_output_if                            0x0000a88f   Thumb Code    30  ip4.o(.text)
    ip4_addr_isbroadcast_u32                 0x0000a951   Thumb Code    46  ip4_addr.o(.text)
    ip_reass_tmr                             0x0000aa7f   Thumb Code    40  ip4_frag.o(.text)
    ip4_reass                                0x0000ac89   Thumb Code   820  ip4_frag.o(.text)
    ip4_frag                                 0x0000b009   Thumb Code   418  ip4_frag.o(.text)
    netconn_new_with_proto_and_callback      0x0000b22d   Thumb Code   132  api_lib.o(.text)
    netconn_delete                           0x0000b2b1   Thumb Code    40  api_lib.o(.text)
    netconn_bind                             0x0000b2d9   Thumb Code    50  api_lib.o(.text)
    netconn_listen_with_backlog              0x0000b30b   Thumb Code    38  api_lib.o(.text)
    netconn_accept                           0x0000b331   Thumb Code   140  api_lib.o(.text)
    netconn_recv                             0x0000b4eb   Thumb Code   144  api_lib.o(.text)
    netconn_write_partly                     0x0000b57b   Thumb Code   702  api_lib.o(.text)
    netconn_close                            0x0000b839   Thumb Code     4  api_lib.o(.text)
    netconn_free                             0x0000c161   Thumb Code   100  api_msg.o(.text)
    netconn_alloc                            0x0000c1c5   Thumb Code   124  api_msg.o(.text)
    lwip_netconn_do_newconn                  0x0000c4f3   Thumb Code    60  api_msg.o(.text)
    lwip_netconn_do_delconn                  0x0000c5bf   Thumb Code   304  api_msg.o(.text)
    lwip_netconn_do_bind                     0x0000c6ef   Thumb Code   100  api_msg.o(.text)
    lwip_netconn_do_connect                  0x0000c8fd   Thumb Code   264  api_msg.o(.text)
    lwip_netconn_do_disconnect               0x0000ca05   Thumb Code    70  api_msg.o(.text)
    lwip_netconn_do_listen                   0x0000ca4b   Thumb Code   208  api_msg.o(.text)
    lwip_netconn_do_send                     0x0000cb1b   Thumb Code   108  api_msg.o(.text)
    lwip_netconn_do_recv                     0x0000cb87   Thumb Code   100  api_msg.o(.text)
    lwip_netconn_do_write                    0x0000cbeb   Thumb Code   242  api_msg.o(.text)
    lwip_netconn_do_getaddr                  0x0000ccdd   Thumb Code   244  api_msg.o(.text)
    lwip_netconn_do_close                    0x0000cdd1   Thumb Code   232  api_msg.o(.text)
    netbuf_delete                            0x0000cec1   Thumb Code    34  netbuf.o(.text)
    netbuf_data                              0x0000cee3   Thumb Code    72  netbuf.o(.text)
    tcpip_inpkt                              0x0000d04f   Thumb Code    82  tcpip.o(.text)
    tcpip_input                              0x0000d0a1   Thumb Code    18  tcpip.o(.text)
    tcpip_callback_with_block                0x0000d0b3   Thumb Code    94  tcpip.o(.text)
    tcpip_send_msg_wait_sem                  0x0000d111   Thumb Code    30  tcpip.o(.text)
    tcpip_init                               0x0000d12f   Thumb Code    86  tcpip.o(.text)
    ethernet_input                           0x0000d26d   Thumb Code   154  ethernet.o(.text)
    ethernet_output                          0x0000d307   Thumb Code    98  ethernet.o(.text)
    sys_mbox_new                             0x0000d3f5   Thumb Code    30  sys_arch.o(.text)
    sys_mbox_free                            0x0000d413   Thumb Code    38  sys_arch.o(.text)
    sys_mbox_post                            0x0000d439   Thumb Code    26  sys_arch.o(.text)
    sys_mbox_trypost                         0x0000d453   Thumb Code    54  sys_arch.o(.text)
    sys_arch_mbox_fetch                      0x0000d489   Thumb Code   110  sys_arch.o(.text)
    sys_arch_mbox_tryfetch                   0x0000d4f7   Thumb Code    46  sys_arch.o(.text)
    sys_sem_new                              0x0000d525   Thumb Code    52  sys_arch.o(.text)
    sys_arch_sem_wait                        0x0000d559   Thumb Code    70  sys_arch.o(.text)
    sys_mutex_new                            0x0000d59f   Thumb Code    24  sys_arch.o(.text)
    sys_mutex_lock                           0x0000d5b7   Thumb Code    22  sys_arch.o(.text)
    sys_mutex_unlock                         0x0000d5cd   Thumb Code    12  sys_arch.o(.text)
    sys_sem_signal                           0x0000d5d9   Thumb Code    34  sys_arch.o(.text)
    sys_sem_free                             0x0000d5fb   Thumb Code     6  sys_arch.o(.text)
    sys_init                                 0x0000d601   Thumb Code     2  sys_arch.o(.text)
    sys_now                                  0x0000d603   Thumb Code     4  sys_arch.o(.text)
    sys_thread_new                           0x0000d607   Thumb Code    40  sys_arch.o(.text)
    sys_arch_protect                         0x0000d62f   Thumb Code    16  sys_arch.o(.text)
    sys_arch_unprotect                       0x0000d63f   Thumb Code    14  sys_arch.o(.text)
    ethernetif_input                         0x0000d685   Thumb Code   104  ethernetif.o(.text)
    ethernetif_init                          0x0000d6ed   Thumb Code   120  ethernetif.o(.text)
    ETH_init                                 0x0000d8bb   Thumb Code   158  m480_eth.o(.text)
    EMAC_RX_IRQHandler                       0x0000d959   Thumb Code    70  m480_eth.o(.text)
    EMAC_TX_IRQHandler                       0x0000d99f   Thumb Code    48  m480_eth.o(.text)
    ETH_get_tx_buf                           0x0000d9cf   Thumb Code    18  m480_eth.o(.text)
    ETH_trigger_tx                           0x0000d9e1   Thumb Code    28  m480_eth.o(.text)
    __aeabi_memcpy                           0x0000daf9   Thumb Code    36  memcpya.o(.text)
    __aeabi_memcpy4                          0x0000daf9   Thumb Code     0  memcpya.o(.text)
    __aeabi_memcpy8                          0x0000daf9   Thumb Code     0  memcpya.o(.text)
    __aeabi_memset                           0x0000db1d   Thumb Code    14  memseta.o(.text)
    __aeabi_memset4                          0x0000db1d   Thumb Code     0  memseta.o(.text)
    __aeabi_memset8                          0x0000db1d   Thumb Code     0  memseta.o(.text)
    __aeabi_memclr                           0x0000db2b   Thumb Code     4  memseta.o(.text)
    __aeabi_memclr4                          0x0000db2b   Thumb Code     0  memseta.o(.text)
    __aeabi_memclr8                          0x0000db2b   Thumb Code     0  memseta.o(.text)
    _memset$wrapper                          0x0000db2f   Thumb Code    18  memseta.o(.text)
    strlen                                   0x0000db41   Thumb Code    14  strlen.o(.text)
    memcmp                                   0x0000db4f   Thumb Code    26  memcmp.o(.text)
    strncmp                                  0x0000db69   Thumb Code    30  strncmp.o(.text)
    atoi                                     0x0000db87   Thumb Code    26  atoi.o(.text)
    __aeabi_uldivmod                         0x0000dba1   Thumb Code    98  uldiv.o(.text)
    strtol                                   0x0000dc03   Thumb Code   112  strtol.o(.text)
    __scatterload                            0x0000dc75   Thumb Code    28  init.o(.text)
    __scatterload_rt2                        0x0000dc75   Thumb Code     0  init.o(.text)
    __aeabi_llsl                             0x0000dc99   Thumb Code    30  llshl.o(.text)
    _ll_shift_l                              0x0000dc99   Thumb Code     0  llshl.o(.text)
    __aeabi_llsr                             0x0000dcb7   Thumb Code    32  llushr.o(.text)
    _ll_ushift_r                             0x0000dcb7   Thumb Code     0  llushr.o(.text)
    __rt_ctype_table                         0x0000dcd9   Thumb Code     4  ctype_o.o(.text)
    _strtoul                                 0x0000dce1   Thumb Code   158  _strtoul.o(.text)
    _chval                                   0x0000dd7f   Thumb Code    28  _chval.o(.text)
    __decompress                             0x0000dd9b   Thumb Code     0  __dczerorl2.o(.text)
    __decompress1                            0x0000dd9b   Thumb Code    86  __dczerorl2.o(.text)
    __0printf$5                              0x0000ddf1   Thumb Code    22  printf5.o(i.__0printf$5)
    __1printf$5                              0x0000ddf1   Thumb Code     0  printf5.o(i.__0printf$5)
    __2printf                                0x0000ddf1   Thumb Code     0  printf5.o(i.__0printf$5)
    __aeabi_errno_addr                       0x0000de11   Thumb Code     4  errno.o(i.__aeabi_errno_addr)
    __rt_errno_addr                          0x0000de11   Thumb Code     0  errno.o(i.__aeabi_errno_addr)
    __scatterload_copy                       0x0000de19   Thumb Code    14  handlers.o(i.__scatterload_copy)
    __scatterload_null                       0x0000de27   Thumb Code     2  handlers.o(i.__scatterload_null)
    __scatterload_zeroinit                   0x0000de29   Thumb Code    14  handlers.o(i.__scatterload_zeroinit)
    gsInfo                                   0x0000e0f8   Data          28  descriptors.o(.constdata)
    memp_UDP_PCB                             0x0000e144   Data          12  memp.o(.constdata)
    memp_TCP_PCB                             0x0000e150   Data          12  memp.o(.constdata)
    memp_TCP_PCB_LISTEN                      0x0000e15c   Data          12  memp.o(.constdata)
    memp_TCP_SEG                             0x0000e168   Data          12  memp.o(.constdata)
    memp_REASSDATA                           0x0000e174   Data          12  memp.o(.constdata)
    memp_FRAG_PBUF                           0x0000e180   Data          12  memp.o(.constdata)
    memp_NETBUF                              0x0000e18c   Data          12  memp.o(.constdata)
    memp_NETCONN                             0x0000e198   Data          12  memp.o(.constdata)
    memp_TCPIP_MSG_API                       0x0000e1a4   Data          12  memp.o(.constdata)
    memp_TCPIP_MSG_INPKT                     0x0000e1b0   Data          12  memp.o(.constdata)
    memp_SYS_TIMEOUT                         0x0000e1bc   Data          12  memp.o(.constdata)
    memp_PBUF                                0x0000e1c8   Data          12  memp.o(.constdata)
    memp_PBUF_POOL                           0x0000e1d4   Data          12  memp.o(.constdata)
    memp_pools                               0x0000e1e0   Data          52  memp.o(.constdata)
    tcp_pcb_lists                            0x0000e258   Data          16  tcp.o(.constdata)
    lwip_cyclic_timers                       0x0000e268   Data          24  timeouts.o(.constdata)
    ip_addr_any                              0x0000e280   Data           4  ip4_addr.o(.constdata)
    ethbroadcast                             0x0000e284   Data           6  ethernet.o(.constdata)
    ethzero                                  0x0000e28a   Data           6  ethernet.o(.constdata)
    __ctype_table                            0x0000e290   Data         129  ctype_o.o(.constdata)
    Region$$Table$$Base                      0x0000e42c   Number         0  anon$$obj.o(Region$$Table)
    Region$$Table$$Limit                     0x0000e44c   Number         0  anon$$obj.o(Region$$Table)
    SystemCoreClock                          0x20000000   Data           4  system_m480.o(.data)
    CyclesPerUs                              0x20000004   Data           4  system_m480.o(.data)
    PllClock                                 0x20000008   Data           4  system_m480.o(.data)
    gau32ClkSrcTbl                           0x2000000c   Data          32  system_m480.o(.data)
    my_mac_addr                              0x2000002c   Data           6  main.o(.data)
    g_u8EP2Ready                             0x20000032   Data           1  main.o(.data)
    u32TrimInit                              0x20000034   Data           4  main.o(.data)
    usb_q_handle                             0x20000038   Data           4  main.o(.data)
    usb_s_handle                             0x2000003c   Data           4  main.o(.data)
    HID_KeyboardReportDescriptor             0x20000040   Data          63  descriptors.o(.data)
    gu8DeviceDescriptor                      0x2000007f   Data          18  descriptors.o(.data)
    gu8ConfigDescriptor                      0x20000091   Data          34  descriptors.o(.data)
    gu8StringLang                            0x200000b3   Data           4  descriptors.o(.data)
    gu8VendorStringDesc                      0x200000b7   Data          16  descriptors.o(.data)
    gu8ProductStringDesc                     0x200000c7   Data          26  descriptors.o(.data)
    gu8BOSDescriptor                         0x200000e1   Data          12  descriptors.o(.data)
    gpu8UsbString                            0x200000f0   Data          16  descriptors.o(.data)
    gu8UsbHidReport                          0x20000100   Data          12  descriptors.o(.data)
    gu32UsbHidReportLen                      0x2000010c   Data          12  descriptors.o(.data)
    gu32ConfigHidDescIdx                     0x20000118   Data          12  descriptors.o(.data)
    pxCurrentTCB                             0x20000124   Data           4  tasks.o(.data)
    xQueueSetSendingTask                     0x20000200   Data           4  queueset.o(.data)
    xQueueSetReceivingTask                   0x20000204   Data           4  queueset.o(.data)
    __stdout                                 0x2000021c   Data           4  retarget.o(.data)
    g_usbd_RemoteWakeupEn                    0x20000220   Data           1  usbd.o(.data)
    g_usbd_pfnVendorRequest                  0x2000024c   Data           4  usbd.o(.data)
    g_usbd_pfnClassRequest                   0x20000250   Data           4  usbd.o(.data)
    g_usbd_pfnSetInterface                   0x20000254   Data           4  usbd.o(.data)
    g_usbd_pfnSetConfigCallback              0x20000258   Data           4  usbd.o(.data)
    g_u32EpStallLock                         0x2000025c   Data           4  usbd.o(.data)
    g_usbd_sInfo                             0x20000260   Data           4  usbd.o(.data)
    g_usbd_SetupPacket                       0x20000264   Data           8  usbd.o(.data)
    netif_list                               0x200002b4   Data           4  netif.o(.data)
    netif_default                            0x200002b8   Data           4  netif.o(.data)
    pbuf_free_ooseq_pending                  0x200002bc   Data           1  pbuf.o(.data)
    tcp_active_pcbs_changed                  0x200002c0   Data           1  tcp.o(.data)
    tcp_ticks                                0x200002cc   Data           4  tcp.o(.data)
    tcp_bound_pcbs                           0x200002d0   Data           4  tcp.o(.data)
    tcp_listen_pcbs                          0x200002d4   Data           4  tcp.o(.data)
    tcp_active_pcbs                          0x200002d8   Data           4  tcp.o(.data)
    tcp_tw_pcbs                              0x200002dc   Data           4  tcp.o(.data)
    tcp_input_pcb                            0x20000300   Data           4  tcp_in.o(.data)
    udp_pcbs                                 0x20000314   Data           4  udp.o(.data)
    netconn_aborted                          0x20000324   Data           1  api_msg.o(.data)
    lock_tcpip_core                          0x20000334   Data           4  tcpip.o(.data)
    xInsideISR                               0x20000338   Data           4  sys_arch.o(.data)
    _netif                                   0x2000033c   Data           4  ethernetif.o(.data)
    cur_tx_desc_ptr                          0x20000340   Data           4  m480_eth.o(.data)
    cur_rx_desc_ptr                          0x20000344   Data           4  m480_eth.o(.data)
    fin_tx_desc_ptr                          0x20000348   Data           4  m480_eth.o(.data)
    netif                                    0x20000350   Data          48  main.o(.bss)
    xQueueRegistry                           0x20000380   Data          64  queue.o(.bss)
    ip_data                                  0x200044d4   Data          24  ip.o(.bss)
    ram_heap                                 0x200044ec   Data       10019  mem.o(.bss)
    memp_memory_UDP_PCB_base                 0x20006c0f   Data         131  memp.o(.bss)
    memp_memory_TCP_PCB_base                 0x20006c92   Data         763  memp.o(.bss)
    memp_memory_TCP_PCB_LISTEN_base          0x20006f8d   Data         227  memp.o(.bss)
    memp_memory_TCP_SEG_base                 0x20007070   Data         259  memp.o(.bss)
    memp_memory_REASSDATA_base               0x20007173   Data         163  memp.o(.bss)
    memp_memory_FRAG_PBUF_base               0x20007216   Data         363  memp.o(.bss)
    memp_memory_NETBUF_base                  0x20007381   Data          35  memp.o(.bss)
    memp_memory_NETCONN_base                 0x200073a4   Data         179  memp.o(.bss)
    memp_memory_TCPIP_MSG_API_base           0x20007457   Data         131  memp.o(.bss)
    memp_memory_TCPIP_MSG_INPKT_base         0x200074da   Data         131  memp.o(.bss)
    memp_memory_SYS_TIMEOUT_base             0x2000755d   Data          51  memp.o(.bss)
    memp_memory_PBUF_base                    0x20007590   Data         259  memp.o(.bss)
    memp_memory_PBUF_POOL_base               0x20007693   Data       17155  memp.o(.bss)
    rx_desc                                  0x2000ba98   Data          64  m480_eth.o(.bss)
    tx_desc                                  0x2000bad8   Data          64  m480_eth.o(.bss)
    rx_buf                                   0x2000bb18   Data        6080  m480_eth.o(.bss)
    tx_buf                                   0x2000d2d8   Data        6080  m480_eth.o(.bss)
    __initial_sp                             0x2000f298   Data           0  startup_m480.o(STACK)



==============================================================================

Memory Map of the image

  Image Entry point : 0x000001f5

  Load Region LR_IROM1 (Base: 0x00000000, Size: 0x0000e79c, Max: 0x00080000, ABSOLUTE, COMPRESSED[0x0000e53c])

    Execution Region ER_IROM1 (Exec base: 0x00000000, Load base: 0x00000000, Size: 0x0000e44c, Max: 0x00080000, ABSOLUTE)

    Exec Addr    Load Addr    Size         Type   Attr      Idx    E Section Name        Object

    0x00000000   0x00000000   0x000001f4   Data   RO          314    RESET               startup_m480.o
    0x000001f4   0x000001f4   0x00000000   Code   RO         3453  * .ARM.Collect$$$$00000000  mc_w.l(entry.o)
    0x000001f4   0x000001f4   0x00000004   Code   RO         3731    .ARM.Collect$$$$00000001  mc_w.l(entry2.o)
    0x000001f8   0x000001f8   0x00000004   Code   RO         3734    .ARM.Collect$$$$00000004  mc_w.l(entry5.o)
    0x000001fc   0x000001fc   0x00000000   Code   RO         3736    .ARM.Collect$$$$00000008  mc_w.l(entry7b.o)
    0x000001fc   0x000001fc   0x00000000   Code   RO         3738    .ARM.Collect$$$$0000000A  mc_w.l(entry8b.o)
    0x000001fc   0x000001fc   0x00000008   Code   RO         3739    .ARM.Collect$$$$0000000B  mc_w.l(entry9a.o)
    0x00000204   0x00000204   0x00000004   Code   RO         3746    .ARM.Collect$$$$0000000E  mc_w.l(entry12b.o)
    0x00000208   0x00000208   0x00000000   Code   RO         3741    .ARM.Collect$$$$0000000F  mc_w.l(entry10a.o)
    0x00000208   0x00000208   0x00000000   Code   RO         3743    .ARM.Collect$$$$00000011  mc_w.l(entry11a.o)
    0x00000208   0x00000208   0x00000004   Code   RO         3732    .ARM.Collect$$$$00002712  mc_w.l(entry2.o)
    0x0000020c   0x0000020c   0x000000be   Code   RO         1287    .emb_text           port.o
    0x000002ca   0x000002ca   0x00000002   PAD
    0x000002cc   0x000002cc   0x0000001c   Code   RO         1596    .emb_text           retarget.o
    0x000002e8   0x000002e8   0x000000c0   Code   RO            4    .text               system_m480.o
    0x000003a8   0x000003a8   0x00000068   Code   RO          315    .text               startup_m480.o
    0x00000410   0x00000410   0x00000444   Code   RO          322    .text               main.o
    0x00000854   0x00000854   0x0000032c   Code   RO          538    .text               tcp_echoserver-netconn.o
    0x00000b80   0x00000b80   0x000002e8   Code   RO          854    .text               hid_kb.o
    0x00000e68   0x00000e68   0x0000008a   Code   RO          910    .text               list.o
    0x00000ef2   0x00000ef2   0x00000002   PAD
    0x00000ef4   0x00000ef4   0x00000b2c   Code   RO          937    .text               queue.o
    0x00001a20   0x00001a20   0x00000ac4   Code   RO         1040    .text               tasks.o
    0x000024e4   0x000024e4   0x0000032c   Code   RO         1209    .text               timers.o
    0x00002810   0x00002810   0x00000238   Code   RO         1288    .text               port.o
    0x00002a48   0x00002a48   0x000000f4   Code   RO         1330    .text               heap_2.o
    0x00002b3c   0x00002b3c   0x000004b0   Code   RO         1360    .text               genqtest.o
    0x00002fec   0x00002fec   0x0000010c   Code   RO         1380    .text               pollq.o
    0x000030f8   0x000030f8   0x00000364   Code   RO         1400    .text               queueset.o
    0x0000345c   0x0000345c   0x000001b4   Code   RO         1422    .text               semtest.o
    0x00003610   0x00003610   0x00000374   Code   RO         1447    .text               clk.o
    0x00003984   0x00003984   0x000000fc   Code   RO         1597    .text               retarget.o
    0x00003a80   0x00003a80   0x00000118   Code   RO         1762    .text               uart.o
    0x00003b98   0x00003b98   0x00000540   Code   RO         1859    .text               usbd.o
    0x000040d8   0x000040d8   0x00000008   Code   RO         1906    .text               def.o
    0x000040e0   0x000040e0   0x0000014a   Code   RO         1949    .text               inet_chksum.o
    0x0000422a   0x0000422a   0x00000022   Code   RO         1992    .text               init.o
    0x0000424c   0x0000424c   0x000005cc   Code   RO         2139    .text               mem.o
    0x00004818   0x00004818   0x000001c4   Code   RO         2174    .text               memp.o
    0x000049dc   0x000049dc   0x000001a4   Code   RO         2282    .text               netif.o
    0x00004b80   0x00004b80   0x00000b48   Code   RO         2361    .text               pbuf.o
    0x000056c8   0x000056c8   0x00001378   Code   RO         2484    .text               tcp.o
    0x00006a40   0x00006a40   0x000016d8   Code   RO         2539    .text               tcp_in.o
    0x00008118   0x00008118   0x000011d6   Code   RO         2565    .text               tcp_out.o
    0x000092ee   0x000092ee   0x00000002   PAD
    0x000092f0   0x000092f0   0x00000264   Code   RO         2578    .text               timeouts.o
    0x00009554   0x00009554   0x000004c8   Code   RO         2618    .text               udp.o
    0x00009a1c   0x00009a1c   0x000008b4   Code   RO         2655    .text               etharp.o
    0x0000a2d0   0x0000a2d0   0x000002c4   Code   RO         2696    .text               icmp.o
    0x0000a594   0x0000a594   0x000003bc   Code   RO         2721    .text               ip4.o
    0x0000a950   0x0000a950   0x0000002e   Code   RO         2744    .text               ip4_addr.o
    0x0000a97e   0x0000a97e   0x00000002   PAD
    0x0000a980   0x0000a980   0x000008ac   Code   RO         2798    .text               ip4_frag.o
    0x0000b22c   0x0000b22c   0x0000062c   Code   RO         2815    .text               api_lib.o
    0x0000b858   0x0000b858   0x00001668   Code   RO         2890    .text               api_msg.o
    0x0000cec0   0x0000cec0   0x00000114   Code   RO         2947    .text               netbuf.o
    0x0000cfd4   0x0000cfd4   0x00000298   Code   RO         3229    .text               tcpip.o
    0x0000d26c   0x0000d26c   0x00000188   Code   RO         3298    .text               ethernet.o
    0x0000d3f4   0x0000d3f4   0x0000025c   Code   RO         3317    .text               sys_arch.o
    0x0000d650   0x0000d650   0x00000180   Code   RO         3384    .text               ethernetif.o
    0x0000d7d0   0x0000d7d0   0x00000328   Code   RO         3418    .text               m480_eth.o
    0x0000daf8   0x0000daf8   0x00000024   Code   RO         3456    .text               mc_w.l(memcpya.o)
    0x0000db1c   0x0000db1c   0x00000024   Code   RO         3458    .text               mc_w.l(memseta.o)
    0x0000db40   0x0000db40   0x0000000e   Code   RO         3460    .text               mc_w.l(strlen.o)
    0x0000db4e   0x0000db4e   0x0000001a   Code   RO         3462    .text               mc_w.l(memcmp.o)
    0x0000db68   0x0000db68   0x0000001e   Code   RO         3464    .text               mc_w.l(strncmp.o)
    0x0000db86   0x0000db86   0x0000001a   Code   RO         3729    .text               mc_w.l(atoi.o)
    0x0000dba0   0x0000dba0   0x00000062   Code   RO         3749    .text               mc_w.l(uldiv.o)
    0x0000dc02   0x0000dc02   0x00000070   Code   RO         3758    .text               mc_w.l(strtol.o)
    0x0000dc72   0x0000dc72   0x00000002   PAD
    0x0000dc74   0x0000dc74   0x00000024   Code   RO         3771    .text               mc_w.l(init.o)
    0x0000dc98   0x0000dc98   0x0000001e   Code   RO         3773    .text               mc_w.l(llshl.o)
    0x0000dcb6   0x0000dcb6   0x00000020   Code   RO         3775    .text               mc_w.l(llushr.o)
    0x0000dcd6   0x0000dcd6   0x00000002   PAD
    0x0000dcd8   0x0000dcd8   0x00000008   Code   RO         3779    .text               mc_w.l(ctype_o.o)
    0x0000dce0   0x0000dce0   0x0000009e   Code   RO         3807    .text               mc_w.l(_strtoul.o)
    0x0000dd7e   0x0000dd7e   0x0000001c   Code   RO         3811    .text               mc_w.l(_chval.o)
    0x0000dd9a   0x0000dd9a   0x00000056   Code   RO         3821    .text               mc_w.l(__dczerorl2.o)
    0x0000ddf0   0x0000ddf0   0x00000020   Code   RO         3601    i.__0printf$5       mc_w.l(printf5.o)
    0x0000de10   0x0000de10   0x00000008   Code   RO         3751    i.__aeabi_errno_addr  mc_w.l(errno.o)
    0x0000de18   0x0000de18   0x0000000e   Code   RO         3815    i.__scatterload_copy  mc_w.l(handlers.o)
    0x0000de26   0x0000de26   0x00000002   Code   RO         3816    i.__scatterload_null  mc_w.l(handlers.o)
    0x0000de28   0x0000de28   0x0000000e   Code   RO         3817    i.__scatterload_zeroinit  mc_w.l(handlers.o)
    0x0000de36   0x0000de36   0x00000002   PAD
    0x0000de38   0x0000de38   0x000002c0   Code   RO         3608    i._printf_core      mc_w.l(printf5.o)
    0x0000e0f8   0x0000e0f8   0x0000001c   Data   RO          618    .constdata          descriptors.o
    0x0000e114   0x0000e114   0x00000030   Data   RO         1770    .constdata          uart.o
    0x0000e144   0x0000e144   0x0000000c   Data   RO         2190    .constdata          memp.o
    0x0000e150   0x0000e150   0x0000000c   Data   RO         2191    .constdata          memp.o
    0x0000e15c   0x0000e15c   0x0000000c   Data   RO         2192    .constdata          memp.o
    0x0000e168   0x0000e168   0x0000000c   Data   RO         2193    .constdata          memp.o
    0x0000e174   0x0000e174   0x0000000c   Data   RO         2194    .constdata          memp.o
    0x0000e180   0x0000e180   0x0000000c   Data   RO         2195    .constdata          memp.o
    0x0000e18c   0x0000e18c   0x0000000c   Data   RO         2196    .constdata          memp.o
    0x0000e198   0x0000e198   0x0000000c   Data   RO         2197    .constdata          memp.o
    0x0000e1a4   0x0000e1a4   0x0000000c   Data   RO         2198    .constdata          memp.o
    0x0000e1b0   0x0000e1b0   0x0000000c   Data   RO         2199    .constdata          memp.o
    0x0000e1bc   0x0000e1bc   0x0000000c   Data   RO         2200    .constdata          memp.o
    0x0000e1c8   0x0000e1c8   0x0000000c   Data   RO         2201    .constdata          memp.o
    0x0000e1d4   0x0000e1d4   0x0000000c   Data   RO         2202    .constdata          memp.o
    0x0000e1e0   0x0000e1e0   0x00000034   Data   RO         2203    .constdata          memp.o
    0x0000e214   0x0000e214   0x00000054   Data   RO         2490    .constdata          tcp.o
    0x0000e268   0x0000e268   0x00000018   Data   RO         2581    .constdata          timeouts.o
    0x0000e280   0x0000e280   0x00000004   Data   RO         2751    .constdata          ip4_addr.o
    0x0000e284   0x0000e284   0x00000006   Data   RO         3299    .constdata          ethernet.o
    0x0000e28a   0x0000e28a   0x00000006   Data   RO         3300    .constdata          ethernet.o
    0x0000e290   0x0000e290   0x00000081   Data   RO         3780    .constdata          mc_w.l(ctype_o.o)
    0x0000e311   0x0000e311   0x00000003   PAD
    0x0000e314   0x0000e314   0x00000004   Data   RO         3781    .constdata          mc_w.l(ctype_o.o)
    0x0000e318   0x0000e318   0x00000075   Data   RO         2491    .conststring        tcp.o
    0x0000e38d   0x0000e38d   0x00000003   PAD
    0x0000e390   0x0000e390   0x00000055   Data   RO         2566    .conststring        tcp_out.o
    0x0000e3e5   0x0000e3e5   0x00000003   PAD
    0x0000e3e8   0x0000e3e8   0x00000041   Data   RO         2660    .conststring        etharp.o
    0x0000e429   0x0000e429   0x00000003   PAD
    0x0000e42c   0x0000e42c   0x00000020   Data   RO         3813    Region$$Table       anon$$obj.o


    Execution Region RW_IRAM1 (Exec base: 0x20000000, Load base: 0x0000e44c, Size: 0x0000f298, Max: 0x00010000, ABSOLUTE, COMPRESSED[0x000000f0])

    Exec Addr    Load Addr    Size         Type   Attr      Idx    E Section Name        Object

    0x20000000   COMPRESSED   0x0000002c   Data   RW            5    .data               system_m480.o
    0x2000002c   COMPRESSED   0x00000006   Data   RW          324    .data               main.o
    0x20000032   COMPRESSED   0x00000001   Data   RW          325    .data               main.o
    0x20000033   COMPRESSED   0x00000001   PAD
    0x20000034   COMPRESSED   0x0000000c   Data   RW          327    .data               main.o
    0x20000040   COMPRESSED   0x0000003f   Data   RW          619    .data               descriptors.o
    0x2000007f   COMPRESSED   0x00000012   Data   RW          620    .data               descriptors.o
    0x20000091   COMPRESSED   0x00000022   Data   RW          621    .data               descriptors.o
    0x200000b3   COMPRESSED   0x00000004   Data   RW          622    .data               descriptors.o
    0x200000b7   COMPRESSED   0x00000010   Data   RW          623    .data               descriptors.o
    0x200000c7   COMPRESSED   0x0000001a   Data   RW          624    .data               descriptors.o
    0x200000e1   COMPRESSED   0x0000000c   Data   RW          625    .data               descriptors.o
    0x200000ed   COMPRESSED   0x00000003   PAD
    0x200000f0   COMPRESSED   0x00000010   Data   RW          626    .data               descriptors.o
    0x20000100   COMPRESSED   0x0000000c   Data   RW          627    .data               descriptors.o
    0x2000010c   COMPRESSED   0x0000000c   Data   RW          628    .data               descriptors.o
    0x20000118   COMPRESSED   0x0000000c   Data   RW          629    .data               descriptors.o
    0x20000124   COMPRESSED   0x0000003c   Data   RW         1067    .data               tasks.o
    0x20000160   COMPRESSED   0x00000014   Data   RW         1221    .data               timers.o
    0x20000174   COMPRESSED   0x0000000c   Data   RW         1290    .data               port.o
    0x20000180   COMPRESSED   0x00000018   Data   RW         1334    .data               heap_2.o
    0x20000198   COMPRESSED   0x00000024   Data   RW         1362    .data               genqtest.o
    0x200001bc   COMPRESSED   0x0000000c   Data   RW         1382    .data               pollq.o
    0x200001c8   COMPRESSED   0x00000040   Data   RW         1403    .data               queueset.o
    0x20000208   COMPRESSED   0x00000012   Data   RW         1424    .data               semtest.o
    0x2000021a   COMPRESSED   0x00000002   PAD
    0x2000021c   COMPRESSED   0x00000004   Data   RW         1603    .data               retarget.o
    0x20000220   COMPRESSED   0x0000004c   Data   RW         1863    .data               usbd.o
    0x2000026c   COMPRESSED   0x00000010   Data   RW         2142    .data               mem.o
    0x2000027c   COMPRESSED   0x00000004   Data   RW         2204    .data               memp.o
    0x20000280   COMPRESSED   0x00000004   Data   RW         2205    .data               memp.o
    0x20000284   COMPRESSED   0x00000004   Data   RW         2206    .data               memp.o
    0x20000288   COMPRESSED   0x00000004   Data   RW         2207    .data               memp.o
    0x2000028c   COMPRESSED   0x00000004   Data   RW         2208    .data               memp.o
    0x20000290   COMPRESSED   0x00000004   Data   RW         2209    .data               memp.o
    0x20000294   COMPRESSED   0x00000004   Data   RW         2210    .data               memp.o
    0x20000298   COMPRESSED   0x00000004   Data   RW         2211    .data               memp.o
    0x2000029c   COMPRESSED   0x00000004   Data   RW         2212    .data               memp.o
    0x200002a0   COMPRESSED   0x00000004   Data   RW         2213    .data               memp.o
    0x200002a4   COMPRESSED   0x00000004   Data   RW         2214    .data               memp.o
    0x200002a8   COMPRESSED   0x00000004   Data   RW         2215    .data               memp.o
    0x200002ac   COMPRESSED   0x00000004   Data   RW         2216    .data               memp.o
    0x200002b0   COMPRESSED   0x0000000c   Data   RW         2289    .data               netif.o
    0x200002bc   COMPRESSED   0x00000001   Data   RW         2374    .data               pbuf.o
    0x200002bd   COMPRESSED   0x00000003   PAD
    0x200002c0   COMPRESSED   0x00000020   Data   RW         2492    .data               tcp.o
    0x200002e0   COMPRESSED   0x00000024   Data   RW         2541    .data               tcp_in.o
    0x20000304   COMPRESSED   0x0000000c   Data   RW         2582    .data               timeouts.o
    0x20000310   COMPRESSED   0x00000008   Data   RW         2619    .data               udp.o
    0x20000318   COMPRESSED   0x00000001   Data   RW         2661    .data               etharp.o
    0x20000319   COMPRESSED   0x00000001   PAD
    0x2000031a   COMPRESSED   0x00000002   Data   RW         2723    .data               ip4.o
    0x2000031c   COMPRESSED   0x00000008   Data   RW         2799    .data               ip4_frag.o
    0x20000324   COMPRESSED   0x00000001   Data   RW         2891    .data               api_msg.o
    0x20000325   COMPRESSED   0x00000003   PAD
    0x20000328   COMPRESSED   0x00000010   Data   RW         3237    .data               tcpip.o
    0x20000338   COMPRESSED   0x00000004   Data   RW         3320    .data               sys_arch.o
    0x2000033c   COMPRESSED   0x00000004   Data   RW         3385    .data               ethernetif.o
    0x20000340   COMPRESSED   0x0000000c   Data   RW         3421    .data               m480_eth.o
    0x2000034c   COMPRESSED   0x00000004   Data   RW         3754    .data               mc_w.l(errno.o)
    0x20000350        -       0x00000030   Zero   RW          323    .bss                main.o
    0x20000380        -       0x00000040   Zero   RW          950    .bss                queue.o
    0x200003c0        -       0x000000c8   Zero   RW         1066    .bss                tasks.o
    0x20000488        -       0x00000028   Zero   RW         1220    .bss                timers.o
    0x200004b0        -       0x00004000   Zero   RW         1333    .bss                heap_2.o
    0x200044b0        -       0x00000024   Zero   RW         1402    .bss                queueset.o
    0x200044d4        -       0x00000018   Zero   RW         2120    .bss                ip.o
    0x200044ec        -       0x00002723   Zero   RW         2141    .bss                mem.o
    0x20006c0f        -       0x00000083   Zero   RW         2177    .bss                memp.o
    0x20006c92        -       0x000002fb   Zero   RW         2178    .bss                memp.o
    0x20006f8d        -       0x000000e3   Zero   RW         2179    .bss                memp.o
    0x20007070        -       0x00000103   Zero   RW         2180    .bss                memp.o
    0x20007173        -       0x000000a3   Zero   RW         2181    .bss                memp.o
    0x20007216        -       0x0000016b   Zero   RW         2182    .bss                memp.o
    0x20007381        -       0x00000023   Zero   RW         2183    .bss                memp.o
    0x200073a4        -       0x000000b3   Zero   RW         2184    .bss                memp.o
    0x20007457        -       0x00000083   Zero   RW         2185    .bss                memp.o
    0x200074da        -       0x00000083   Zero   RW         2186    .bss                memp.o
    0x2000755d        -       0x00000033   Zero   RW         2187    .bss                memp.o
    0x20007590        -       0x00000103   Zero   RW         2188    .bss                memp.o
    0x20007693        -       0x00004303   Zero   RW         2189    .bss                memp.o
    0x2000b996   COMPRESSED   0x00000002   PAD
    0x2000b998        -       0x00000010   Zero   RW         2540    .bss                tcp_in.o
    0x2000b9a8        -       0x000000f0   Zero   RW         2659    .bss                etharp.o
    0x2000ba98        -       0x00003000   Zero   RW         3420    .bss                m480_eth.o
    0x2000ea98        -       0x00000800   Zero   RW          312    STACK               startup_m480.o


==============================================================================

Image component sizes


      Code (inc. data)   RO Data    RW Data    ZI Data      Debug   Object Name

      1580        576          0          0          0      21017   api_lib.o
      5736       1218          0          1          0      26861   api_msg.o
       884         56          0          0          0       4906   clk.o
         8          0          0          0          0        688   def.o
         0          0         28        225          0       9809   descriptors.o
      2228        518         65          1        240       8070   etharp.o
       392        140         12          0          0       2244   ethernet.o
       384        108          0          4          0       2850   ethernetif.o
      1200         88          0         36          0       4862   genqtest.o
       244         10          0         24      16384       5845   heap_2.o
       744         72          0          0          0       8998   hid_kb.o
       708        240          0          0          0       6020   icmp.o
       330          0          0          0          0      11890   inet_chksum.o
        34          0          0          0          0      10807   init.o
         0          0          0          0         24       5905   ip.o
       956        164          0          2          0       4090   ip4.o
        46          0          4          0          0       6906   ip4_addr.o
      2220        484          0          8          0       8674   ip4_frag.o
       138          0          0          0          0       6130   list.o
       808        124          0         12      12288       5396   m480_eth.o
      1092        324          0         19         48     156880   main.o
      1484        540          0         16      10019       5003   mem.o
       452        212        208         52      19847       9788   memp.o
       276        170          0          0          0       2408   netbuf.o
       420        114          0         12          0       6105   netif.o
      2888       1096          0          1          0      19477   pbuf.o
       268         46          0         12          0       2481   pollq.o
       758         46          0         12          0       9007   port.o
      2860         12          0          0         64      25196   queue.o
       868         38          0         64         36       6247   queueset.o
       280        130          0          4          0       3625   retarget.o
       436         76          0         18          0       3300   semtest.o
       104         20        500          0       2048        916   startup_m480.o
       604          4          0          4          0       7068   sys_arch.o
       192         20          0         44          0      20313   system_m480.o
      2756         46          0         60        200      16721   tasks.o
      4984       1168        201         32          0      25831   tcp.o
       812        424          0          0          0      29928   tcp_echoserver-netconn.o
      5848       1002          0         36         16      17705   tcp_in.o
      4566       1010         85          0          0      12595   tcp_out.o
       664        232          0         16          0       5489   tcpip.o
         0          0          0          0          0       1888   time_stamp.o
       612        176         24         12          0       4322   timeouts.o
       812         42          0         20         40       6169   timers.o
       280         34         48          0          0       1376   uart.o
      1224        166          0          8          0       8712   udp.o
      1344         50          0         76          0      12022   usbd.o

    ----------------------------------------------------------------------
     55532      10996       1216        844      61256     582540   Object Totals
         0          0         32          0          0          0   (incl. Generated)
         8          0          9         13          2          0   (incl. Padding)

    ----------------------------------------------------------------------

      Code (inc. data)   RO Data    RW Data    ZI Data      Debug   Library Member Name

        86          0          0          0          0          0   __dczerorl2.o
        28          0          0          0          0         68   _chval.o
       158          0          0          0          0         92   _strtoul.o
        26          0          0          0          0         80   atoi.o
         8          4        133          0          0         68   ctype_o.o
         0          0          0          0          0          0   entry.o
         0          0          0          0          0          0   entry10a.o
         0          0          0          0          0          0   entry11a.o
         4          0          0          0          0          0   entry12b.o
         8          4          0          0          0          0   entry2.o
         4          0          0          0          0          0   entry5.o
         0          0          0          0          0          0   entry7b.o
         0          0          0          0          0          0   entry8b.o
         8          4          0          0          0          0   entry9a.o
         8          4          0          4          0         68   errno.o
        30          0          0          0          0          0   handlers.o
        36          8          0          0          0         68   init.o
        30          0          0          0          0         68   llshl.o
        32          0          0          0          0         68   llushr.o
        26          0          0          0          0         80   memcmp.o
        36          0          0          0          0         68   memcpya.o
        36          0          0          0          0        108   memseta.o
       736         54          0          0          0        184   printf5.o
        14          0          0          0          0         68   strlen.o
        30          0          0          0          0         80   strncmp.o
       112          0          0          0          0         88   strtol.o
        98          0          0          0          0         92   uldiv.o

    ----------------------------------------------------------------------
      1560         78        136          4          0       1348   Library Totals
         6          0          3          0          0          0   (incl. Padding)

    ----------------------------------------------------------------------

      Code (inc. data)   RO Data    RW Data    ZI Data      Debug   Library Name

      1554         78        133          4          0       1348   mc_w.l

    ----------------------------------------------------------------------
      1560         78        136          4          0       1348   Library Totals

    ----------------------------------------------------------------------

==============================================================================


      Code (inc. data)   RO Data    RW Data    ZI Data      Debug   

     57092      11074       1352        848      61256     575948   Grand Totals
     57092      11074       1352        240      61256     575948   ELF Image Totals (compressed)
     57092      11074       1352        240          0          0   ROM Totals

==============================================================================

    Total RO  Size (Code + RO Data)                58444 (  57.07kB)
    Total RW  Size (RW Data + ZI Data)             62104 (  60.65kB)
    Total ROM Size (Code + RO Data + RW Data)      58684 (  57.31kB)

==============================================================================

